[    0.000000] Initializing cgroup subsys cpuset
[    0.000000] Initializing cgroup subsys cpu
[    0.000000] Initializing cgroup subsys cpuacct
[    0.000000] Linux version 3.13.0-39-lowlatency (root@devel.trisquel.info) (gcc version 4.8.2 (Ubuntu 4.8.2-19ubuntu1) ) #66+7.0trisquel2 SMP PREEMPT Wed Oct 29 17:10:10 UTC 2014 (Ubuntu 3.13.0-39.66+7.0trisquel2-lowlatency 3.13.11.8-gnu)
[    0.000000] Command line: cdrom-detect/try-usb=true persistent file=/cdrom/preseed/trisquel.seed initrd=/casper/initrd boot=casper splash quiet noprompt --
[    0.000000] KERNEL supported cpus:
[    0.000000]   Intel GenuineIntel
[    0.000000]   AMD AuthenticAMD
[    0.000000]   Centaur CentaurHauls
[    0.000000] Disabled fast string operations
[    0.000000] e820: BIOS-provided physical RAM map:
[    0.000000] BIOS-e820: [mem 0x0000000000000000-0x000000000009ebff] usable
[    0.000000] BIOS-e820: [mem 0x000000000009ec00-0x000000000009ffff] reserved
[    0.000000] BIOS-e820: [mem 0x00000000000d2000-0x00000000000d3fff] reserved
[    0.000000] BIOS-e820: [mem 0x00000000000dc000-0x00000000000fffff] reserved
[    0.000000] BIOS-e820: [mem 0x0000000000100000-0x00000000796a0fff] usable
[    0.000000] BIOS-e820: [mem 0x00000000796a1000-0x00000000796a6fff] reserved
[    0.000000] BIOS-e820: [mem 0x00000000796a7000-0x00000000797b7fff] usable
[    0.000000] BIOS-e820: [mem 0x00000000797b8000-0x000000007980efff] reserved
[    0.000000] BIOS-e820: [mem 0x000000007980f000-0x00000000798c6fff] usable
[    0.000000] BIOS-e820: [mem 0x00000000798c7000-0x00000000798d1fff] ACPI NVS
[    0.000000] BIOS-e820: [mem 0x00000000798d2000-0x00000000798d4fff] ACPI data
[    0.000000] BIOS-e820: [mem 0x00000000798d5000-0x00000000798d8fff] reserved
[    0.000000] BIOS-e820: [mem 0x00000000798d9000-0x00000000798dcfff] ACPI NVS
[    0.000000] BIOS-e820: [mem 0x00000000798dd000-0x00000000798dffff] reserved
[    0.000000] BIOS-e820: [mem 0x00000000798e0000-0x0000000079906fff] ACPI NVS
[    0.000000] BIOS-e820: [mem 0x0000000079907000-0x0000000079907fff] ACPI data
[    0.000000] BIOS-e820: [mem 0x0000000079908000-0x0000000079b0efff] reserved
[    0.000000] BIOS-e820: [mem 0x0000000079b0f000-0x0000000079b9efff] ACPI NVS
[    0.000000] BIOS-e820: [mem 0x0000000079b9f000-0x0000000079bfefff] ACPI data
[    0.000000] BIOS-e820: [mem 0x0000000079bff000-0x0000000079bfffff] usable
[    0.000000] BIOS-e820: [mem 0x0000000079c00000-0x000000007bffffff] reserved
[    0.000000] BIOS-e820: [mem 0x00000000e0000000-0x00000000efffffff] reserved
[    0.000000] BIOS-e820: [mem 0x00000000fec00000-0x00000000fec0ffff] reserved
[    0.000000] BIOS-e820: [mem 0x00000000fed00000-0x00000000fed003ff] reserved
[    0.000000] BIOS-e820: [mem 0x00000000fed10000-0x00000000fed13fff] reserved
[    0.000000] BIOS-e820: [mem 0x00000000fed18000-0x00000000fed19fff] reserved
[    0.000000] BIOS-e820: [mem 0x00000000fed1c000-0x00000000fed8ffff] reserved
[    0.000000] BIOS-e820: [mem 0x00000000fee00000-0x00000000fee00fff] reserved
[    0.000000] BIOS-e820: [mem 0x00000000ff800000-0x00000000ffffffff] reserved
[    0.000000] NX (Execute Disable) protection: active
[    0.000000] SMBIOS 2.4 present.
[    0.000000] DMI: LENOVO 2714AAG/2714AAG, BIOS 7YET83WW (3.13 ) 12/13/2010
[    0.000000] e820: update [mem 0x00000000-0x00000fff] usable ==> reserved
[    0.000000] e820: remove [mem 0x000a0000-0x000fffff] usable
[    0.000000] No AGP bridge found
[    0.000000] e820: last_pfn = 0x79c00 max_arch_pfn = 0x400000000
[    0.000000] MTRR default type: uncachable
[    0.000000] MTRR fixed ranges enabled:
[    0.000000]   00000-9FFFF write-back
[    0.000000]   A0000-BFFFF uncachable
[    0.000000]   C0000-D3FFF write-protect
[    0.000000]   D4000-DBFFF uncachable
[    0.000000]   DC000-FFFFF write-protect
[    0.000000] MTRR variable ranges enabled:
[    0.000000]   0 base 07D000000 mask FFF000000 uncachable
[    0.000000]   1 base 07E000000 mask FFE000000 uncachable
[    0.000000]   2 base 000000000 mask F80000000 write-back
[    0.000000]   3 base 079E00000 mask FFFE00000 uncachable
[    0.000000]   4 disabled
[    0.000000]   5 disabled
[    0.000000]   6 disabled
[    0.000000] x86 PAT enabled: cpu 0, old 0x7040600070406, new 0x7010600070106
[    0.000000] original variable MTRRs
[    0.000000] reg 0, base: 2000MB, range: 16MB, type UC
[    0.000000] reg 1, base: 2016MB, range: 32MB, type UC
[    0.000000] reg 2, base: 0GB, range: 2GB, type WB
[    0.000000] reg 3, base: 1950MB, range: 2MB, type UC
[    0.000000] total RAM covered: 1998M
[    0.000000]  gran_size: 64K 	chunk_size: 64K 	num_reg: 7  	lose cover RAM: 50M
[    0.000000]  gran_size: 64K 	chunk_size: 128K 	num_reg: 7  	lose cover RAM: 50M
[    0.000000]  gran_size: 64K 	chunk_size: 256K 	num_reg: 7  	lose cover RAM: 50M
[    0.000000]  gran_size: 64K 	chunk_size: 512K 	num_reg: 7  	lose cover RAM: 50M
[    0.000000]  gran_size: 64K 	chunk_size: 1M 	num_reg: 7  	lose cover RAM: 50M
[    0.000000]  gran_size: 64K 	chunk_size: 2M 	num_reg: 7  	lose cover RAM: 50M
[    0.000000]  gran_size: 64K 	chunk_size: 4M 	num_reg: 7  	lose cover RAM: 16M
[    0.000000]  gran_size: 64K 	chunk_size: 8M 	num_reg: 7  	lose cover RAM: 16M
[    0.000000]  gran_size: 64K 	chunk_size: 16M 	num_reg: 7  	lose cover RAM: 16M
[    0.000000]  gran_size: 64K 	chunk_size: 32M 	num_reg: 7  	lose cover RAM: 16M
[    0.000000]  gran_size: 64K 	chunk_size: 64M 	num_reg: 7  	lose cover RAM: 0G
[    0.000000]  gran_size: 64K 	chunk_size: 128M 	num_reg: 7  	lose cover RAM: 50M
[    0.000000]  gran_size: 64K 	chunk_size: 256M 	num_reg: 7  	lose cover RAM: 50M
[    0.000000]  gran_size: 64K 	chunk_size: 512M 	num_reg: 7  	lose cover RAM: 50M
[    0.000000]  gran_size: 64K 	chunk_size: 1G 	num_reg: 7  	lose cover RAM: 50M
[    0.000000]  gran_size: 64K 	chunk_size: 2G 	num_reg: 7  	lose cover RAM: 50M
[    0.000000]  gran_size: 128K 	chunk_size: 128K 	num_reg: 7  	lose cover RAM: 50M
[    0.000000]  gran_size: 128K 	chunk_size: 256K 	num_reg: 7  	lose cover RAM: 50M
[    0.000000]  gran_size: 128K 	chunk_size: 512K 	num_reg: 7  	lose cover RAM: 50M
[    0.000000]  gran_size: 128K 	chunk_size: 1M 	num_reg: 7  	lose cover RAM: 50M
[    0.000000]  gran_size: 128K 	chunk_size: 2M 	num_reg: 7  	lose cover RAM: 50M
[    0.000000]  gran_size: 128K 	chunk_size: 4M 	num_reg: 7  	lose cover RAM: 16M
[    0.000000]  gran_size: 128K 	chunk_size: 8M 	num_reg: 7  	lose cover RAM: 16M
[    0.000000]  gran_size: 128K 	chunk_size: 16M 	num_reg: 7  	lose cover RAM: 16M
[    0.000000]  gran_size: 128K 	chunk_size: 32M 	num_reg: 7  	lose cover RAM: 16M
[    0.000000]  gran_size: 128K 	chunk_size: 64M 	num_reg: 7  	lose cover RAM: 0G
[    0.000000]  gran_size: 128K 	chunk_size: 128M 	num_reg: 7  	lose cover RAM: 50M
[    0.000000]  gran_size: 128K 	chunk_size: 256M 	num_reg: 7  	lose cover RAM: 50M
[    0.000000]  gran_size: 128K 	chunk_size: 512M 	num_reg: 7  	lose cover RAM: 50M
[    0.000000]  gran_size: 128K 	chunk_size: 1G 	num_reg: 7  	lose cover RAM: 50M
[    0.000000]  gran_size: 128K 	chunk_size: 2G 	num_reg: 7  	lose cover RAM: 50M
[    0.000000]  gran_size: 256K 	chunk_size: 256K 	num_reg: 7  	lose cover RAM: 50M
[    0.000000]  gran_size: 256K 	chunk_size: 512K 	num_reg: 7  	lose cover RAM: 50M
[    0.000000]  gran_size: 256K 	chunk_size: 1M 	num_reg: 7  	lose cover RAM: 50M
[    0.000000]  gran_size: 256K 	chunk_size: 2M 	num_reg: 7  	lose cover RAM: 50M
[    0.000000]  gran_size: 256K 	chunk_size: 4M 	num_reg: 7  	lose cover RAM: 16M
[    0.000000]  gran_size: 256K 	chunk_size: 8M 	num_reg: 7  	lose cover RAM: 16M
[    0.000000]  gran_size: 256K 	chunk_size: 16M 	num_reg: 7  	lose cover RAM: 16M
[    0.000000]  gran_size: 256K 	chunk_size: 32M 	num_reg: 7  	lose cover RAM: 16M
[    0.000000]  gran_size: 256K 	chunk_size: 64M 	num_reg: 7  	lose cover RAM: 0G
[    0.000000]  gran_size: 256K 	chunk_size: 128M 	num_reg: 7  	lose cover RAM: 50M
[    0.000000]  gran_size: 256K 	chunk_size: 256M 	num_reg: 7  	lose cover RAM: 50M
[    0.000000]  gran_size: 256K 	chunk_size: 512M 	num_reg: 7  	lose cover RAM: 50M
[    0.000000]  gran_size: 256K 	chunk_size: 1G 	num_reg: 7  	lose cover RAM: 50M
[    0.000000]  gran_size: 256K 	chunk_size: 2G 	num_reg: 7  	lose cover RAM: 50M
[    0.000000]  gran_size: 512K 	chunk_size: 512K 	num_reg: 7  	lose cover RAM: 50M
[    0.000000]  gran_size: 512K 	chunk_size: 1M 	num_reg: 7  	lose cover RAM: 50M
[    0.000000]  gran_size: 512K 	chunk_size: 2M 	num_reg: 7  	lose cover RAM: 50M
[    0.000000]  gran_size: 512K 	chunk_size: 4M 	num_reg: 7  	lose cover RAM: 16M
[    0.000000]  gran_size: 512K 	chunk_size: 8M 	num_reg: 7  	lose cover RAM: 16M
[    0.000000]  gran_size: 512K 	chunk_size: 16M 	num_reg: 7  	lose cover RAM: 16M
[    0.000000]  gran_size: 512K 	chunk_size: 32M 	num_reg: 7  	lose cover RAM: 16M
[    0.000000]  gran_size: 512K 	chunk_size: 64M 	num_reg: 7  	lose cover RAM: 0G
[    0.000000]  gran_size: 512K 	chunk_size: 128M 	num_reg: 7  	lose cover RAM: 50M
[    0.000000]  gran_size: 512K 	chunk_size: 256M 	num_reg: 7  	lose cover RAM: 50M
[    0.000000]  gran_size: 512K 	chunk_size: 512M 	num_reg: 7  	lose cover RAM: 50M
[    0.000000]  gran_size: 512K 	chunk_size: 1G 	num_reg: 7  	lose cover RAM: 50M
[    0.000000]  gran_size: 512K 	chunk_size: 2G 	num_reg: 7  	lose cover RAM: 50M
[    0.000000]  gran_size: 1M 	chunk_size: 1M 	num_reg: 7  	lose cover RAM: 50M
[    0.000000]  gran_size: 1M 	chunk_size: 2M 	num_reg: 7  	lose cover RAM: 50M
[    0.000000]  gran_size: 1M 	chunk_size: 4M 	num_reg: 7  	lose cover RAM: 16M
[    0.000000]  gran_size: 1M 	chunk_size: 8M 	num_reg: 7  	lose cover RAM: 16M
[    0.000000]  gran_size: 1M 	chunk_size: 16M 	num_reg: 7  	lose cover RAM: 16M
[    0.000000]  gran_size: 1M 	chunk_size: 32M 	num_reg: 7  	lose cover RAM: 16M
[    0.000000]  gran_size: 1M 	chunk_size: 64M 	num_reg: 7  	lose cover RAM: 0G
[    0.000000]  gran_size: 1M 	chunk_size: 128M 	num_reg: 7  	lose cover RAM: 50M
[    0.000000]  gran_size: 1M 	chunk_size: 256M 	num_reg: 7  	lose cover RAM: 50M
[    0.000000]  gran_size: 1M 	chunk_size: 512M 	num_reg: 7  	lose cover RAM: 50M
[    0.000000]  gran_size: 1M 	chunk_size: 1G 	num_reg: 7  	lose cover RAM: 50M
[    0.000000]  gran_size: 1M 	chunk_size: 2G 	num_reg: 7  	lose cover RAM: 50M
[    0.000000]  gran_size: 2M 	chunk_size: 2M 	num_reg: 7  	lose cover RAM: 50M
[    0.000000]  gran_size: 2M 	chunk_size: 4M 	num_reg: 7  	lose cover RAM: 16M
[    0.000000]  gran_size: 2M 	chunk_size: 8M 	num_reg: 7  	lose cover RAM: 16M
[    0.000000]  gran_size: 2M 	chunk_size: 16M 	num_reg: 7  	lose cover RAM: 16M
[    0.000000]  gran_size: 2M 	chunk_size: 32M 	num_reg: 7  	lose cover RAM: 16M
[    0.000000]  gran_size: 2M 	chunk_size: 64M 	num_reg: 7  	lose cover RAM: 0G
[    0.000000]  gran_size: 2M 	chunk_size: 128M 	num_reg: 7  	lose cover RAM: 50M
[    0.000000]  gran_size: 2M 	chunk_size: 256M 	num_reg: 7  	lose cover RAM: 50M
[    0.000000]  gran_size: 2M 	chunk_size: 512M 	num_reg: 7  	lose cover RAM: 50M
[    0.000000]  gran_size: 2M 	chunk_size: 1G 	num_reg: 7  	lose cover RAM: 50M
[    0.000000]  gran_size: 2M 	chunk_size: 2G 	num_reg: 7  	lose cover RAM: 50M
[    0.000000]  gran_size: 4M 	chunk_size: 4M 	num_reg: 7  	lose cover RAM: 50M
[    0.000000]  gran_size: 4M 	chunk_size: 8M 	num_reg: 7  	lose cover RAM: 18M
[    0.000000]  gran_size: 4M 	chunk_size: 16M 	num_reg: 7  	lose cover RAM: 18M
[    0.000000]  gran_size: 4M 	chunk_size: 32M 	num_reg: 7  	lose cover RAM: 18M
[    0.000000]  gran_size: 4M 	chunk_size: 64M 	num_reg: 7  	lose cover RAM: 2M
[    0.000000]  gran_size: 4M 	chunk_size: 128M 	num_reg: 7  	lose cover RAM: 50M
[    0.000000]  gran_size: 4M 	chunk_size: 256M 	num_reg: 7  	lose cover RAM: 50M
[    0.000000]  gran_size: 4M 	chunk_size: 512M 	num_reg: 7  	lose cover RAM: 50M
[    0.000000]  gran_size: 4M 	chunk_size: 1G 	num_reg: 7  	lose cover RAM: 50M
[    0.000000]  gran_size: 4M 	chunk_size: 2G 	num_reg: 7  	lose cover RAM: 50M
[    0.000000]  gran_size: 8M 	chunk_size: 8M 	num_reg: 7  	lose cover RAM: 22M
[    0.000000]  gran_size: 8M 	chunk_size: 16M 	num_reg: 7  	lose cover RAM: 22M
[    0.000000]  gran_size: 8M 	chunk_size: 32M 	num_reg: 7  	lose cover RAM: 22M
[    0.000000]  gran_size: 8M 	chunk_size: 64M 	num_reg: 7  	lose cover RAM: 6M
[    0.000000]  gran_size: 8M 	chunk_size: 128M 	num_reg: 7  	lose cover RAM: 22M
[    0.000000]  gran_size: 8M 	chunk_size: 256M 	num_reg: 7  	lose cover RAM: 22M
[    0.000000]  gran_size: 8M 	chunk_size: 512M 	num_reg: 7  	lose cover RAM: 22M
[    0.000000]  gran_size: 8M 	chunk_size: 1G 	num_reg: 7  	lose cover RAM: 22M
[    0.000000]  gran_size: 8M 	chunk_size: 2G 	num_reg: 7  	lose cover RAM: 22M
[    0.000000]  gran_size: 16M 	chunk_size: 16M 	num_reg: 7  	lose cover RAM: 14M
[    0.000000]  gran_size: 16M 	chunk_size: 32M 	num_reg: 7  	lose cover RAM: 30M
[    0.000000]  gran_size: 16M 	chunk_size: 64M 	num_reg: 7  	lose cover RAM: 14M
[    0.000000]  gran_size: 16M 	chunk_size: 128M 	num_reg: 7  	lose cover RAM: 14M
[    0.000000]  gran_size: 16M 	chunk_size: 256M 	num_reg: 7  	lose cover RAM: 14M
[    0.000000]  gran_size: 16M 	chunk_size: 512M 	num_reg: 7  	lose cover RAM: 14M
[    0.000000]  gran_size: 16M 	chunk_size: 1G 	num_reg: 7  	lose cover RAM: 14M
[    0.000000]  gran_size: 16M 	chunk_size: 2G 	num_reg: 7  	lose cover RAM: 14M
[    0.000000]  gran_size: 32M 	chunk_size: 32M 	num_reg: 5  	lose cover RAM: 46M
[    0.000000]  gran_size: 32M 	chunk_size: 64M 	num_reg: 5  	lose cover RAM: 46M
[    0.000000]  gran_size: 32M 	chunk_size: 128M 	num_reg: 5  	lose cover RAM: 46M
[    0.000000]  gran_size: 32M 	chunk_size: 256M 	num_reg: 5  	lose cover RAM: 46M
[    0.000000]  gran_size: 32M 	chunk_size: 512M 	num_reg: 5  	lose cover RAM: 46M
[    0.000000]  gran_size: 32M 	chunk_size: 1G 	num_reg: 5  	lose cover RAM: 46M
[    0.000000]  gran_size: 32M 	chunk_size: 2G 	num_reg: 5  	lose cover RAM: 46M
[    0.000000]  gran_size: 64M 	chunk_size: 64M 	num_reg: 4  	lose cover RAM: 78M
[    0.000000]  gran_size: 64M 	chunk_size: 128M 	num_reg: 4  	lose cover RAM: 78M
[    0.000000]  gran_size: 64M 	chunk_size: 256M 	num_reg: 4  	lose cover RAM: 78M
[    0.000000]  gran_size: 64M 	chunk_size: 512M 	num_reg: 4  	lose cover RAM: 78M
[    0.000000]  gran_size: 64M 	chunk_size: 1G 	num_reg: 4  	lose cover RAM: 78M
[    0.000000]  gran_size: 64M 	chunk_size: 2G 	num_reg: 4  	lose cover RAM: 78M
[    0.000000]  gran_size: 128M 	chunk_size: 128M 	num_reg: 4  	lose cover RAM: 78M
[    0.000000]  gran_size: 128M 	chunk_size: 256M 	num_reg: 4  	lose cover RAM: 78M
[    0.000000]  gran_size: 128M 	chunk_size: 512M 	num_reg: 4  	lose cover RAM: 78M
[    0.000000]  gran_size: 128M 	chunk_size: 1G 	num_reg: 4  	lose cover RAM: 78M
[    0.000000]  gran_size: 128M 	chunk_size: 2G 	num_reg: 4  	lose cover RAM: 78M
[    0.000000]  gran_size: 256M 	chunk_size: 256M 	num_reg: 3  	lose cover RAM: 206M
[    0.000000]  gran_size: 256M 	chunk_size: 512M 	num_reg: 3  	lose cover RAM: 206M
[    0.000000]  gran_size: 256M 	chunk_size: 1G 	num_reg: 3  	lose cover RAM: 206M
[    0.000000]  gran_size: 256M 	chunk_size: 2G 	num_reg: 3  	lose cover RAM: 206M
[    0.000000]  gran_size: 512M 	chunk_size: 512M 	num_reg: 2  	lose cover RAM: 462M
[    0.000000]  gran_size: 512M 	chunk_size: 1G 	num_reg: 2  	lose cover RAM: 462M
[    0.000000]  gran_size: 512M 	chunk_size: 2G 	num_reg: 2  	lose cover RAM: 462M
[    0.000000]  gran_size: 1G 	chunk_size: 1G 	num_reg: 1  	lose cover RAM: 974M
[    0.000000]  gran_size: 1G 	chunk_size: 2G 	num_reg: 1  	lose cover RAM: 974M
[    0.000000]  gran_size: 2G 	chunk_size: 2G 	num_reg: 0  	lose cover RAM: 1998M
[    0.000000] mtrr_cleanup: can not find optimal value
[    0.000000] please specify mtrr_gran_size/mtrr_chunk_size
[    0.000000] e820: update [mem 0x79e00000-0x79ffffff] usable ==> reserved
[    0.000000] found SMP MP-table at [mem 0x000f6520-0x000f652f] mapped at [ffff8800000f6520]
[    0.000000] Scanning 1 areas for low memory corruption
[    0.000000] Base memory trampoline at [ffff880000098000] 98000 size 24576
[    0.000000] init_memory_mapping: [mem 0x00000000-0x000fffff]
[    0.000000]  [mem 0x00000000-0x000fffff] page 4k
[    0.000000] BRK [0x01fd9000, 0x01fd9fff] PGTABLE
[    0.000000] BRK [0x01fda000, 0x01fdafff] PGTABLE
[    0.000000] BRK [0x01fdb000, 0x01fdbfff] PGTABLE
[    0.000000] init_memory_mapping: [mem 0x78400000-0x785fffff]
[    0.000000]  [mem 0x78400000-0x785fffff] page 2M
[    0.000000] BRK [0x01fdc000, 0x01fdcfff] PGTABLE
[    0.000000] init_memory_mapping: [mem 0x78000000-0x783fffff]
[    0.000000]  [mem 0x78000000-0x783fffff] page 2M
[    0.000000] init_memory_mapping: [mem 0x00100000-0x77ffffff]
[    0.000000]  [mem 0x00100000-0x001fffff] page 4k
[    0.000000]  [mem 0x00200000-0x77ffffff] page 2M
[    0.000000] init_memory_mapping: [mem 0x78600000-0x796a0fff]
[    0.000000]  [mem 0x78600000-0x795fffff] page 2M
[    0.000000]  [mem 0x79600000-0x796a0fff] page 4k
[    0.000000] BRK [0x01fdd000, 0x01fddfff] PGTABLE
[    0.000000] init_memory_mapping: [mem 0x796a7000-0x797b7fff]
[    0.000000]  [mem 0x796a7000-0x797b7fff] page 4k
[    0.000000] init_memory_mapping: [mem 0x7980f000-0x798c6fff]
[    0.000000]  [mem 0x7980f000-0x798c6fff] page 4k
[    0.000000] BRK [0x01fde000, 0x01fdefff] PGTABLE
[    0.000000] init_memory_mapping: [mem 0x79bff000-0x79bfffff]
[    0.000000]  [mem 0x79bff000-0x79bfffff] page 4k
[    0.000000] RAMDISK: [mem 0x78627000-0x796a0fff]
[    0.000000] ACPI: RSDP 00000000000f64e0 000024 (v02 LENOVO)
[    0.000000] ACPI: XSDT 0000000079b5a1c8 00008C (v01 LENOVO TP-7Y    00003130  LTP 00000000)
[    0.000000] ACPI: FACP 0000000079b5a300 0000F4 (v03 LENOVO TP-7Y    00003130 LNVO 00000001)
[    0.000000] ACPI: DSDT 0000000079b5a6db 00F54E (v01 LENOVO TP-7Y    00003130 MSFT 03000000)
[    0.000000] ACPI: FACS 0000000079b8e000 000040
[    0.000000] ACPI: SSDT 0000000079b5a4b4 000227 (v01 LENOVO TP-7Y    00003130 MSFT 03000000)
[    0.000000] ACPI: ECDT 0000000079b69c29 000052 (v01 LENOVO TP-7Y    00003130 LNVO 00000001)
[    0.000000] ACPI: APIC 0000000079b69c7b 000078 (v01 LENOVO TP-7Y    00003130 LNVO 00000001)
[    0.000000] ACPI: MCFG 0000000079b69cf3 00003C (v01 LENOVO TP-7Y    00003130 LNVO 00000001)
[    0.000000] ACPI: HPET 0000000079b69d2f 000038 (v01 LENOVO TP-7Y    00003130 LNVO 00000001)
[    0.000000] ACPI: SLIC 0000000079b69e62 000176 (v01 LENOVO TP-7Y    00003130  LTP 00000000)
[    0.000000] ACPI: BOOT 0000000079b69fd8 000028 (v01 LENOVO TP-7Y    00003130  LTP 00000001)
[    0.000000] ACPI: SSDT 0000000079b8d1fa 000568 (v01 LENOVO TP-7Y    00003130 INTL 20050513)
[    0.000000] ACPI: TCPA 0000000079907000 000032 (v00                 00000000      00000000)
[    0.000000] ACPI: SSDT 00000000798d4000 000655 (v01  PmRef    CpuPm 00003000 INTL 20050624)
[    0.000000] ACPI: SSDT 00000000798d3000 000274 (v01  PmRef  Cpu0Tst 00003000 INTL 20050624)
[    0.000000] ACPI: SSDT 00000000798d2000 000242 (v01  PmRef    ApTst 00003000 INTL 20050624)
[    0.000000] ACPI: Local APIC address 0xfee00000
[    0.000000] No NUMA configuration found
[    0.000000] Faking a node at [mem 0x0000000000000000-0x0000000079bfffff]
[    0.000000] Initmem setup node 0 [mem 0x00000000-0x79bfffff]
[    0.000000]   NODE_DATA [mem 0x798c1000-0x798c5fff]
[    0.000000]  [ffffea0000000000-ffffea0001ffffff] PMD -> [ffff880075e00000-ffff880077dfffff] on node 0
[    0.000000] Zone ranges:
[    0.000000]   DMA      [mem 0x00001000-0x00ffffff]
[    0.000000]   DMA32    [mem 0x01000000-0xffffffff]
[    0.000000]   Normal   empty
[    0.000000] Movable zone start for each node
[    0.000000] Early memory node ranges
[    0.000000]   node   0: [mem 0x00001000-0x0009dfff]
[    0.000000]   node   0: [mem 0x00100000-0x796a0fff]
[    0.000000]   node   0: [mem 0x796a7000-0x797b7fff]
[    0.000000]   node   0: [mem 0x7980f000-0x798c6fff]
[    0.000000]   node   0: [mem 0x79bff000-0x79bfffff]
[    0.000000] On node 0 totalpages: 497672
[    0.000000]   DMA zone: 64 pages used for memmap
[    0.000000]   DMA zone: 21 pages reserved
[    0.000000]   DMA zone: 3997 pages, LIFO batch:0
[    0.000000]   DMA32 zone: 7728 pages used for memmap
[    0.000000]   DMA32 zone: 493675 pages, LIFO batch:31
[    0.000000] ACPI: PM-Timer IO Port: 0x1008
[    0.000000] ACPI: Local APIC address 0xfee00000
[    0.000000] ACPI: LAPIC (acpi_id[0x00] lapic_id[0x00] enabled)
[    0.000000] ACPI: LAPIC (acpi_id[0x01] lapic_id[0x01] enabled)
[    0.000000] ACPI: LAPIC (acpi_id[0x02] lapic_id[0x02] disabled)
[    0.000000] ACPI: LAPIC (acpi_id[0x03] lapic_id[0x03] disabled)
[    0.000000] ACPI: LAPIC_NMI (acpi_id[0x00] high edge lint[0x1])
[    0.000000] ACPI: LAPIC_NMI (acpi_id[0x01] high edge lint[0x1])
[    0.000000] ACPI: IOAPIC (id[0x01] address[0xfec00000] gsi_base[0])
[    0.000000] IOAPIC[0]: apic_id 1, version 32, address 0xfec00000, GSI 0-23
[    0.000000] ACPI: INT_SRC_OVR (bus 0 bus_irq 0 global_irq 2 dfl dfl)
[    0.000000] ACPI: INT_SRC_OVR (bus 0 bus_irq 9 global_irq 9 high level)
[    0.000000] ACPI: IRQ0 used by override.
[    0.000000] ACPI: IRQ2 used by override.
[    0.000000] ACPI: IRQ9 used by override.
[    0.000000] Using ACPI (MADT) for SMP configuration information
[    0.000000] ACPI: HPET id: 0x8086a201 base: 0xfed00000
[    0.000000] smpboot: Allowing 4 CPUs, 2 hotplug CPUs
[    0.000000] nr_irqs_gsi: 40
[    0.000000] PM: Registered nosave memory: [mem 0x0009e000-0x0009efff]
[    0.000000] PM: Registered nosave memory: [mem 0x0009f000-0x0009ffff]
[    0.000000] PM: Registered nosave memory: [mem 0x000a0000-0x000d1fff]
[    0.000000] PM: Registered nosave memory: [mem 0x000d2000-0x000d3fff]
[    0.000000] PM: Registered nosave memory: [mem 0x000d4000-0x000dbfff]
[    0.000000] PM: Registered nosave memory: [mem 0x000dc000-0x000fffff]
[    0.000000] PM: Registered nosave memory: [mem 0x796a1000-0x796a6fff]
[    0.000000] PM: Registered nosave memory: [mem 0x797b8000-0x7980efff]
[    0.000000] PM: Registered nosave memory: [mem 0x798c7000-0x798d1fff]
[    0.000000] PM: Registered nosave memory: [mem 0x798d2000-0x798d4fff]
[    0.000000] PM: Registered nosave memory: [mem 0x798d5000-0x798d8fff]
[    0.000000] PM: Registered nosave memory: [mem 0x798d9000-0x798dcfff]
[    0.000000] PM: Registered nosave memory: [mem 0x798dd000-0x798dffff]
[    0.000000] PM: Registered nosave memory: [mem 0x798e0000-0x79906fff]
[    0.000000] PM: Registered nosave memory: [mem 0x79907000-0x79907fff]
[    0.000000] PM: Registered nosave memory: [mem 0x79908000-0x79b0efff]
[    0.000000] PM: Registered nosave memory: [mem 0x79b0f000-0x79b9efff]
[    0.000000] PM: Registered nosave memory: [mem 0x79b9f000-0x79bfefff]
[    0.000000] e820: [mem 0x7c000000-0xdfffffff] available for PCI devices
[    0.000000] Booting paravirtualized kernel on bare hardware
[    0.000000] setup_percpu: NR_CPUS:256 nr_cpumask_bits:256 nr_cpu_ids:4 nr_node_ids:1
[    0.000000] PERCPU: Embedded 29 pages/cpu @ffff880078400000 s86848 r8192 d23744 u524288
[    0.000000] pcpu-alloc: s86848 r8192 d23744 u524288 alloc=1*2097152
[    0.000000] pcpu-alloc: [0] 0 1 2 3 
[    0.000000] Built 1 zonelists in Node order, mobility grouping on.  Total pages: 489859
[    0.000000] Policy zone: DMA32
[    0.000000] Kernel command line: cdrom-detect/try-usb=true persistent file=/cdrom/preseed/trisquel.seed initrd=/casper/initrd boot=casper splash quiet noprompt --
[    0.000000] PID hash table entries: 4096 (order: 3, 32768 bytes)
[    0.000000] xsave: enabled xstate_bv 0x3, cntxt size 0x240
[    0.000000] Checking aperture...
[    0.000000] No AGP bridge found
[    0.000000] Calgary: detecting Calgary via BIOS EBDA area
[    0.000000] Calgary: Unable to locate Rio Grande table in EBDA - bailing!
[    0.000000] Memory: 1923972K/1990688K available (7418K kernel code, 1135K rwdata, 3420K rodata, 1324K init, 1444K bss, 66716K reserved)
[    0.000000] SLUB: HWalign=64, Order=0-3, MinObjects=0, CPUs=4, Nodes=1
[    0.000000] Preemptible hierarchical RCU implementation.
[    0.000000] 	RCU dyntick-idle grace-period acceleration is enabled.
[    0.000000] 	Dump stacks of tasks blocking RCU-preempt GP.
[    0.000000] 	RCU restricting CPUs from NR_CPUS=256 to nr_cpu_ids=4.
[    0.000000] 	Offload RCU callbacks from all CPUs
[    0.000000] 	Offload RCU callbacks from CPUs: 0-3.
[    0.000000] NR_IRQS:16640 nr_irqs:712 16
[    0.000000] Console: colour VGA+ 80x25
[    0.000000] console [tty0] enabled
[    0.000000] allocated 8388608 bytes of page_cgroup
[    0.000000] please try 'cgroup_disable=memory' option if you don't want memory cgroups
[    0.000000] hpet clockevent registered
[    0.000000] tsc: Fast TSC calibration using PIT
[    0.000000] tsc: Detected 2194.564 MHz processor
[    0.001004] Calibrating delay loop (skipped), value calculated using timer frequency.. 4389.12 BogoMIPS (lpj=2194564)
[    0.001009] pid_max: default: 32768 minimum: 301
[    0.002014] Security Framework initialized
[    0.002044] AppArmor: AppArmor initialized
[    0.002045] Yama: becoming mindful.
[    0.002283] Dentry cache hash table entries: 262144 (order: 9, 2097152 bytes)
[    0.003515] Inode-cache hash table entries: 131072 (order: 8, 1048576 bytes)
[    0.004240] Mount-cache hash table entries: 4096 (order: 3, 32768 bytes)
[    0.004245] Mountpoint-cache hash table entries: 4096 (order: 3, 32768 bytes)
[    0.004587] Initializing cgroup subsys memory
[    0.004598] Initializing cgroup subsys devices
[    0.004601] Initializing cgroup subsys freezer
[    0.004604] Initializing cgroup subsys blkio
[    0.004606] Initializing cgroup subsys bfqio
[    0.004609] Initializing cgroup subsys perf_event
[    0.004612] Initializing cgroup subsys hugetlb
[    0.004636] Disabled fast string operations
[    0.004642] CPU: Physical Processor ID: 0
[    0.004643] CPU: Processor Core ID: 0
[    0.004646] mce: CPU supports 6 MCE banks
[    0.004654] CPU0: Thermal monitoring enabled (TM2)
[    0.004663] Last level iTLB entries: 4KB 128, 2MB 4, 4MB 4
[    0.004663] Last level dTLB entries: 4KB 256, 2MB 0, 4MB 32
[    0.004663] tlb_flushall_shift: -1
[    0.004754] Freeing SMP alternatives memory: 24K (ffffffff81e68000 - ffffffff81e6e000)
[    0.005661] ACPI: Core revision 20131115
[    0.013218] ACPI: All ACPI Tables successfully acquired
[    0.014012] ftrace: allocating 28647 entries in 112 pages
[    0.023392] ..TIMER: vector=0x30 apic1=0 pin1=2 apic2=-1 pin2=-1
[    0.033408] smpboot: CPU0: Intel(R) Core(TM)2 Duo CPU     T6670  @ 2.20GHz (fam: 06, model: 17, stepping: 0a)
[    0.034000] Performance Events: PEBS fmt0+, 4-deep LBR, Core2 events, Intel PMU driver.
[    0.034000] ... version:                2
[    0.034000] ... bit width:              40
[    0.034000] ... generic registers:      2
[    0.034000] ... value mask:             000000ffffffffff
[    0.034000] ... max period:             000000007fffffff
[    0.034000] ... fixed-purpose events:   3
[    0.034000] ... event mask:             0000000700000003
[    0.043077] x86: Booting SMP configuration:
[    0.041030] Disabled fast string operations
[    0.055134] NMI watchdog: enabled on all CPUs, permanently consumes one hw-PMU counter.
[    0.043080] .... node  #0, CPUs:      #1
[    0.055149] x86: Booted up 1 node, 2 CPUs
[    0.055151] smpboot: Total of 2 processors activated (8778.25 BogoMIPS)
[    0.056160] devtmpfs: initialized
[    0.062141] EVM: security.selinux
[    0.062143] EVM: security.SMACK64
[    0.062144] EVM: security.ima
[    0.062145] EVM: security.capability
[    0.062169] PM: Registering ACPI NVS region [mem 0x798c7000-0x798d1fff] (45056 bytes)
[    0.062169] PM: Registering ACPI NVS region [mem 0x798d9000-0x798dcfff] (16384 bytes)
[    0.062169] PM: Registering ACPI NVS region [mem 0x798e0000-0x79906fff] (159744 bytes)
[    0.062169] PM: Registering ACPI NVS region [mem 0x79b0f000-0x79b9efff] (589824 bytes)
[    0.063247] pinctrl core: initialized pinctrl subsystem
[    0.063317] regulator-dummy: no parameters
[    0.063357] RTC time: 17:05:03, date: 08/04/15
[    0.063398] NET: Registered protocol family 16
[    0.063544] cpuidle: using governor ladder
[    0.063546] cpuidle: using governor menu
[    0.063597] ACPI FADT declares the system doesn't support PCIe ASPM, so disable it
[    0.063599] ACPI: bus type PCI registered
[    0.063601] acpiphp: ACPI Hot Plug PCI Controller Driver version: 0.5
[    0.063665] PCI: MMCONFIG for domain 0000 [bus 00-3f] at [mem 0xe0000000-0xe3ffffff] (base 0xe0000000)
[    0.063668] PCI: MMCONFIG at [mem 0xe0000000-0xe3ffffff] reserved in E820
[    0.072120] PCI: Using configuration type 1 for base access
[    0.073162] bio: create slab <bio-0> at 0
[    0.073162] ACPI: Added _OSI(Module Device)
[    0.073162] ACPI: Added _OSI(Processor Device)
[    0.073162] ACPI: Added _OSI(3.0 _SCP Extensions)
[    0.073162] ACPI: Added _OSI(Processor Aggregator Device)
[    0.075032] ACPI : EC: EC description table is found, configuring boot EC
[    0.080466] [Firmware Bug]: ACPI: BIOS _OSI(Linux) query ignored
[    0.087834] ACPI: SSDT 00000000798d7c20 0002C8 (v01  PmRef  Cpu0Ist 00003000 INTL 20050624)
[    0.088284] ACPI: Dynamic OEM Table Load:
[    0.088287] ACPI: SSDT           (null) 0002C8 (v01  PmRef  Cpu0Ist 00003000 INTL 20050624)
[    0.088415] ACPI: SSDT 00000000798d5020 00087A (v01  PmRef  Cpu0Cst 00003001 INTL 20050624)
[    0.088882] ACPI: Dynamic OEM Table Load:
[    0.088884] ACPI: SSDT           (null) 00087A (v01  PmRef  Cpu0Cst 00003001 INTL 20050624)
[    0.092215] ACPI: SSDT 00000000798d6ca0 0001CF (v01  PmRef    ApIst 00003000 INTL 20050624)
[    0.092673] ACPI: Dynamic OEM Table Load:
[    0.092675] ACPI: SSDT           (null) 0001CF (v01  PmRef    ApIst 00003000 INTL 20050624)
[    0.094069] ACPI: SSDT 00000000798d6f20 00008D (v01  PmRef    ApCst 00003000 INTL 20050624)
[    0.094511] ACPI: Dynamic OEM Table Load:
[    0.094514] ACPI: SSDT           (null) 00008D (v01  PmRef    ApCst 00003000 INTL 20050624)
[    0.097157] ACPI: Interpreter enabled
[    0.097164] ACPI Exception: AE_NOT_FOUND, While evaluating Sleep State [\_S1_] (20131115/hwxface-580)
[    0.097168] ACPI Exception: AE_NOT_FOUND, While evaluating Sleep State [\_S2_] (20131115/hwxface-580)
[    0.097183] ACPI: (supports S0 S3 S4 S5)
[    0.097185] ACPI: Using IOAPIC for interrupt routing
[    0.097210] PCI: Using host bridge windows from ACPI; if necessary, use "pci=nocrs" and report a bug
[    0.098618] ACPI: ACPI Dock Station Driver: 3 docks/bays found
[    0.106217] ACPI: Power Resource [PUBS] (on)
[    0.112831] ACPI: PCI Interrupt Link [LNKA] (IRQs 3 4 5 6 7 9 10 *11)
[    0.112929] ACPI: PCI Interrupt Link [LNKB] (IRQs 3 4 5 6 7 9 10 *11)
[    0.113035] ACPI: PCI Interrupt Link [LNKC] (IRQs 3 4 5 6 7 9 10 *11)
[    0.113131] ACPI: PCI Interrupt Link [LNKD] (IRQs 3 4 5 6 7 9 10 *11)
[    0.113226] ACPI: PCI Interrupt Link [LNKE] (IRQs 3 4 5 6 7 9 10 *11)
[    0.113322] ACPI: PCI Interrupt Link [LNKF] (IRQs 3 4 5 6 7 9 10 *11)
[    0.113417] ACPI: PCI Interrupt Link [LNKG] (IRQs 3 4 5 6 7 9 10 *11)
[    0.113513] ACPI: PCI Interrupt Link [LNKH] (IRQs 3 4 5 6 7 9 10 *11)
[    0.113570] ACPI: PCI Root Bridge [PCI0] (domain 0000 [bus 00-ff])
[    0.113577] acpi PNP0A08:00: _OSC: OS supports [ExtendedConfig ASPM ClockPM Segments MSI]
[    0.114067] acpi PNP0A08:00: _OSC: OS now controls [PCIeHotplug PME AER PCIeCapability]
[    0.114101] acpi PNP0A08:00: [Firmware Info]: MMCONFIG for domain 0000 [bus 00-3f] only partially covers this bridge
[    0.114291] PCI host bridge to bus 0000:00
[    0.114294] pci_bus 0000:00: root bus resource [bus 00-ff]
[    0.114297] pci_bus 0000:00: root bus resource [io  0x0000-0x0cf7]
[    0.114299] pci_bus 0000:00: root bus resource [io  0x0d00-0xffff]
[    0.114301] pci_bus 0000:00: root bus resource [mem 0x000a0000-0x000bffff]
[    0.114302] pci_bus 0000:00: root bus resource [mem 0x000d4000-0x000d7fff]
[    0.114304] pci_bus 0000:00: root bus resource [mem 0x000d8000-0x000dbfff]
[    0.114306] pci_bus 0000:00: root bus resource [mem 0x7c000000-0xfebfffff]
[    0.114316] pci 0000:00:00.0: [8086:2a40] type 00 class 0x060000
[    0.114340] DMAR: Forcing write-buffer flush capability
[    0.114342] DMAR: Disabling IOMMU for graphics on this chipset
[    0.114423] pci 0000:00:02.0: [8086:2a42] type 00 class 0x030000
[    0.114438] pci 0000:00:02.0: reg 0x10: [mem 0xf4400000-0xf47fffff 64bit]
[    0.114446] pci 0000:00:02.0: reg 0x18: [mem 0xd0000000-0xdfffffff 64bit pref]
[    0.114453] pci 0000:00:02.0: reg 0x20: [io  0x1800-0x1807]
[    0.114544] pci 0000:00:02.1: [8086:2a43] type 00 class 0x038000
[    0.114556] pci 0000:00:02.1: reg 0x10: [mem 0xf4200000-0xf42fffff 64bit]
[    0.114663] pci 0000:00:03.0: [8086:2a44] type 00 class 0x078000
[    0.114681] pci 0000:00:03.0: reg 0x10: [mem 0xfc204800-0xfc20480f 64bit]
[    0.114737] pci 0000:00:03.0: PME# supported from D0 D3hot D3cold
[    0.114855] pci 0000:00:1a.0: [8086:2937] type 00 class 0x0c0300
[    0.114916] pci 0000:00:1a.0: reg 0x20: [io  0x1820-0x183f]
[    0.115037] pci 0000:00:1a.0: System wakeup disabled by ACPI
[    0.115081] pci 0000:00:1a.1: [8086:2938] type 00 class 0x0c0300
[    0.115141] pci 0000:00:1a.1: reg 0x20: [io  0x1840-0x185f]
[    0.115266] pci 0000:00:1a.2: [8086:2939] type 00 class 0x0c0300
[    0.115326] pci 0000:00:1a.2: reg 0x20: [io  0x1860-0x187f]
[    0.115437] pci 0000:00:1a.2: System wakeup disabled by ACPI
[    0.115489] pci 0000:00:1a.7: [8086:293c] type 00 class 0x0c0320
[    0.115516] pci 0000:00:1a.7: reg 0x10: [mem 0xfc204c00-0xfc204fff]
[    0.115633] pci 0000:00:1a.7: PME# supported from D0 D3hot D3cold
[    0.115685] pci 0000:00:1a.7: System wakeup disabled by ACPI
[    0.115731] pci 0000:00:1b.0: [8086:293e] type 00 class 0x040300
[    0.115753] pci 0000:00:1b.0: reg 0x10: [mem 0xfc000000-0xfc003fff 64bit]
[    0.115857] pci 0000:00:1b.0: PME# supported from D0 D3hot D3cold
[    0.115915] pci 0000:00:1b.0: System wakeup disabled by ACPI
[    0.115955] pci 0000:00:1c.0: [8086:2940] type 01 class 0x060400
[    0.116070] pci 0000:00:1c.0: PME# supported from D0 D3hot D3cold
[    0.116127] pci 0000:00:1c.0: System wakeup disabled by ACPI
[    0.116170] pci 0000:00:1c.1: [8086:2942] type 01 class 0x060400
[    0.116280] pci 0000:00:1c.1: PME# supported from D0 D3hot D3cold
[    0.116337] pci 0000:00:1c.1: System wakeup disabled by ACPI
[    0.116378] pci 0000:00:1c.3: [8086:2946] type 01 class 0x060400
[    0.116487] pci 0000:00:1c.3: PME# supported from D0 D3hot D3cold
[    0.116545] pci 0000:00:1c.3: System wakeup disabled by ACPI
[    0.116585] pci 0000:00:1c.4: [8086:2948] type 01 class 0x060400
[    0.116694] pci 0000:00:1c.4: PME# supported from D0 D3hot D3cold
[    0.116749] pci 0000:00:1c.4: System wakeup disabled by ACPI
[    0.116790] pci 0000:00:1c.5: [8086:294a] type 01 class 0x060400
[    0.116899] pci 0000:00:1c.5: PME# supported from D0 D3hot D3cold
[    0.116955] pci 0000:00:1c.5: System wakeup disabled by ACPI
[    0.116997] pci 0000:00:1d.0: [8086:2934] type 00 class 0x0c0300
[    0.117064] pci 0000:00:1d.0: reg 0x20: [io  0x1880-0x189f]
[    0.117174] pci 0000:00:1d.0: System wakeup disabled by ACPI
[    0.117221] pci 0000:00:1d.1: [8086:2935] type 00 class 0x0c0300
[    0.117281] pci 0000:00:1d.1: reg 0x20: [io  0x18a0-0x18bf]
[    0.117406] pci 0000:00:1d.2: [8086:2936] type 00 class 0x0c0300
[    0.117466] pci 0000:00:1d.2: reg 0x20: [io  0x18c0-0x18df]
[    0.117602] pci 0000:00:1d.7: [8086:293a] type 00 class 0x0c0320
[    0.117629] pci 0000:00:1d.7: reg 0x10: [mem 0xfc205000-0xfc2053ff]
[    0.117747] pci 0000:00:1d.7: PME# supported from D0 D3hot D3cold
[    0.117799] pci 0000:00:1d.7: System wakeup disabled by ACPI
[    0.117837] pci 0000:00:1e.0: [8086:2448] type 01 class 0x060401
[    0.117953] pci 0000:00:1e.0: System wakeup disabled by ACPI
[    0.117994] pci 0000:00:1f.0: [8086:2919] type 00 class 0x060100
[    0.118229] pci 0000:00:1f.2: [8086:2929] type 00 class 0x010601
[    0.118258] pci 0000:00:1f.2: reg 0x10: [io  0x1818-0x181f]
[    0.118271] pci 0000:00:1f.2: reg 0x14: [io  0x180c-0x180f]
[    0.118282] pci 0000:00:1f.2: reg 0x18: [io  0x1810-0x1817]
[    0.118294] pci 0000:00:1f.2: reg 0x1c: [io  0x1808-0x180b]
[    0.118306] pci 0000:00:1f.2: reg 0x20: [io  0x18e0-0x18ff]
[    0.118318] pci 0000:00:1f.2: reg 0x24: [mem 0xfc204000-0xfc2047ff]
[    0.118392] pci 0000:00:1f.2: PME# supported from D3hot
[    0.118478] pci 0000:00:1f.3: [8086:2930] type 00 class 0x0c0500
[    0.118501] pci 0000:00:1f.3: reg 0x10: [mem 0xfc205400-0xfc2054ff 64bit]
[    0.118533] pci 0000:00:1f.3: reg 0x20: [io  0x1c00-0x1c1f]
[    0.118696] pci 0000:00:1c.0: PCI bridge to [bus 02]
[    0.118811] pci 0000:03:00.0: [8086:4237] type 00 class 0x028000
[    0.118853] pci 0000:03:00.0: reg 0x10: [mem 0xf4300000-0xf4301fff 64bit]
[    0.119059] pci 0000:03:00.0: PME# supported from D0 D3hot D3cold
[    0.121022] pci 0000:00:1c.1: PCI bridge to [bus 03]
[    0.121031] pci 0000:00:1c.1:   bridge window [mem 0xf4300000-0xf43fffff]
[    0.121120] pci 0000:00:1c.3: PCI bridge to [bus 05-0c]
[    0.121125] pci 0000:00:1c.3:   bridge window [io  0x2000-0x2fff]
[    0.121130] pci 0000:00:1c.3:   bridge window [mem 0xf8000000-0xf9ffffff]
[    0.121138] pci 0000:00:1c.3:   bridge window [mem 0xf4000000-0xf40fffff 64bit pref]
[    0.121138] pci 0000:00:1c.4: PCI bridge to [bus 0d-14]
[    0.121138] pci 0000:00:1c.4:   bridge window [io  0x3000-0x3fff]
[    0.121138] pci 0000:00:1c.4:   bridge window [mem 0xfa000000-0xfbffffff]
[    0.121138] pci 0000:00:1c.4:   bridge window [mem 0xf4100000-0xf41fffff 64bit pref]
[    0.121222] pci 0000:04:00.0: [14e4:1693] type 00 class 0x020000
[    0.121293] pci 0000:04:00.0: reg 0x10: [mem 0xf4800000-0xf480ffff 64bit]
[    0.121716] pci 0000:04:00.0: PME# supported from D3hot D3cold
[    0.121880] pci 0000:00:1c.5: PCI bridge to [bus 04]
[    0.121889] pci 0000:00:1c.5:   bridge window [mem 0xf4800000-0xf48fffff]
[    0.121971] pci 0000:15:00.0: [1180:0476] type 02 class 0x060700
[    0.121996] pci 0000:15:00.0: proprietary Ricoh MMC controller disabled (via cardbus function)
[    0.121998] pci 0000:15:00.0: MMC cards are now supported by standard SDHCI controller
[    0.122023] pci 0000:15:00.0: reg 0x10: [mem 0xf4900000-0xf4900fff]
[    0.122068] pci 0000:15:00.0: supports D1 D2
[    0.122070] pci 0000:15:00.0: PME# supported from D0 D1 D2 D3hot D3cold
[    0.122130] pci 0000:15:00.1: [1180:0832] type 00 class 0x0c0010
[    0.122158] pci 0000:15:00.1: reg 0x10: [mem 0xf4901000-0xf49017ff]
[    0.122280] pci 0000:15:00.1: supports D1 D2
[    0.122282] pci 0000:15:00.1: PME# supported from D0 D1 D2 D3hot D3cold
[    0.122343] pci 0000:15:00.2: [1180:0822] type 00 class 0x080500
[    0.122370] pci 0000:15:00.2: reg 0x10: [mem 0xf4901800-0xf49018ff]
[    0.122492] pci 0000:15:00.2: supports D1 D2
[    0.122494] pci 0000:15:00.2: PME# supported from D0 D1 D2 D3hot D3cold
[    0.122553] pci 0000:15:00.4: [1180:0592] type 00 class 0x088000
[    0.122581] pci 0000:15:00.4: reg 0x10: [mem 0xf4902000-0xf49020ff]
[    0.122702] pci 0000:15:00.4: supports D1 D2
[    0.122704] pci 0000:15:00.4: PME# supported from D0 D1 D2 D3hot D3cold
[    0.122761] pci 0000:15:00.5: [1180:0852] type 00 class 0x088000
[    0.122788] pci 0000:15:00.5: reg 0x10: [mem 0xf4902400-0xf49024ff]
[    0.122910] pci 0000:15:00.5: supports D1 D2
[    0.122912] pci 0000:15:00.5: PME# supported from D0 D1 D2 D3hot D3cold
[    0.123026] pci 0000:00:1e.0: PCI bridge to [bus 15-18] (subtractive decode)
[    0.123031] pci 0000:00:1e.0:   bridge window [io  0x4000-0x7fff]
[    0.123036] pci 0000:00:1e.0:   bridge window [mem 0xf4900000-0xf7ffffff]
[    0.123044] pci 0000:00:1e.0:   bridge window [mem 0xf0000000-0xf3ffffff 64bit pref]
[    0.123046] pci 0000:00:1e.0:   bridge window [io  0x0000-0x0cf7] (subtractive decode)
[    0.123048] pci 0000:00:1e.0:   bridge window [io  0x0d00-0xffff] (subtractive decode)
[    0.123050] pci 0000:00:1e.0:   bridge window [mem 0x000a0000-0x000bffff] (subtractive decode)
[    0.123052] pci 0000:00:1e.0:   bridge window [mem 0x000d4000-0x000d7fff] (subtractive decode)
[    0.123054] pci 0000:00:1e.0:   bridge window [mem 0x000d8000-0x000dbfff] (subtractive decode)
[    0.123056] pci 0000:00:1e.0:   bridge window [mem 0x7c000000-0xfebfffff] (subtractive decode)
[    0.123116] pci_bus 0000:16: busn_res: can not insert [bus 16-ff] under [bus 15-18] (conflicts with (null) [bus 15-18])
[    0.123122] pci_bus 0000:16: busn_res: [bus 16-ff] end is updated to 17
[    0.123210] acpi PNP0A08:00: Disabling ASPM (FADT indicates it is unsupported)
[    0.124592] ACPI: Enabled 3 GPEs in block 00 to 3F
[    0.124605] ACPI: \_SB_.PCI0: notify handler is installed
[    0.125088] Found 1 acpi root devices
[    0.126066] ACPI : EC: GPE = 0x11, I/O: command/status = 0x66, data = 0x62
[    0.126163] vgaarb: device added: PCI:0000:00:02.0,decodes=io+mem,owns=io+mem,locks=none
[    0.126163] vgaarb: loaded
[    0.126163] vgaarb: bridge control possible 0000:00:02.0
[    0.126230] SCSI subsystem initialized
[    0.126247] libata version 3.00 loaded.
[    0.126247] ACPI: bus type USB registered
[    0.126247] usbcore: registered new interface driver usbfs
[    0.126247] usbcore: registered new interface driver hub
[    0.126247] usbcore: registered new device driver usb
[    0.126247] PCI: Using ACPI for IRQ routing
[    0.129428] PCI: pci_cache_line_size set to 64 bytes
[    0.129535] e820: reserve RAM buffer [mem 0x0009ec00-0x0009ffff]
[    0.129537] e820: reserve RAM buffer [mem 0x796a1000-0x7bffffff]
[    0.129539] e820: reserve RAM buffer [mem 0x797b8000-0x7bffffff]
[    0.129542] e820: reserve RAM buffer [mem 0x798c7000-0x7bffffff]
[    0.129544] e820: reserve RAM buffer [mem 0x79c00000-0x7bffffff]
[    0.129643] NetLabel: Initializing
[    0.129645] NetLabel:  domain hash size = 128
[    0.129646] NetLabel:  protocols = UNLABELED CIPSOv4
[    0.129659] NetLabel:  unlabeled traffic allowed by default
[    0.129672] HPET: 4 timers in total, 0 timers will be used for per-cpu timer
[    0.129672] hpet0: at MMIO 0xfed00000, IRQs 2, 8, 0, 0
[    0.129672] hpet0: 4 comparators, 64-bit 14.318180 MHz counter
[    0.131042] Switched to clocksource hpet
[    0.137978] AppArmor: AppArmor Filesystem Enabled
[    0.138038] pnp: PnP ACPI init
[    0.138060] ACPI: bus type PNP registered
[    0.158980] system 00:00: [mem 0x00000000-0x0009ffff] could not be reserved
[    0.158983] system 00:00: [mem 0x000c0000-0x000c3fff] could not be reserved
[    0.158986] system 00:00: [mem 0x000c4000-0x000c7fff] could not be reserved
[    0.158988] system 00:00: [mem 0x000c8000-0x000cbfff] has been reserved
[    0.158990] system 00:00: [mem 0x000cc000-0x000cffff] has been reserved
[    0.158992] system 00:00: [mem 0x000d0000-0x000d3fff] could not be reserved
[    0.158995] system 00:00: [mem 0x000dc000-0x000dffff] could not be reserved
[    0.158997] system 00:00: [mem 0x000e0000-0x000e3fff] could not be reserved
[    0.158999] system 00:00: [mem 0x000e4000-0x000e7fff] could not be reserved
[    0.159014] system 00:00: [mem 0x000e8000-0x000ebfff] could not be reserved
[    0.159016] system 00:00: [mem 0x000ec000-0x000effff] could not be reserved
[    0.159019] system 00:00: [mem 0x000f0000-0x000fffff] could not be reserved
[    0.159021] system 00:00: [mem 0x00100000-0x7bffffff] could not be reserved
[    0.159024] system 00:00: [mem 0xfec00000-0xfed3ffff] could not be reserved
[    0.159026] system 00:00: [mem 0xfed4c000-0xffffffff] could not be reserved
[    0.159031] system 00:00: Plug and Play ACPI device, IDs PNP0c01 (active)
[    0.179545] system 00:01: [io  0x1000-0x107f] could not be reserved
[    0.179548] system 00:01: [io  0x1180-0x11ff] has been reserved
[    0.179551] system 00:01: [io  0x0800-0x080f] has been reserved
[    0.179554] system 00:01: [io  0x15e0-0x15ef] has been reserved
[    0.179556] system 00:01: [io  0x1600-0x167f] has been reserved
[    0.179558] system 00:01: [io  0x1680-0x169f] has been reserved
[    0.179561] system 00:01: [mem 0xe0000000-0xefffffff] has been reserved
[    0.179563] system 00:01: [mem 0xfed1c000-0xfed1ffff] has been reserved
[    0.179565] system 00:01: [mem 0xfed10000-0xfed13fff] has been reserved
[    0.179568] system 00:01: [mem 0xfed18000-0xfed18fff] has been reserved
[    0.179570] system 00:01: [mem 0xfed19000-0xfed19fff] has been reserved
[    0.179572] system 00:01: [mem 0xfed45000-0xfed4bfff] has been reserved
[    0.179576] system 00:01: Plug and Play ACPI device, IDs PNP0c02 (active)
[    0.179630] pnp 00:02: Plug and Play ACPI device, IDs PNP0103 (active)
[    0.179640] pnp 00:03: [dma 4]
[    0.179662] pnp 00:03: Plug and Play ACPI device, IDs PNP0200 (active)
[    0.179690] pnp 00:04: Plug and Play ACPI device, IDs PNP0800 (active)
[    0.179729] pnp 00:05: Plug and Play ACPI device, IDs PNP0c04 (active)
[    0.179762] pnp 00:06: Plug and Play ACPI device, IDs PNP0b00 (active)
[    0.179794] pnp 00:07: Plug and Play ACPI device, IDs PNP0303 (active)
[    0.179826] pnp 00:08: Plug and Play ACPI device, IDs LEN0006 PNP0f13 (active)
[    0.200329] pnp 00:09: Plug and Play ACPI device, IDs PNP0c31 (active)
[    0.200810] pnp: PnP ACPI: found 10 devices
[    0.200811] ACPI: bus type PNP unregistered
[    0.207741] pci 0000:00:1c.0: bridge window [io  0x1000-0x0fff] to [bus 02] add_size 1000
[    0.207746] pci 0000:00:1c.0: bridge window [mem 0x00100000-0x000fffff 64bit pref] to [bus 02] add_size 200000
[    0.207749] pci 0000:00:1c.0: bridge window [mem 0x00100000-0x000fffff] to [bus 02] add_size 200000
[    0.207760] pci 0000:00:1c.1: bridge window [io  0x1000-0x0fff] to [bus 03] add_size 1000
[    0.207763] pci 0000:00:1c.1: bridge window [mem 0x00100000-0x000fffff 64bit pref] to [bus 03] add_size 200000
[    0.207791] pci 0000:00:1c.5: bridge window [io  0x1000-0x0fff] to [bus 04] add_size 1000
[    0.207794] pci 0000:00:1c.5: bridge window [mem 0x00100000-0x000fffff 64bit pref] to [bus 04] add_size 200000
[    0.207819] pci 0000:00:1c.0: res[14]=[mem 0x00100000-0x000fffff] get_res_add_size add_size 200000
[    0.207822] pci 0000:00:1c.0: res[15]=[mem 0x00100000-0x000fffff 64bit pref] get_res_add_size add_size 200000
[    0.207824] pci 0000:00:1c.1: res[15]=[mem 0x00100000-0x000fffff 64bit pref] get_res_add_size add_size 200000
[    0.207827] pci 0000:00:1c.5: res[15]=[mem 0x00100000-0x000fffff 64bit pref] get_res_add_size add_size 200000
[    0.207829] pci 0000:00:1c.0: res[13]=[io  0x1000-0x0fff] get_res_add_size add_size 1000
[    0.207831] pci 0000:00:1c.1: res[13]=[io  0x1000-0x0fff] get_res_add_size add_size 1000
[    0.207833] pci 0000:00:1c.5: res[13]=[io  0x1000-0x0fff] get_res_add_size add_size 1000
[    0.207839] pci 0000:00:1c.0: BAR 14: assigned [mem 0x7c000000-0x7c1fffff]
[    0.207842] pci 0000:00:1c.0: BAR 15: assigned [mem 0x7c200000-0x7c3fffff 64bit pref]
[    0.207845] pci 0000:00:1c.1: BAR 15: assigned [mem 0x7c400000-0x7c5fffff 64bit pref]
[    0.207848] pci 0000:00:1c.5: BAR 15: assigned [mem 0x7c600000-0x7c7fffff 64bit pref]
[    0.207852] pci 0000:00:1c.0: BAR 13: assigned [io  0x8000-0x8fff]
[    0.207854] pci 0000:00:1c.1: BAR 13: assigned [io  0x9000-0x9fff]
[    0.207857] pci 0000:00:1c.5: BAR 13: assigned [io  0xa000-0xafff]
[    0.207860] pci 0000:00:1c.0: PCI bridge to [bus 02]
[    0.207864] pci 0000:00:1c.0:   bridge window [io  0x8000-0x8fff]
[    0.207871] pci 0000:00:1c.0:   bridge window [mem 0x7c000000-0x7c1fffff]
[    0.207876] pci 0000:00:1c.0:   bridge window [mem 0x7c200000-0x7c3fffff 64bit pref]
[    0.207883] pci 0000:00:1c.1: PCI bridge to [bus 03]
[    0.207887] pci 0000:00:1c.1:   bridge window [io  0x9000-0x9fff]
[    0.207893] pci 0000:00:1c.1:   bridge window [mem 0xf4300000-0xf43fffff]
[    0.207898] pci 0000:00:1c.1:   bridge window [mem 0x7c400000-0x7c5fffff 64bit pref]
[    0.207905] pci 0000:00:1c.3: PCI bridge to [bus 05-0c]
[    0.207908] pci 0000:00:1c.3:   bridge window [io  0x2000-0x2fff]
[    0.207915] pci 0000:00:1c.3:   bridge window [mem 0xf8000000-0xf9ffffff]
[    0.207919] pci 0000:00:1c.3:   bridge window [mem 0xf4000000-0xf40fffff 64bit pref]
[    0.207927] pci 0000:00:1c.4: PCI bridge to [bus 0d-14]
[    0.207930] pci 0000:00:1c.4:   bridge window [io  0x3000-0x3fff]
[    0.207936] pci 0000:00:1c.4:   bridge window [mem 0xfa000000-0xfbffffff]
[    0.207941] pci 0000:00:1c.4:   bridge window [mem 0xf4100000-0xf41fffff 64bit pref]
[    0.207949] pci 0000:00:1c.5: PCI bridge to [bus 04]
[    0.207952] pci 0000:00:1c.5:   bridge window [io  0xa000-0xafff]
[    0.207958] pci 0000:00:1c.5:   bridge window [mem 0xf4800000-0xf48fffff]
[    0.207963] pci 0000:00:1c.5:   bridge window [mem 0x7c600000-0x7c7fffff 64bit pref]
[    0.207973] pci 0000:15:00.0: res[15]=[mem 0x04000000-0x03ffffff pref] get_res_add_size add_size 4000000
[    0.207975] pci 0000:15:00.0: res[16]=[mem 0x04000000-0x03ffffff] get_res_add_size add_size 4000000
[    0.207977] pci 0000:15:00.0: res[13]=[io  0x0100-0x00ff] get_res_add_size add_size 100
[    0.207979] pci 0000:15:00.0: res[14]=[io  0x0100-0x00ff] get_res_add_size add_size 100
[    0.207982] pci 0000:15:00.0: BAR 15: assigned [mem 0xf0000000-0xf3ffffff pref]
[    0.207986] pci 0000:15:00.0: BAR 16: assigned [mem 0x80000000-0x83ffffff]
[    0.207988] pci 0000:15:00.0: BAR 13: assigned [io  0x4000-0x40ff]
[    0.207990] pci 0000:15:00.0: BAR 14: assigned [io  0x4400-0x44ff]
[    0.207992] pci 0000:15:00.0: CardBus bridge to [bus 16-17]
[    0.207994] pci 0000:15:00.0:   bridge window [io  0x4000-0x40ff]
[    0.208000] pci 0000:15:00.0:   bridge window [io  0x4400-0x44ff]
[    0.208016] pci 0000:15:00.0:   bridge window [mem 0xf0000000-0xf3ffffff pref]
[    0.208022] pci 0000:15:00.0:   bridge window [mem 0x80000000-0x83ffffff]
[    0.208028] pci 0000:00:1e.0: PCI bridge to [bus 15-18]
[    0.208031] pci 0000:00:1e.0:   bridge window [io  0x4000-0x7fff]
[    0.208037] pci 0000:00:1e.0:   bridge window [mem 0xf4900000-0xf7ffffff]
[    0.208042] pci 0000:00:1e.0:   bridge window [mem 0xf0000000-0xf3ffffff 64bit pref]
[    0.208050] pci_bus 0000:00: resource 4 [io  0x0000-0x0cf7]
[    0.208052] pci_bus 0000:00: resource 5 [io  0x0d00-0xffff]
[    0.208054] pci_bus 0000:00: resource 6 [mem 0x000a0000-0x000bffff]
[    0.208056] pci_bus 0000:00: resource 7 [mem 0x000d4000-0x000d7fff]
[    0.208058] pci_bus 0000:00: resource 8 [mem 0x000d8000-0x000dbfff]
[    0.208061] pci_bus 0000:00: resource 9 [mem 0x7c000000-0xfebfffff]
[    0.208063] pci_bus 0000:02: resource 0 [io  0x8000-0x8fff]
[    0.208065] pci_bus 0000:02: resource 1 [mem 0x7c000000-0x7c1fffff]
[    0.208067] pci_bus 0000:02: resource 2 [mem 0x7c200000-0x7c3fffff 64bit pref]
[    0.208069] pci_bus 0000:03: resource 0 [io  0x9000-0x9fff]
[    0.208071] pci_bus 0000:03: resource 1 [mem 0xf4300000-0xf43fffff]
[    0.208073] pci_bus 0000:03: resource 2 [mem 0x7c400000-0x7c5fffff 64bit pref]
[    0.208076] pci_bus 0000:05: resource 0 [io  0x2000-0x2fff]
[    0.208078] pci_bus 0000:05: resource 1 [mem 0xf8000000-0xf9ffffff]
[    0.208080] pci_bus 0000:05: resource 2 [mem 0xf4000000-0xf40fffff 64bit pref]
[    0.208082] pci_bus 0000:0d: resource 0 [io  0x3000-0x3fff]
[    0.208084] pci_bus 0000:0d: resource 1 [mem 0xfa000000-0xfbffffff]
[    0.208086] pci_bus 0000:0d: resource 2 [mem 0xf4100000-0xf41fffff 64bit pref]
[    0.208088] pci_bus 0000:04: resource 0 [io  0xa000-0xafff]
[    0.208090] pci_bus 0000:04: resource 1 [mem 0xf4800000-0xf48fffff]
[    0.208092] pci_bus 0000:04: resource 2 [mem 0x7c600000-0x7c7fffff 64bit pref]
[    0.208094] pci_bus 0000:15: resource 0 [io  0x4000-0x7fff]
[    0.208096] pci_bus 0000:15: resource 1 [mem 0xf4900000-0xf7ffffff]
[    0.208098] pci_bus 0000:15: resource 2 [mem 0xf0000000-0xf3ffffff 64bit pref]
[    0.208100] pci_bus 0000:15: resource 4 [io  0x0000-0x0cf7]
[    0.208102] pci_bus 0000:15: resource 5 [io  0x0d00-0xffff]
[    0.208104] pci_bus 0000:15: resource 6 [mem 0x000a0000-0x000bffff]
[    0.208106] pci_bus 0000:15: resource 7 [mem 0x000d4000-0x000d7fff]
[    0.208108] pci_bus 0000:15: resource 8 [mem 0x000d8000-0x000dbfff]
[    0.208110] pci_bus 0000:15: resource 9 [mem 0x7c000000-0xfebfffff]
[    0.208112] pci_bus 0000:16: resource 0 [io  0x4000-0x40ff]
[    0.208114] pci_bus 0000:16: resource 1 [io  0x4400-0x44ff]
[    0.208116] pci_bus 0000:16: resource 2 [mem 0xf0000000-0xf3ffffff pref]
[    0.208118] pci_bus 0000:16: resource 3 [mem 0x80000000-0x83ffffff]
[    0.208158] NET: Registered protocol family 2
[    0.208375] TCP established hash table entries: 16384 (order: 5, 131072 bytes)
[    0.208462] TCP bind hash table entries: 16384 (order: 6, 262144 bytes)
[    0.208573] TCP: Hash tables configured (established 16384 bind 16384)
[    0.208634] TCP: reno registered
[    0.208639] UDP hash table entries: 1024 (order: 3, 32768 bytes)
[    0.208657] UDP-Lite hash table entries: 1024 (order: 3, 32768 bytes)
[    0.208733] NET: Registered protocol family 1
[    0.208751] pci 0000:00:02.0: Boot video device
[    0.209810] PCI: CLS 64 bytes, default 64
[    0.209880] Trying to unpack rootfs image as initramfs...
[    4.169299] Freeing initrd memory: 16872K (ffff880078627000 - ffff8800796a1000)
[    4.169371] Simple Boot Flag at 0x35 set to 0x1
[    4.169543] microcode: CPU0 sig=0x1067a, pf=0x80, revision=0xa0b
[    4.169551] microcode: CPU1 sig=0x1067a, pf=0x80, revision=0xa0b
[    4.169660] microcode: Microcode Update Driver: v2.00 <tigran@aivazian.fsnet.co.uk>, Peter Oruba
[    4.169662] Scanning for low memory corruption every 60 seconds
[    4.169954] Initialise system trusted keyring
[    4.170028] audit: initializing netlink socket (disabled)
[    4.170048] type=2000 audit(1438707907.169:1): initialized
[    4.194522] HugeTLB registered 2 MB page size, pre-allocated 0 pages
[    4.195862] zbud: loaded
[    4.196021] VFS: Disk quotas dquot_6.5.2
[    4.196067] Dquot-cache hash table entries: 512 (order 0, 4096 bytes)
[    4.196592] fuse init (API version 7.22)
[    4.196678] msgmni has been set to 3790
[    4.196740] Key type big_key registered
[    4.197319] Key type asymmetric registered
[    4.197322] Asymmetric key parser 'x509' registered
[    4.197356] Block layer SCSI generic (bsg) driver version 0.4 loaded (major 252)
[    4.197396] io scheduler noop registered
[    4.197397] io scheduler deadline registered
[    4.197425] io scheduler cfq registered
[    4.197430] io scheduler bfq registered (default)
[    4.197432] BFQ I/O-scheduler version: v7r5
[    4.197673] pcieport 0000:00:1c.0: irq 40 for MSI/MSI-X
[    4.197859] pcieport 0000:00:1c.1: irq 41 for MSI/MSI-X
[    4.198050] pcieport 0000:00:1c.3: irq 42 for MSI/MSI-X
[    4.198225] pcieport 0000:00:1c.4: irq 43 for MSI/MSI-X
[    4.198404] pcieport 0000:00:1c.5: irq 44 for MSI/MSI-X
[    4.198570] pcieport 0000:00:1c.0: Signaling PME through PCIe PME interrupt
[    4.198576] pcie_pme 0000:00:1c.0:pcie01: service driver pcie_pme loaded
[    4.198632] pcieport 0000:00:1c.1: Signaling PME through PCIe PME interrupt
[    4.198635] pci 0000:03:00.0: Signaling PME through PCIe PME interrupt
[    4.198640] pcie_pme 0000:00:1c.1:pcie01: service driver pcie_pme loaded
[    4.198695] pcieport 0000:00:1c.3: Signaling PME through PCIe PME interrupt
[    4.198700] pcie_pme 0000:00:1c.3:pcie01: service driver pcie_pme loaded
[    4.198756] pcieport 0000:00:1c.4: Signaling PME through PCIe PME interrupt
[    4.198763] pcie_pme 0000:00:1c.4:pcie01: service driver pcie_pme loaded
[    4.198816] pcieport 0000:00:1c.5: Signaling PME through PCIe PME interrupt
[    4.198819] pci 0000:04:00.0: Signaling PME through PCIe PME interrupt
[    4.198824] pcie_pme 0000:00:1c.5:pcie01: service driver pcie_pme loaded
[    4.198840] pci_hotplug: PCI Hot Plug PCI Core version: 0.5
[    4.198908] pciehp 0000:00:1c.0:pcie04: HPC vendor_id 8086 device_id 2940 ss_vid 17aa ss_did 20f3
[    4.198971] pciehp 0000:00:1c.0:pcie04: service driver pciehp loaded
[    4.198987] pciehp 0000:00:1c.1:pcie04: HPC vendor_id 8086 device_id 2942 ss_vid 17aa ss_did 20f3
[    4.199079] pciehp 0000:00:1c.1:pcie04: service driver pciehp loaded
[    4.199094] pciehp 0000:00:1c.3:pcie04: HPC vendor_id 8086 device_id 2946 ss_vid 17aa ss_did 20f3
[    4.199159] pciehp 0000:00:1c.3:pcie04: service driver pciehp loaded
[    4.199175] pciehp 0000:00:1c.4:pcie04: HPC vendor_id 8086 device_id 2948 ss_vid 17aa ss_did 20f3
[    4.199241] pciehp 0000:00:1c.4:pcie04: service driver pciehp loaded
[    4.199256] pciehp 0000:00:1c.5:pcie04: HPC vendor_id 8086 device_id 294a ss_vid 17aa ss_did 20f3
[    4.199323] pciehp 0000:00:1c.5:pcie04: service driver pciehp loaded
[    4.199329] pciehp: PCI Express Hot Plug Controller Driver version: 0.4
[    4.199385] intel_idle: does not run on family 6 model 23
[    4.199392] ipmi message handler version 39.2
[    4.199563] ACPI: Deprecated procfs I/F for AC is loaded, please retry with CONFIG_ACPI_PROCFS_POWER cleared
[    4.199727] ACPI: AC Adapter [AC] (on-line)
[    4.199831] input: Lid Switch as /devices/LNXSYSTM:00/device:00/PNP0C0D:00/input/input0
[    4.200162] ACPI: Lid Switch [LID]
[    4.200199] input: Sleep Button as /devices/LNXSYSTM:00/device:00/PNP0C0E:00/input/input1
[    4.200203] ACPI: Sleep Button [SLPB]
[    4.200249] input: Power Button as /devices/LNXSYSTM:00/LNXPWRBN:00/input/input2
[    4.200252] ACPI: Power Button [PWRF]
[    4.201647] Monitor-Mwait will be used to enter C-1 state
[    4.201653] Monitor-Mwait will be used to enter C-2 state
[    4.201657] Monitor-Mwait will be used to enter C-3 state
[    4.201659] tsc: Marking TSC unstable due to TSC halts in idle
[    4.201670] ACPI: acpi_idle registered with cpuidle
[    4.204080] thermal LNXTHERM:00: registered as thermal_zone0
[    4.204082] ACPI: Thermal Zone [THM0] (47 C)
[    4.214139] thermal LNXTHERM:01: registered as thermal_zone1
[    4.214141] ACPI: Thermal Zone [THM1] (45 C)
[    4.214181] GHES: HEST is not enabled!
[    4.214303] Serial: 8250/16550 driver, 32 ports, IRQ sharing enabled
[    4.217437] Linux agpgart interface v0.103
[    4.217546] agpgart-intel 0000:00:00.0: Intel GM45 Chipset
[    4.217662] agpgart-intel 0000:00:00.0: detected gtt size: 2097152K total, 262144K mappable
[    4.218588] agpgart-intel 0000:00:00.0: detected 32768K stolen memory
[    4.218743] agpgart-intel 0000:00:00.0: AGP aperture is 256M @ 0xd0000000
[    4.224048] tpm_tis 00:09: 1.2 TPM (device-id 0x1020, rev-id 6)
[    4.224051] tpm_tis 00:09: Intel iTPM workaround enabled
[    4.233132] ACPI: Deprecated procfs I/F for battery is loaded, please retry with CONFIG_ACPI_PROCFS_POWER cleared
[    4.233145] ACPI: Battery Slot [BAT0] (battery present)
[    4.297962] brd: module loaded
[    4.298967] loop: module loaded
[    4.299400] libphy: Fixed MDIO Bus: probed
[    4.299492] tun: Universal TUN/TAP device driver, 1.6
[    4.299494] tun: (C) 1999-2004 Max Krasnyansky <maxk@qualcomm.com>
[    4.299562] PPP generic driver version 2.4.2
[    4.299629] ehci_hcd: USB 2.0 'Enhanced' Host Controller (EHCI) Driver
[    4.299633] ehci-pci: EHCI PCI platform driver
[    4.299769] ehci-pci 0000:00:1a.7: EHCI Host Controller
[    4.299776] ehci-pci 0000:00:1a.7: new USB bus registered, assigned bus number 1
[    4.299793] ehci-pci 0000:00:1a.7: debug port 1
[    4.303694] ehci-pci 0000:00:1a.7: cache line size of 64 is not supported
[    4.303795] ehci-pci 0000:00:1a.7: irq 23, io mem 0xfc204c00
[    4.310075] ehci-pci 0000:00:1a.7: USB 2.0 started, EHCI 1.00
[    4.310182] usb usb1: New USB device found, idVendor=1d6b, idProduct=0002
[    4.310186] usb usb1: New USB device strings: Mfr=3, Product=2, SerialNumber=1
[    4.310190] usb usb1: Product: EHCI Host Controller
[    4.310194] usb usb1: Manufacturer: Linux 3.13.0-39-lowlatency ehci_hcd
[    4.310197] usb usb1: SerialNumber: 0000:00:1a.7
[    4.310359] hub 1-0:1.0: USB hub found
[    4.310368] hub 1-0:1.0: 6 ports detected
[    4.310696] ehci-pci 0000:00:1d.7: EHCI Host Controller
[    4.310701] ehci-pci 0000:00:1d.7: new USB bus registered, assigned bus number 2
[    4.310716] ehci-pci 0000:00:1d.7: debug port 1
[    4.314618] ehci-pci 0000:00:1d.7: cache line size of 64 is not supported
[    4.314718] ehci-pci 0000:00:1d.7: irq 19, io mem 0xfc205000
[    4.321028] ehci-pci 0000:00:1d.7: USB 2.0 started, EHCI 1.00
[    4.321145] usb usb2: New USB device found, idVendor=1d6b, idProduct=0002
[    4.321148] usb usb2: New USB device strings: Mfr=3, Product=2, SerialNumber=1
[    4.321150] usb usb2: Product: EHCI Host Controller
[    4.321152] usb usb2: Manufacturer: Linux 3.13.0-39-lowlatency ehci_hcd
[    4.321154] usb usb2: SerialNumber: 0000:00:1d.7
[    4.324252] hub 2-0:1.0: USB hub found
[    4.324260] hub 2-0:1.0: 6 ports detected
[    4.324329] Monitor-Mwait will be used to enter C-3 state
[    4.324698] ehci-platform: EHCI generic platform driver
[    4.324714] ohci_hcd: USB 1.1 'Open' Host Controller (OHCI) Driver
[    4.324715] ohci-pci: OHCI PCI platform driver
[    4.324728] ohci-platform: OHCI generic platform driver
[    4.324742] uhci_hcd: USB Universal Host Controller Interface driver
[    4.324837] uhci_hcd 0000:00:1a.0: UHCI Host Controller
[    4.324844] uhci_hcd 0000:00:1a.0: new USB bus registered, assigned bus number 3
[    4.324927] uhci_hcd 0000:00:1a.0: irq 20, io base 0x00001820
[    4.325052] usb usb3: New USB device found, idVendor=1d6b, idProduct=0001
[    4.325055] usb usb3: New USB device strings: Mfr=3, Product=2, SerialNumber=1
[    4.325057] usb usb3: Product: UHCI Host Controller
[    4.325059] usb usb3: Manufacturer: Linux 3.13.0-39-lowlatency uhci_hcd
[    4.325061] usb usb3: SerialNumber: 0000:00:1a.0
[    4.325192] hub 3-0:1.0: USB hub found
[    4.325213] hub 3-0:1.0: 2 ports detected
[    4.325447] uhci_hcd 0000:00:1a.1: UHCI Host Controller
[    4.325453] uhci_hcd 0000:00:1a.1: new USB bus registered, assigned bus number 4
[    4.325543] uhci_hcd 0000:00:1a.1: irq 21, io base 0x00001840
[    4.325686] usb usb4: New USB device found, idVendor=1d6b, idProduct=0001
[    4.325688] usb usb4: New USB device strings: Mfr=3, Product=2, SerialNumber=1
[    4.325691] usb usb4: Product: UHCI Host Controller
[    4.325693] usb usb4: Manufacturer: Linux 3.13.0-39-lowlatency uhci_hcd
[    4.325695] usb usb4: SerialNumber: 0000:00:1a.1
[    4.325820] hub 4-0:1.0: USB hub found
[    4.325840] hub 4-0:1.0: 2 ports detected
[    4.326081] uhci_hcd 0000:00:1a.2: UHCI Host Controller
[    4.326087] uhci_hcd 0000:00:1a.2: new USB bus registered, assigned bus number 5
[    4.326171] uhci_hcd 0000:00:1a.2: irq 22, io base 0x00001860
[    4.326300] usb usb5: New USB device found, idVendor=1d6b, idProduct=0001
[    4.326302] usb usb5: New USB device strings: Mfr=3, Product=2, SerialNumber=1
[    4.326304] usb usb5: Product: UHCI Host Controller
[    4.326306] usb usb5: Manufacturer: Linux 3.13.0-39-lowlatency uhci_hcd
[    4.326308] usb usb5: SerialNumber: 0000:00:1a.2
[    4.326436] hub 5-0:1.0: USB hub found
[    4.326455] hub 5-0:1.0: 2 ports detected
[    4.326682] uhci_hcd 0000:00:1d.0: UHCI Host Controller
[    4.326687] uhci_hcd 0000:00:1d.0: new USB bus registered, assigned bus number 6
[    4.326768] uhci_hcd 0000:00:1d.0: irq 16, io base 0x00001880
[    4.326896] usb usb6: New USB device found, idVendor=1d6b, idProduct=0001
[    4.326899] usb usb6: New USB device strings: Mfr=3, Product=2, SerialNumber=1
[    4.326901] usb usb6: Product: UHCI Host Controller
[    4.326902] usb usb6: Manufacturer: Linux 3.13.0-39-lowlatency uhci_hcd
[    4.326904] usb usb6: SerialNumber: 0000:00:1d.0
[    4.327046] hub 6-0:1.0: USB hub found
[    4.327067] hub 6-0:1.0: 2 ports detected
[    4.327304] uhci_hcd 0000:00:1d.1: UHCI Host Controller
[    4.327309] uhci_hcd 0000:00:1d.1: new USB bus registered, assigned bus number 7
[    4.327400] uhci_hcd 0000:00:1d.1: irq 17, io base 0x000018a0
[    4.327451] usb usb7: New USB device found, idVendor=1d6b, idProduct=0001
[    4.327453] usb usb7: New USB device strings: Mfr=3, Product=2, SerialNumber=1
[    4.327455] usb usb7: Product: UHCI Host Controller
[    4.327458] usb usb7: Manufacturer: Linux 3.13.0-39-lowlatency uhci_hcd
[    4.327459] usb usb7: SerialNumber: 0000:00:1d.1
[    4.327570] hub 7-0:1.0: USB hub found
[    4.327579] hub 7-0:1.0: 2 ports detected
[    4.327752] uhci_hcd 0000:00:1d.2: UHCI Host Controller
[    4.327757] uhci_hcd 0000:00:1d.2: new USB bus registered, assigned bus number 8
[    4.327847] uhci_hcd 0000:00:1d.2: irq 18, io base 0x000018c0
[    4.327902] usb usb8: New USB device found, idVendor=1d6b, idProduct=0001
[    4.327905] usb usb8: New USB device strings: Mfr=3, Product=2, SerialNumber=1
[    4.327907] usb usb8: Product: UHCI Host Controller
[    4.327909] usb usb8: Manufacturer: Linux 3.13.0-39-lowlatency uhci_hcd
[    4.327911] usb usb8: SerialNumber: 0000:00:1d.2
[    4.328034] hub 8-0:1.0: USB hub found
[    4.328042] hub 8-0:1.0: 2 ports detected
[    4.328212] i8042: PNP: PS/2 Controller [PNP0303:KBD,PNP0f13:MOU] at 0x60,0x64 irq 1,12
[    4.336567] serio: i8042 KBD port at 0x60,0x64 irq 1
[    4.336596] serio: i8042 AUX port at 0x60,0x64 irq 12
[    4.336735] mousedev: PS/2 mouse device common for all mice
[    4.336990] rtc_cmos 00:06: RTC can wake from S4
[    4.337172] rtc_cmos 00:06: rtc core: registered rtc_cmos as rtc0
[    4.337261] rtc_cmos 00:06: alarms up to one month, y3k, 114 bytes nvram, hpet irqs
[    4.337345] device-mapper: uevent: version 1.0.3
[    4.337427] device-mapper: ioctl: 4.27.0-ioctl (2013-10-30) initialised: dm-devel@redhat.com
[    4.337435] ledtrig-cpu: registered to indicate activity on CPUs
[    4.337548] TCP: cubic registered
[    4.337657] NET: Registered protocol family 10
[    4.337859] NET: Registered protocol family 17
[    4.337870] Key type dns_resolver registered
[    4.338203] Loading compiled-in X.509 certificates
[    4.339419] Loaded X.509 cert 'Magrathea: Glacier signing key: a7171335f18ca6131c1947ca87d46fb662317fa6'
[    4.339441] registered taskstats version 1
[    4.342150] Key type trusted registered
[    4.342690] input: AT Translated Set 2 keyboard as /devices/platform/i8042/serio0/input/input3
[    4.344362] Key type encrypted registered
[    4.346572] AppArmor: AppArmor sha1 policy hashing enabled
[    4.526640] regulator-dummy: disabling
[    4.526687]   Magic number: 11:627:86
[    4.526853] rtc_cmos 00:06: setting system clock to 2015-08-04 17:05:08 UTC (1438707908)
[    4.530309] BIOS EDD facility v0.16 2004-Jun-25, 0 devices found
[    4.530313] EDD information not available.
[    4.530422] PM: Hibernation image not present or could not be loaded.
[    4.532085] Freeing unused kernel memory: 1324K (ffffffff81d1d000 - ffffffff81e68000)
[    4.532087] Write protecting the kernel read-only data: 12288k
[    4.534781] Freeing unused kernel memory: 764K (ffff880001741000 - ffff880001800000)
[    4.537169] Freeing unused kernel memory: 676K (ffff880001b57000 - ffff880001c00000)
[    4.553022] systemd-udevd[132]: starting version 204
[    4.584718] [drm] Initialized drm 1.1.0 20060810
[    4.601331] wmi: Mapper loaded
[    4.605433] pps_core: LinuxPPS API ver. 1 registered
[    4.605437] pps_core: Software ver. 5.3.6 - Copyright 2005-2007 Rodolfo Giometti <giometti@linux.it>
[    4.608134] PTP clock support registered
[    4.614421] tg3.c:v3.134 (Sep 16, 2013)
[    4.615325] [drm] Memory usable by graphics device = 2048M
[    4.616129] sdhci: Secure Digital Host Controller Interface driver
[    4.616131] sdhci: Copyright(c) Pierre Ossman
[    4.618831] sdhci-pci 0000:15:00.2: SDHCI controller found [1180:0822] (rev 21)
[    4.621949] sdhci-pci 0000:15:00.2: Will use DMA mode even though HW doesn't fully claim to support it.
[    4.621957] sdhci-pci 0000:15:00.2: dummy supplies not allowed
[    4.621959] mmc0: no vqmmc regulator found
[    4.621961] sdhci-pci 0000:15:00.2: dummy supplies not allowed
[    4.621962] mmc0: no vmmc regulator found
[    4.628971] sdhci-pci 0000:15:00.2: Will use DMA mode even though HW doesn't fully claim to support it.
[    4.632309] mmc0: SDHCI controller on PCI [0000:15:00.2] using DMA
[    4.640459] tg3 0000:04:00.0 eth0: Tigon3 [partno(BCM95751) rev b002] (PCI Express) MAC address 00:22:68:1e:a2:60
[    4.640464] tg3 0000:04:00.0 eth0: attached PHY is 5787 (10/100/1000Base-T Ethernet) (WireSpeed[1], EEE[0])
[    4.640466] tg3 0000:04:00.0 eth0: RXcsums[1] LinkChgREG[0] MIirq[0] ASF[0] TSOcap[1]
[    4.640469] tg3 0000:04:00.0 eth0: dma_rwctrl[76180000] dma_mask[64-bit]
[    4.687097] firewire_ohci 0000:15:00.1: added OHCI v1.10 device as card 0, 4 IR + 4 IT contexts, quirks 0x11
[    4.712175] i915 0000:00:02.0: irq 45 for MSI/MSI-X
[    4.712192] [drm] Supports vblank timestamp caching Rev 2 (21.10.2013).
[    4.712195] [drm] Driver supports precise vblank timestamp query.
[    4.712391] vgaarb: device changed decodes: PCI:0000:00:02.0,olddecodes=io+mem,decodes=io+mem:owns=io+mem
[    4.771898] fbcon: inteldrmfb (fb0) is primary device
[    5.116167] usb 1-6: new high-speed USB device number 4 using ehci-pci
[    5.188248] firewire_core 0000:15:00.1: created device fw0: GUID 00016c2000b8a4ff, S400
[    5.242159] usb 1-6: New USB device found, idVendor=17ef, idProduct=1004
[    5.242162] usb 1-6: New USB device strings: Mfr=2, Product=1, SerialNumber=3
[    5.242164] usb 1-6: Product: Integrated Camera
[    5.242167] usb 1-6: Manufacturer: Chicony Electronics Co., Ltd.
[    5.242169] usb 1-6: SerialNumber: SN0001
[    5.346043] usb 2-2: new high-speed USB device number 2 using ehci-pci
[    5.346165] Console: switching to colour frame buffer device 160x50
[    5.349068] i915 0000:00:02.0: fb0: inteldrmfb frame buffer device
[    5.349070] i915 0000:00:02.0: registered panic notifier
[    5.352366] ACPI: Video Device [VID] (multi-head: yes  rom: no  post: no)
[    5.356719] acpi device:02: registered as cooling_device2
[    5.356915] input: Video Bus as /devices/LNXSYSTM:00/device:00/PNP0A08:00/LNXVIDEO:00/input/input7
[    5.357295] [drm] Initialized i915 1.6.0 20080730 for 0000:00:02.0 on minor 0
[    5.357320] ahci 0000:00:1f.2: version 3.0
[    5.357452] ahci 0000:00:1f.2: irq 46 for MSI/MSI-X
[    5.357500] ahci 0000:00:1f.2: SSS flag set, parallel bus scan disabled
[    5.357528] ahci 0000:00:1f.2: AHCI 0001.0200 32 slots 4 ports 3 Gbps 0x3 impl SATA mode
[    5.357531] ahci 0000:00:1f.2: flags: 64bit ncq sntf stag pm led clo pio slum part ccc sxs 
[    5.359624] scsi0 : ahci
[    5.359732] scsi1 : ahci
[    5.359805] scsi2 : ahci
[    5.359868] scsi3 : ahci
[    5.359919] ata1: SATA max UDMA/133 abar m2048@0xfc204000 port 0xfc204100 irq 46
[    5.359923] ata2: SATA max UDMA/133 abar m2048@0xfc204000 port 0xfc204180 irq 46
[    5.359925] ata3: DUMMY
[    5.359926] ata4: DUMMY
[    5.462959] usb 2-2: New USB device found, idVendor=0951, idProduct=1665
[    5.462964] usb 2-2: New USB device strings: Mfr=1, Product=2, SerialNumber=3
[    5.462968] usb 2-2: Product: DataTraveler 2.0
[    5.462972] usb 2-2: Manufacturer: Kingston
[    5.462975] usb 2-2: SerialNumber: 60A44C413C7AF9707B551D43
[    5.466611] usb-storage 2-2:1.0: USB Mass Storage device detected
[    5.466695] scsi4 : usb-storage 2-2:1.0
[    5.466768] usbcore: registered new interface driver usb-storage
[    5.664069] ata1: SATA link up 3.0 Gbps (SStatus 123 SControl 300)
[    5.665322] ata1.00: ACPI cmd ef/02:00:00:00:00:a0 (SET FEATURES) succeeded
[    5.665329] ata1.00: ACPI cmd f5/00:00:00:00:00:a0 (SECURITY FREEZE LOCK) filtered out
[    5.665333] ata1.00: ACPI cmd ef/10:03:00:00:00:a0 (SET FEATURES) filtered out
[    5.669160] usb 4-1: new full-speed USB device number 2 using uhci_hcd
[    5.712467] ata1.00: ATA-8: ST9250315AS, 0020LVM1, max UDMA/100
[    5.712472] ata1.00: 488397168 sectors, multi 16: LBA48 NCQ (depth 31/32)
[    5.714606] ata1.00: ACPI cmd ef/02:00:00:00:00:a0 (SET FEATURES) succeeded
[    5.714611] ata1.00: ACPI cmd f5/00:00:00:00:00:a0 (SECURITY FREEZE LOCK) filtered out
[    5.714616] ata1.00: ACPI cmd ef/10:03:00:00:00:a0 (SET FEATURES) filtered out
[    5.716448] ata1.00: configured for UDMA/100
[    5.716704] scsi 0:0:0:0: Direct-Access     ATA      ST9250315AS      0020 PQ: 0 ANSI: 5
[    5.716877] sd 0:0:0:0: Attached scsi generic sg0 type 0
[    5.716957] sd 0:0:0:0: [sda] 488397168 512-byte logical blocks: (250 GB/232 GiB)
[    5.717066] sd 0:0:0:0: [sda] Write Protect is off
[    5.717070] sd 0:0:0:0: [sda] Mode Sense: 00 3a 00 00
[    5.717089] sd 0:0:0:0: [sda] Write cache: enabled, read cache: enabled, doesn't support DPO or FUA
[    5.724169]  sda: sda1 sda2
[    5.724482] sd 0:0:0:0: [sda] Attached SCSI disk
[    5.824656] usb 4-1: New USB device found, idVendor=08ff, idProduct=2810
[    5.824662] usb 4-1: New USB device strings: Mfr=0, Product=1, SerialNumber=0
[    5.824666] usb 4-1: Product: Fingerprint Sensor
[    5.953779] input: DualPoint Stick as /devices/platform/i8042/serio1/input/input6
[    5.985449] input: AlpsPS/2 ALPS DualPoint TouchPad as /devices/platform/i8042/serio1/input/input5
[    6.021143] ata2: SATA link up 1.5 Gbps (SStatus 113 SControl 300)
[    6.024001] ata2.00: ACPI cmd e3/00:1f:00:00:00:a0 (IDLE) succeeded
[    6.024850] ata2.00: ACPI cmd e3/00:02:00:00:00:a0 (IDLE) succeeded
[    6.024855] ata2.00: ACPI cmd ef/10:03:00:00:00:a0 (SET FEATURES) filtered out
[    6.026643] ata2.00: ATAPI: MATSHITADVD-RAM UJ890, SB01, max UDMA/100
[    6.030288] ata2.00: ACPI cmd e3/00:1f:00:00:00:a0 (IDLE) succeeded
[    6.031068] ata2.00: ACPI cmd e3/00:02:00:00:00:a0 (IDLE) succeeded
[    6.031073] ata2.00: ACPI cmd ef/10:03:00:00:00:a0 (SET FEATURES) filtered out
[    6.032169] usb 4-2: new full-speed USB device number 3 using uhci_hcd
[    6.032714] ata2.00: configured for UDMA/100
[    6.036626] scsi 1:0:0:0: CD-ROM            MATSHITA DVD-RAM UJ890    SB01 PQ: 0 ANSI: 5
[    6.039971] sr0: scsi3-mmc drive: 24x/24x writer dvd-ram cd/rw xa/form2 cdda tray
[    6.039975] cdrom: Uniform CD-ROM driver Revision: 3.20
[    6.040166] sr 1:0:0:0: Attached scsi CD-ROM sr0
[    6.040232] sr 1:0:0:0: Attached scsi generic sg1 type 5
[    6.186648] usb 4-2: New USB device found, idVendor=0a5c, idProduct=2145
[    6.186655] usb 4-2: New USB device strings: Mfr=1, Product=2, SerialNumber=0
[    6.186659] usb 4-2: Product: ThinkPad Bluetooth with Enhanced Data Rate II
[    6.186663] usb 4-2: Manufacturer: Lenovo Computer Corp
[    6.398041] random: nonblocking pool is initialized
[    6.492264] scsi 4:0:0:0: Direct-Access     Kingston DataTraveler 2.0 1.00 PQ: 0 ANSI: 4
[    6.501410] sd 4:0:0:0: Attached scsi generic sg2 type 0
[    6.502046] sd 4:0:0:0: [sdb] 15131636 512-byte logical blocks: (7.74 GB/7.21 GiB)
[    6.502703] sd 4:0:0:0: [sdb] Write Protect is off
[    6.502709] sd 4:0:0:0: [sdb] Mode Sense: 45 00 00 00
[    6.503434] sd 4:0:0:0: [sdb] Write cache: disabled, read cache: enabled, doesn't support DPO or FUA
[    6.507977]  sdb: sdb1
[    6.510814] sd 4:0:0:0: [sdb] Attached SCSI removable disk
[    7.048959] md: linear personality registered for level -1
[    7.052291] md: multipath personality registered for level -4
[    7.055819] md: raid0 personality registered for level 0
[    7.059401] md: raid1 personality registered for level 1
[    7.080033] raid6: sse2x1    3726 MB/s
[    7.097029] raid6: sse2x2    3730 MB/s
[    7.114023] raid6: sse2x4    6519 MB/s
[    7.114025] raid6: using algorithm sse2x4 (6519 MB/s)
[    7.114027] raid6: using ssse3x2 recovery algorithm
[    7.115546] xor: measuring software checksum speed
[    7.125039]    prefetch64-sse:  9536.000 MB/sec
[    7.135034]    generic_sse:  8432.000 MB/sec
[    7.135037] xor: using function: prefetch64-sse (9536.000 MB/sec)
[    7.136430] async_tx: api initialized (async)
[    7.144768] md: raid6 personality registered for level 6
[    7.144771] md: raid5 personality registered for level 5
[    7.144773] md: raid4 personality registered for level 4
[    7.151702] md: raid10 personality registered for level 10
[    8.117442] ISO 9660 Extensions: Microsoft Joliet Level 3
[    8.121436] ISO 9660 Extensions: RRIP_1991A
[    8.211872] squashfs: version 4.0 (2009/01/31) Phillip Lougher
[   18.737090] IPv6: ADDRCONF(NETDEV_UP): eth0: link is not ready
[   18.875727] systemd-udevd[2023]: starting version 204
[   19.109157] lp: driver loaded but no devices found
[   19.130202] ppdev: user-space parallel port driver
[   19.144261] mei_me 0000:00:03.0: irq 47 for MSI/MSI-X
[   19.223435] Bluetooth: Core ver 2.17
[   19.223465] NET: Registered protocol family 31
[   19.223467] Bluetooth: HCI device and connection manager initialized
[   19.223479] Bluetooth: HCI socket layer initialized
[   19.223481] Bluetooth: L2CAP socket layer initialized
[   19.223486] Bluetooth: SCO socket layer initialized
[   19.264492] Bluetooth: BNEP (Ethernet Emulation) ver 1.3
[   19.264497] Bluetooth: BNEP filters: protocol multicast
[   19.264509] Bluetooth: BNEP socket layer initialized
[   19.281693] Bluetooth: RFCOMM TTY layer initialized
[   19.281711] Bluetooth: RFCOMM socket layer initialized
[   19.281719] Bluetooth: RFCOMM ver 1.11
[   19.351720] systemd-udevd[2134]: failed to execute '/lib/udev/mtp-probe' 'mtp-probe /sys/devices/pci0000:00/0000:00:1a.1/usb4/4-1 4 2': No such file or directory
[   19.455345] usbcore: registered new interface driver btusb
[   19.509439] Linux video capture interface: v2.00
[   19.510428] init: cups main process (2123) killed by HUP signal
[   19.510443] init: cups main process ended, respawning
[   19.527715] ACPI Warning: 0x0000000000001028-0x000000000000102f SystemIO conflicts with Region \_SB_.PCI0.LPC_.PMIO 1 (20131115/utaddress-251)
[   19.527723] ACPI: If an ACPI driver is available for this device, you should use it instead of the native driver
[   19.527727] ACPI Warning: 0x00000000000011b0-0x00000000000011bf SystemIO conflicts with Region \_SB_.PCI0.LPC_.LPIO 1 (20131115/utaddress-251)
[   19.527731] ACPI: If an ACPI driver is available for this device, you should use it instead of the native driver
[   19.527732] ACPI Warning: 0x0000000000001180-0x00000000000011af SystemIO conflicts with Region \_SB_.PCI0.LPC_.LPIO 1 (20131115/utaddress-251)
[   19.527735] ACPI: If an ACPI driver is available for this device, you should use it instead of the native driver
[   19.527737] lpc_ich: Resource conflict(s) found affecting gpio_ich
[   19.569700] uvcvideo: Found UVC 1.00 device Integrated Camera (17ef:1004)
[   19.574899] input: Integrated Camera as /devices/pci0000:00/0000:00:1a.7/usb1/1-6/1-6:1.0/input/input8
[   19.575157] usbcore: registered new interface driver uvcvideo
[   19.575160] USB Video Class driver (1.1.1)
[   19.581237] r592: driver successfully loaded
[   19.587611] yenta_cardbus 0000:15:00.0: CardBus bridge found [17aa:20c6]
[   19.615364] cfg80211: Calling CRDA to update world regulatory domain
[   19.631062] device-mapper: multipath: version 1.6.0 loaded
[   19.682245] Intel(R) Wireless WiFi driver for Linux, in-tree:
[   19.682250] Copyright(c) 2003-2013 Intel Corporation
[   19.682402] iwlwifi 0000:03:00.0: can't disable ASPM; OS doesn't have ASPM control
[   19.682465] iwlwifi 0000:03:00.0: irq 48 for MSI/MSI-X
[   19.685191] 0000:03:00.0: Missing Free firmware
[   19.685203] iwlwifi 0000:03:00.0: Couldn't request the fw
[   19.685472] iwlwifi 0000:03:00.0: Direct firmware load failed with error -2
[   19.685475] iwlwifi 0000:03:00.0: Falling back to user helper
[   19.685674] iwlwifi: probe of 0000:03:00.0 failed with error -22
[   19.711322] yenta_cardbus 0000:15:00.0: ISA IRQ mask 0x0cb8, PCI irq 16
[   19.711328] yenta_cardbus 0000:15:00.0: Socket status: 30000006
[   19.711337] yenta_cardbus 0000:15:00.0: pcmcia: parent PCI bridge window: [io  0x4000-0x7fff]
[   19.711340] yenta_cardbus 0000:15:00.0: pcmcia: parent PCI bridge window: [mem 0xf4900000-0xf7ffffff]
[   19.711343] pcmcia_socket pcmcia_socket0: cs: memory probe 0xf4900000-0xf7ffffff:
[   19.711348]  excluding 0xf4900000-0xf4c6ffff
[   19.711357] yenta_cardbus 0000:15:00.0: pcmcia: parent PCI bridge window: [mem 0xf0000000-0xf3ffffff 64bit pref]
[   19.711359] pcmcia_socket pcmcia_socket0: cs: memory probe 0xf0000000-0xf3ffffff:
[   19.711369]  excluding 0xf0000000-0xf3ffffff
[   19.779201] r852: driver loaded successfully
[   19.825629] Non-volatile memory driver v1.3
[   19.882936] kvm: disabled by bios
[   19.999855] snd_hda_intel 0000:00:1b.0: irq 48 for MSI/MSI-X
[   20.002791] thinkpad_acpi: ThinkPad ACPI Extras v0.25
[   20.002792] thinkpad_acpi: http://ibm-acpi.sf.net/
[   20.002793] thinkpad_acpi: ThinkPad BIOS 7YET83WW (3.13 ), EC 7VHT16WW-1.06
[   20.002794] thinkpad_acpi: Lenovo ThinkPad R500, model 2714AAG
[   20.081269] thinkpad_acpi: detected a 16-level brightness capable ThinkPad
[   20.083495] thinkpad_acpi: radio switch found; radios are enabled
[   20.083513] thinkpad_acpi: This ThinkPad has standard ACPI backlight brightness control, supported by the ACPI video driver
[   20.083514] thinkpad_acpi: Disabling thinkpad-acpi brightness events by default...
[   20.084723] hda_codec: CX20561 (Hermosa): BIOS auto-probing.
[   20.085220] autoconfig: line_outs=1 (0x1a/0x0/0x0/0x0/0x0) type:speaker
[   20.085222]    speaker_outs=0 (0x0/0x0/0x0/0x0/0x0)
[   20.085224]    hp_outs=2 (0x19/0x16/0x0/0x0/0x0)
[   20.085225]    mono: mono_out=0x0
[   20.085226]    dig-out=0x1c/0x0
[   20.085227]    inputs:
[   20.085229]      Mic=0x18
[   20.085231]      Internal Mic=0x1d
[   20.085232]      Dock Mic=0x17
[   20.091075] hda_codec: Enable sync_write for stable communication
[   20.099327] input: HDA Intel Headphone as /devices/pci0000:00/0000:00:1b.0/sound/card0/input13
[   20.108925] input: HDA Intel Dock Headphone as /devices/pci0000:00/0000:00:1b.0/sound/card0/input12
[   20.109132] input: HDA Intel Dock Mic as /devices/pci0000:00/0000:00:1b.0/sound/card0/input11
[   20.109769] input: HDA Intel Mic as /devices/pci0000:00/0000:00:1b.0/sound/card0/input10
[   20.158059] thinkpad_acpi: rfkill switch tpacpi_bluetooth_sw: radio is unblocked
[   20.173473] init: failsafe main process (2266) killed by TERM signal
[   20.181538] thinkpad_acpi: Standard ACPI backlight interface available, not loading native one
[   20.181688] thinkpad_acpi: Console audio control enabled, mode: monitor (read only)
[   20.231295] input: ThinkPad Extra Buttons as /devices/platform/thinkpad_acpi/input/input9
[   20.487581] pcmcia_socket pcmcia_socket0: cs: memory probe 0x0c0000-0x0fffff:
[   20.487589]  excluding 0xc0000-0xd3fff 0xdc000-0xfffff
[   20.487610] pcmcia_socket pcmcia_socket0: cs: memory probe 0xa0000000-0xa0ffffff:
[   20.487622]  clean.
[   20.487637] pcmcia_socket pcmcia_socket0: cs: memory probe 0x60000000-0x60ffffff:
[   20.487643]  excluding 0x60000000-0x60ffffff
[   20.853653] init: alsa-restore main process (2569) terminated with status 99
[   21.251997] tg3 0000:04:00.0: irq 49 for MSI/MSI-X
[   21.375038] IPv6: ADDRCONF(NETDEV_UP): eth0: link is not ready
[   21.375392] IPv6: ADDRCONF(NETDEV_UP): eth0: link is not ready
[   22.224028] init: plymouth-upstart-bridge main process ended, respawning
[   24.977766] tg3 0000:04:00.0 eth0: Link is up at 1000 Mbps, full duplex
[   24.977771] tg3 0000:04:00.0 eth0: Flow control is on for TX and on for RX
[   24.977792] IPv6: ADDRCONF(NETDEV_CHANGE): eth0: link becomes ready
[  203.231110] usb 3-1: new low-speed USB device number 2 using uhci_hcd
[  203.396115] usb 3-1: New USB device found, idVendor=046d, idProduct=c05a
[  203.396121] usb 3-1: New USB device strings: Mfr=1, Product=2, SerialNumber=0
[  203.396126] usb 3-1: Product: USB Optical Mouse
[  203.396129] usb 3-1: Manufacturer: Logitech
[  203.417465] hidraw: raw HID events driver (C) Jiri Kosina
[  203.439360] usbcore: registered new interface driver usbhid
[  203.439365] usbhid: USB HID core driver
[  203.449756] input: Logitech USB Optical Mouse as /devices/pci0000:00/0000:00:1a.0/usb3/3-1/3-1:1.0/input/input14
[  203.449956] hid-generic 0003:046D:C05A.0001: input,hidraw0: USB HID v1.11 Mouse [Logitech USB Optical Mouse] on usb-0000:00:1a.0-1/input0
[  432.806129] init: plymouth-upstart-bridge main process (6025) terminated with status 1
[  432.806144] init: plymouth-upstart-bridge main process ended, respawning
[  433.040315] init: upstart-udev-bridge main process ended, respawning
[  433.046995] systemd-udevd[6173]: starting version 204
[  433.073701] init: udev main process ended, respawning
[  433.154558] init: dbus main process (6204) terminated with status 1
[  433.154574] init: dbus main process ended, respawning
[  433.190418] init: bluetooth main process ended, respawning
[  433.287270] init: systemd-logind main process (6228) terminated with status 1
[  433.287286] init: systemd-logind main process ended, respawning
[  433.344936] init: systemd-logind main process (6269) terminated with status 1
[  433.344953] init: systemd-logind main process ended, respawning
[  433.347514] init: avahi-daemon main process (6267) terminated with status 255
[  433.347531] init: avahi-daemon main process ended, respawning
[  433.454739] init: rsyslog main process (6272) terminated with status 1
[  433.454756] init: rsyslog main process ended, respawning
[  433.499870] init: systemd-logind main process (6280) terminated with status 1
[  433.499886] init: systemd-logind main process ended, respawning
[  433.549162] systemd-udevd[6295]: failed to execute '/lib/udev/mtp-probe' 'mtp-probe /sys/devices/pci0000:00/0000:00:1a.1/usb4/4-1 4 2': No such file or directory
[  433.581160] systemd-udevd[6301]: failed to execute '/lib/udev/mtp-probe' 'mtp-probe /sys/devices/pci0000:00/0000:00:1a.7/usb1/1-6 1 4': No such file or directory
[  433.598961] init: systemd-logind main process (6293) terminated with status 1
[  433.598978] init: systemd-logind main process ended, respawning
[  433.678694] init: systemd-logind main process (6309) terminated with status 1
[  433.678711] init: systemd-logind main process ended, respawning
[  433.781081] systemd-udevd[6326]: failed to execute '/lib/udev/mtp-probe' 'mtp-probe /sys/devices/pci0000:00/0000:00:1d.7/usb2/2-2 2 2': No such file or directory
[  433.784658] init: systemd-logind main process (6317) terminated with status 1
[  433.784674] init: systemd-logind main process ended, respawning
[  433.872920] systemd-udevd[6334]: failed to execute '/lib/udev/mtp-probe' 'mtp-probe /sys/devices/pci0000:00/0000:00:1d.7/usb2/2-2 2 2': No such file or directory
[  433.877495] init: systemd-logind main process (6333) terminated with status 1
[  433.877511] init: systemd-logind main process ended, respawning
[  433.936771] init: systemd-logind main process (6341) terminated with status 1
[  433.937346] init: systemd-logind main process ended, respawning
[  433.997646] init: systemd-logind main process (6352) terminated with status 1
[  433.997663] init: systemd-logind main process ended, respawning
[  434.024730] pcmcia_socket pcmcia_socket0: cs: memory probe 0x0c0000-0x0fffff:
[  434.024740]  excluding 0xc0000-0xd3fff 0xdc000-0xfffff
[  434.024761] pcmcia_socket pcmcia_socket0: cs: memory probe 0xa0000000-0xa0ffffff:
[  434.024773]  clean.
[  434.024788] pcmcia_socket pcmcia_socket0: cs: memory probe 0x60000000-0x60ffffff:
[  434.024795]  excluding 0x60000000-0x60ffffff
[  434.051881] pcmcia_socket pcmcia_socket0: cs: memory probe 0x0c0000-0x0fffff:
[  434.051891]  excluding 0xc0000-0xd3fff 0xdc000-0xfffff
[  434.051912] pcmcia_socket pcmcia_socket0: cs: memory probe 0xa0000000-0xa0ffffff:
[  434.051924]  clean.
[  434.051939] pcmcia_socket pcmcia_socket0: cs: memory probe 0x60000000-0x60ffffff:
[  434.051945]  excluding 0x60000000-0x60ffffff
[  434.055393] init: systemd-logind main process (6362) terminated with status 1
[  434.055410] init: systemd-logind main process ended, respawning
[  434.133693] init: systemd-logind main process (6371) terminated with status 1
[  434.133709] init: systemd-logind respawning too fast, stopped
[  434.491314] init: upstart-file-bridge main process ended, respawning
[  434.509746] kvm: disabled by bios
[  434.553930] kvm: disabled by bios
[  434.615524] kvm: disabled by bios
[  434.628193] kvm: disabled by bios
[  435.349490] init: upstart-socket-bridge main process ended, respawning
[  481.495063] perf samples too long (2501 > 2500), lowering kernel.perf_event_max_sample_rate to 50000
[  555.465918] init: acpid main process ended, respawning
[  555.471774] init: cron main process (14720) terminated with status 1
[  555.471790] init: cron main process ended, respawning
[  555.473843] init: atd main process ended, respawning
[  555.619354] init: alsa-restore main process (14852) terminated with status 99
[  555.821602] init: lightdm main process (14918) terminated with status 1
[  555.850356] init: plymouth-ready (startup) main process (6024) terminated with status 1
[  700.180550] iasl[16021]: segfault at 7f4c28ee8000 ip 0000000000451c44 sp 00007fffb9c04728 error 4 in iasl[400000+c2000]
[  815.074080] systemd-hostnamed[16060]: Warning: nss-myhostname is not installed. Changing the local hostname might make it unresolveable. Please install nss-myhostname!
