Jan  1 01:00:21 X60Trisquel kernel: imklog 5.8.6, log source = /proc/kmsg started.
Jan  1 01:00:21 X60Trisquel kernel: [    0.000000] Initializing cgroup subsys cpuset
Jan  1 01:00:21 X60Trisquel kernel: [    0.000000] Initializing cgroup subsys cpu
Jan  1 01:00:21 X60Trisquel kernel: [    0.000000] Linux version 3.2.0-64-generic (root@devel.trisquel.info) (gcc version 4.6.3 (Ubuntu/Linaro 4.6.3-1ubuntu5) ) #1trisquel1 SMP Fri Jun 6 11:49:52 UTC 2014 (Ubuntu 3.2.0-64.97+6.0.1trisquel1-generic 3.2.59-gnu)
Jan  1 01:00:21 X60Trisquel kernel: [    0.000000] KERNEL supported cpus:
Jan  1 01:00:21 X60Trisquel kernel: [    0.000000]   Intel GenuineIntel
Jan  1 01:00:21 X60Trisquel kernel: [    0.000000]   AMD AuthenticAMD
Jan  1 01:00:21 X60Trisquel kernel: [    0.000000]   NSC Geode by NSC
Jan  1 01:00:21 X60Trisquel kernel: [    0.000000]   Cyrix CyrixInstead
Jan  1 01:00:21 X60Trisquel kernel: [    0.000000]   Centaur CentaurHauls
Jan  1 01:00:21 X60Trisquel kernel: [    0.000000]   Transmeta GenuineTMx86
Jan  1 01:00:21 X60Trisquel kernel: [    0.000000]   Transmeta TransmetaCPU
Jan  1 01:00:21 X60Trisquel kernel: [    0.000000]   UMC UMC UMC UMC
Jan  1 01:00:21 X60Trisquel kernel: [    0.000000] BIOS-provided physical RAM map:
Jan  1 01:00:21 X60Trisquel kernel: [    0.000000]  BIOS-e820: 0000000000000000 - 0000000000001000 type 16
Jan  1 01:00:21 X60Trisquel kernel: [    0.000000]  BIOS-e820: 0000000000001000 - 00000000000a0000 (usable)
Jan  1 01:00:21 X60Trisquel kernel: [    0.000000]  BIOS-e820: 00000000000c0000 - 000000004f6e0000 (usable)
Jan  1 01:00:21 X60Trisquel kernel: [    0.000000]  BIOS-e820: 000000004f6e0000 - 000000004f800000 type 16
Jan  1 01:00:21 X60Trisquel kernel: [    0.000000]  BIOS-e820: 000000004f800000 - 0000000050000000 (reserved)
Jan  1 01:00:21 X60Trisquel kernel: [    0.000000]  BIOS-e820: 00000000f0000000 - 00000000f4000000 (reserved)
Jan  1 01:00:21 X60Trisquel kernel: [    0.000000] Notice: NX (Execute Disable) protection cannot be enabled in hardware: non-PAE kernel!
Jan  1 01:00:21 X60Trisquel kernel: [    0.000000] NX (Execute Disable) protection: approximated by x86 segment limits
Jan  1 01:00:21 X60Trisquel kernel: [    0.000000] SMBIOS 2.7 present.
Jan  1 01:00:21 X60Trisquel kernel: [    0.000000] DMI: LENOVO 195143U, BIOS t60 05/18/2014
Jan  1 01:00:21 X60Trisquel kernel: [    0.000000] e820 update range: 0000000000000000 - 0000000000010000 (usable) ==> (reserved)
Jan  1 01:00:21 X60Trisquel kernel: [    0.000000] e820 remove range: 00000000000a0000 - 0000000000100000 (usable)
Jan  1 01:00:21 X60Trisquel kernel: [    0.000000] last_pfn = 0x4f6e0 max_arch_pfn = 0x100000
Jan  1 01:00:21 X60Trisquel kernel: [    0.000000] MTRR default type: uncachable
Jan  1 01:00:21 X60Trisquel kernel: [    0.000000] MTRR fixed ranges enabled:
Jan  1 01:00:21 X60Trisquel kernel: [    0.000000]   00000-9FFFF write-back
Jan  1 01:00:21 X60Trisquel kernel: [    0.000000]   A0000-BFFFF uncachable
Jan  1 01:00:21 X60Trisquel kernel: [    0.000000]   C0000-FFFFF write-back
Jan  1 01:00:21 X60Trisquel kernel: [    0.000000] MTRR variable ranges enabled:
Jan  1 01:00:21 X60Trisquel kernel: [    0.000000]   0 base 000000000 mask FC0000000 write-back
Jan  1 01:00:21 X60Trisquel kernel: [    0.000000]   1 base 040000000 mask FF0000000 write-back
Jan  1 01:00:21 X60Trisquel kernel: [    0.000000]   2 base 04F800000 mask FFF800000 uncachable
Jan  1 01:00:21 X60Trisquel kernel: [    0.000000]   3 base 0D0000000 mask FF0000000 write-combining
Jan  1 01:00:21 X60Trisquel kernel: [    0.000000]   4 disabled
Jan  1 01:00:21 X60Trisquel kernel: [    0.000000]   5 disabled
Jan  1 01:00:21 X60Trisquel kernel: [    0.000000]   6 disabled
Jan  1 01:00:21 X60Trisquel kernel: [    0.000000]   7 disabled
Jan  1 01:00:21 X60Trisquel kernel: [    0.000000] x86 PAT enabled: cpu 0, old 0x7040600070406, new 0x7010600070106
Jan  1 01:00:21 X60Trisquel kernel: [    0.000000] found SMP MP-table at [c00f0400] f0400
Jan  1 01:00:21 X60Trisquel kernel: [    0.000000] initial memory mapped : 0 - 01c00000
Jan  1 01:00:21 X60Trisquel kernel: [    0.000000] Base memory trampoline at [c009b000] 9b000 size 16384
Jan  1 01:00:21 X60Trisquel kernel: [    0.000000] init_memory_mapping: 0000000000000000-00000000377fe000
Jan  1 01:00:21 X60Trisquel kernel: [    0.000000]  0000000000 - 0000400000 page 4k
Jan  1 01:00:21 X60Trisquel kernel: [    0.000000]  0000400000 - 0037400000 page 2M
Jan  1 01:00:21 X60Trisquel kernel: [    0.000000]  0037400000 - 00377fe000 page 4k
Jan  1 01:00:21 X60Trisquel kernel: [    0.000000] kernel direct mapping tables up to 377fe000 @ 1bf8000-1c00000
Jan  1 01:00:21 X60Trisquel kernel: [    0.000000] RAMDISK: 35c14000 - 36e02000
Jan  1 01:00:21 X60Trisquel kernel: [    0.000000] ACPI: RSDP 000f0800 00024 (v02 CORE  )
Jan  1 01:00:21 X60Trisquel kernel: [    0.000000] ACPI: XSDT 4f6e28e0 0004C (v01 CORE   COREBOOT 00000000 CORE 00000000)
Jan  1 01:00:21 X60Trisquel kernel: [    0.000000] ACPI: HPET 4f6e2a10 00038 (v01 CORE   COREBOOT 00000000 CORE 00000000)
Jan  1 01:00:21 X60Trisquel kernel: [    0.000000] ACPI: APIC 4f6e2a50 00068 (v01 CORE   COREBOOT 00000000 CORE 00000000)
Jan  1 01:00:21 X60Trisquel kernel: [    0.000000] ACPI: MCFG 4f6e2ac0 0003C (v01 CORE   COREBOOT 00000000 CORE 00000000)
Jan  1 01:00:21 X60Trisquel kernel: [    0.000000] ACPI: FACP 4f6e5d70 000F4 (v03 CORE   COREBOOT 00000000 CORE 00000000)
Jan  1 01:00:21 X60Trisquel kernel: [    0.000000] ACPI: DSDT 4f6e2b40 03123 (v03 COREv4 COREBOOT 20090419 INTL 20140114)
Jan  1 01:00:21 X60Trisquel kernel: [    0.000000] ACPI: FACS 4f6e2b00 00040
Jan  1 01:00:21 X60Trisquel kernel: [    0.000000] ACPI: SSDT 4f6e5e70 00340 (v02 CORE   COREBOOT 0000002A CORE 0000002A)
Jan  1 01:00:21 X60Trisquel kernel: [    0.000000] ACPI: Local APIC address 0xfee00000
Jan  1 01:00:21 X60Trisquel kernel: [    0.000000] 382MB HIGHMEM available.
Jan  1 01:00:21 X60Trisquel kernel: [    0.000000] 887MB LOWMEM available.
Jan  1 01:00:21 X60Trisquel kernel: [    0.000000]   mapped low ram: 0 - 377fe000
Jan  1 01:00:21 X60Trisquel kernel: [    0.000000]   low ram: 0 - 377fe000
Jan  1 01:00:21 X60Trisquel kernel: [    0.000000] Zone PFN ranges:
Jan  1 01:00:21 X60Trisquel kernel: [    0.000000]   DMA      0x00000010 -> 0x00001000
Jan  1 01:00:21 X60Trisquel kernel: [    0.000000]   Normal   0x00001000 -> 0x000377fe
Jan  1 01:00:21 X60Trisquel kernel: [    0.000000]   HighMem  0x000377fe -> 0x0004f6e0
Jan  1 01:00:21 X60Trisquel kernel: [    0.000000] Movable zone start PFN for each node
Jan  1 01:00:21 X60Trisquel kernel: [    0.000000] early_node_map[2] active PFN ranges
Jan  1 01:00:21 X60Trisquel kernel: [    0.000000]     0: 0x00000010 -> 0x000000a0
Jan  1 01:00:21 X60Trisquel kernel: [    0.000000]     0: 0x00000100 -> 0x0004f6e0
Jan  1 01:00:21 X60Trisquel kernel: [    0.000000] On node 0 totalpages: 325232
Jan  1 01:00:21 X60Trisquel kernel: [    0.000000] free_area_init_node: node 0, pgdat c1819ec0, node_mem_map f6e0d200
Jan  1 01:00:21 X60Trisquel kernel: [    0.000000]   DMA zone: 32 pages used for memmap
Jan  1 01:00:21 X60Trisquel kernel: [    0.000000]   DMA zone: 0 pages reserved
Jan  1 01:00:21 X60Trisquel kernel: [    0.000000]   DMA zone: 3952 pages, LIFO batch:0
Jan  1 01:00:21 X60Trisquel kernel: [    0.000000]   Normal zone: 1744 pages used for memmap
Jan  1 01:00:21 X60Trisquel kernel: [    0.000000]   Normal zone: 221486 pages, LIFO batch:31
Jan  1 01:00:21 X60Trisquel kernel: [    0.000000]   HighMem zone: 766 pages used for memmap
Jan  1 01:00:21 X60Trisquel kernel: [    0.000000]   HighMem zone: 97252 pages, LIFO batch:31
Jan  1 01:00:21 X60Trisquel kernel: [    0.000000] Using APIC driver default
Jan  1 01:00:21 X60Trisquel kernel: [    0.000000] ACPI: PM-Timer IO Port: 0x508
Jan  1 01:00:21 X60Trisquel kernel: [    0.000000] ACPI: Local APIC address 0xfee00000
Jan  1 01:00:21 X60Trisquel kernel: [    0.000000] ACPI: LAPIC (acpi_id[0x00] lapic_id[0x00] enabled)
Jan  1 01:00:21 X60Trisquel kernel: [    0.000000] ACPI: LAPIC (acpi_id[0x01] lapic_id[0x01] enabled)
Jan  1 01:00:21 X60Trisquel kernel: [    0.000000] ACPI: LAPIC_NMI (acpi_id[0x00] high edge lint[0x1])
Jan  1 01:00:21 X60Trisquel kernel: [    0.000000] ACPI: LAPIC_NMI (acpi_id[0x01] high edge lint[0x1])
Jan  1 01:00:21 X60Trisquel kernel: [    0.000000] ACPI: IOAPIC (id[0x02] address[0xfec00000] gsi_base[0])
Jan  1 01:00:21 X60Trisquel kernel: [    0.000000] IOAPIC[0]: apic_id 2, version 32, address 0xfec00000, GSI 0-23
Jan  1 01:00:21 X60Trisquel kernel: [    0.000000] ACPI: INT_SRC_OVR (bus 0 bus_irq 0 global_irq 2 high edge)
Jan  1 01:00:21 X60Trisquel kernel: [    0.000000] ACPI: INT_SRC_OVR (bus 0 bus_irq 9 global_irq 9 high level)
Jan  1 01:00:21 X60Trisquel kernel: [    0.000000] ACPI: IRQ0 used by override.
Jan  1 01:00:21 X60Trisquel kernel: [    0.000000] ACPI: IRQ2 used by override.
Jan  1 01:00:21 X60Trisquel kernel: [    0.000000] ACPI: IRQ9 used by override.
Jan  1 01:00:21 X60Trisquel kernel: [    0.000000] Using ACPI (MADT) for SMP configuration information
Jan  1 01:00:21 X60Trisquel kernel: [    0.000000] ACPI: HPET id: 0x8086a201 base: 0xfed00000
Jan  1 01:00:21 X60Trisquel kernel: [    0.000000] SMP: Allowing 2 CPUs, 0 hotplug CPUs
Jan  1 01:00:21 X60Trisquel kernel: [    0.000000] nr_irqs_gsi: 40
Jan  1 01:00:21 X60Trisquel kernel: [    0.000000] PM: Registered nosave memory: 0000000000001000 - 0000000000010000
Jan  1 01:00:21 X60Trisquel kernel: [    0.000000] PM: Registered nosave memory: 00000000000a0000 - 0000000000100000
Jan  1 01:00:21 X60Trisquel kernel: [    0.000000] Allocating PCI resources starting at 50000000 (gap: 50000000:a0000000)
Jan  1 01:00:21 X60Trisquel kernel: [    0.000000] Booting paravirtualized kernel on bare hardware
Jan  1 01:00:21 X60Trisquel kernel: [    0.000000] setup_percpu: NR_CPUS:8 nr_cpumask_bits:8 nr_cpu_ids:2 nr_node_ids:1
Jan  1 01:00:21 X60Trisquel kernel: [    0.000000] PERCPU: Embedded 13 pages/cpu @f5bfa000 s31616 r0 d21632 u53248
Jan  1 01:00:21 X60Trisquel kernel: [    0.000000] pcpu-alloc: s31616 r0 d21632 u53248 alloc=13*4096
Jan  1 01:00:21 X60Trisquel kernel: [    0.000000] pcpu-alloc: [0] 0 [0] 1 
Jan  1 01:00:21 X60Trisquel kernel: [    0.000000] Built 1 zonelists in Zone order, mobility grouping on.  Total pages: 322690
Jan  1 01:00:21 X60Trisquel kernel: [    0.000000] Kernel command line: BOOT_IMAGE=(ahci0,1)/vmlinuz root=/dev/sda1 processor.max_cstate=2
Jan  1 01:00:21 X60Trisquel kernel: [    0.000000] PID hash table entries: 4096 (order: 2, 16384 bytes)
Jan  1 01:00:21 X60Trisquel kernel: [    0.000000] Dentry cache hash table entries: 131072 (order: 7, 524288 bytes)
Jan  1 01:00:21 X60Trisquel kernel: [    0.000000] Inode-cache hash table entries: 65536 (order: 6, 262144 bytes)
Jan  1 01:00:21 X60Trisquel kernel: [    0.000000] Initializing CPU#0
Jan  1 01:00:21 X60Trisquel kernel: [    0.000000] allocated 5205248 bytes of page_cgroup
Jan  1 01:00:21 X60Trisquel kernel: [    0.000000] please try 'cgroup_disable=memory' option if you don't want memory cgroups
Jan  1 01:00:21 X60Trisquel kernel: [    0.000000] Initializing HighMem for node 0 (000377fe:0004f6e0)
Jan  1 01:00:21 X60Trisquel kernel: [    0.000000] Memory: 1256388k/1301376k available (5647k kernel code, 44540k reserved, 2697k data, 716k init, 392072k highmem)
Jan  1 01:00:21 X60Trisquel kernel: [    0.000000] virtual kernel memory layout:
Jan  1 01:00:21 X60Trisquel kernel: [    0.000000]     fixmap  : 0xfff16000 - 0xfffff000   ( 932 kB)
Jan  1 01:00:21 X60Trisquel kernel: [    0.000000]     pkmap   : 0xff800000 - 0xffc00000   (4096 kB)
Jan  1 01:00:21 X60Trisquel kernel: [    0.000000]     vmalloc : 0xf7ffe000 - 0xff7fe000   ( 120 MB)
Jan  1 01:00:21 X60Trisquel kernel: [    0.000000]     lowmem  : 0xc0000000 - 0xf77fe000   ( 887 MB)
Jan  1 01:00:21 X60Trisquel kernel: [    0.000000]       .init : 0xc1827000 - 0xc18da000   ( 716 kB)
Jan  1 01:00:21 X60Trisquel kernel: [    0.000000]       .data : 0xc1583f04 - 0xc1826600   (2697 kB)
Jan  1 01:00:21 X60Trisquel kernel: [    0.000000]       .text : 0xc1000000 - 0xc1583f04   (5647 kB)
Jan  1 01:00:21 X60Trisquel kernel: [    0.000000] Checking if this processor honours the WP bit even in supervisor mode...Ok.
Jan  1 01:00:21 X60Trisquel kernel: [    0.000000] SLUB: Genslabs=15, HWalign=64, Order=0-3, MinObjects=0, CPUs=2, Nodes=1
Jan  1 01:00:21 X60Trisquel kernel: [    0.000000] Hierarchical RCU implementation.
Jan  1 01:00:21 X60Trisquel kernel: [    0.000000] 	RCU dyntick-idle grace-period acceleration is enabled.
Jan  1 01:00:21 X60Trisquel kernel: [    0.000000] NR_IRQS:2304 nr_irqs:512 16
Jan  1 01:00:21 X60Trisquel kernel: [    0.000000] CPU 0 irqstacks, hard=f5008000 soft=f500a000
Jan  1 01:00:21 X60Trisquel kernel: [    0.000000] Extended CMOS year: 12400
Jan  1 01:00:21 X60Trisquel kernel: [    0.000000] WARNING: Persistent clock returned invalid value!
Jan  1 01:00:21 X60Trisquel kernel: [    0.000000]          Check your CMOS/BIOS settings.
Jan  1 01:00:21 X60Trisquel kernel: [    0.000000] Console: colour dummy device 80x25
Jan  1 01:00:21 X60Trisquel kernel: [    0.000000] console [tty0] enabled
Jan  1 01:00:21 X60Trisquel kernel: [    0.000000] hpet clockevent registered
Jan  1 01:00:21 X60Trisquel kernel: [    0.000000] Fast TSC calibration using PIT
Jan  1 01:00:21 X60Trisquel kernel: [    0.000000] Detected 1995.017 MHz processor.
Jan  1 01:00:21 X60Trisquel kernel: [    0.004002] Calibrating delay loop (skipped), value calculated using timer frequency.. 3990.03 BogoMIPS (lpj=7980068)
Jan  1 01:00:21 X60Trisquel kernel: [    0.004012] pid_max: default: 32768 minimum: 301
Jan  1 01:00:21 X60Trisquel kernel: [    0.004038] Security Framework initialized
Jan  1 01:00:21 X60Trisquel kernel: [    0.004057] AppArmor: AppArmor initialized
Jan  1 01:00:21 X60Trisquel kernel: [    0.004061] Yama: becoming mindful.
Jan  1 01:00:21 X60Trisquel kernel: [    0.004122] Mount-cache hash table entries: 512
Jan  1 01:00:21 X60Trisquel kernel: [    0.004262] Initializing cgroup subsys cpuacct
Jan  1 01:00:21 X60Trisquel kernel: [    0.004271] Initializing cgroup subsys memory
Jan  1 01:00:21 X60Trisquel kernel: [    0.004282] Initializing cgroup subsys devices
Jan  1 01:00:21 X60Trisquel kernel: [    0.004286] Initializing cgroup subsys freezer
Jan  1 01:00:21 X60Trisquel kernel: [    0.004291] Initializing cgroup subsys blkio
Jan  1 01:00:21 X60Trisquel kernel: [    0.004300] Initializing cgroup subsys perf_event
Jan  1 01:00:21 X60Trisquel kernel: [    0.004330] CPU: Physical Processor ID: 0
Jan  1 01:00:21 X60Trisquel kernel: [    0.004334] CPU: Processor Core ID: 0
Jan  1 01:00:21 X60Trisquel kernel: [    0.004340] mce: CPU supports 6 MCE banks
Jan  1 01:00:21 X60Trisquel kernel: [    0.004350] CPU0: Thermal monitoring enabled (TM2)
Jan  1 01:00:21 X60Trisquel kernel: [    0.004356] using mwait in idle threads.
Jan  1 01:00:21 X60Trisquel kernel: [    0.006568] ACPI: Core revision 20110623
Jan  1 01:00:21 X60Trisquel kernel: [    0.011507] ftrace: allocating 25532 entries in 50 pages
Jan  1 01:00:21 X60Trisquel kernel: [    0.012053] Enabling APIC mode:  Flat.  Using 1 I/O APICs
Jan  1 01:00:21 X60Trisquel kernel: [    0.012516] ..TIMER: vector=0x30 apic1=0 pin1=2 apic2=-1 pin2=-1
Jan  1 01:00:21 X60Trisquel kernel: [    0.055668] CPU0: Intel(R) Core(TM)2 CPU         T7200  @ 2.00GHz stepping 06
Jan  1 01:00:21 X60Trisquel kernel: [    0.056003] Performance Events: PEBS fmt0-, Core2 events, Intel PMU driver.
Jan  1 01:00:21 X60Trisquel kernel: [    0.056003] PEBS disabled due to CPU errata.
Jan  1 01:00:21 X60Trisquel kernel: [    0.056003] ... version:                2
Jan  1 01:00:21 X60Trisquel kernel: [    0.056003] ... bit width:              40
Jan  1 01:00:21 X60Trisquel kernel: [    0.056003] ... generic registers:      2
Jan  1 01:00:21 X60Trisquel kernel: [    0.056003] ... value mask:             000000ffffffffff
Jan  1 01:00:21 X60Trisquel kernel: [    0.056003] ... max period:             000000007fffffff
Jan  1 01:00:21 X60Trisquel kernel: [    0.056003] ... fixed-purpose events:   3
Jan  1 01:00:21 X60Trisquel kernel: [    0.056003] ... event mask:             0000000700000003
Jan  1 01:00:21 X60Trisquel kernel: [    0.056003] NMI watchdog enabled, takes one hw-pmu counter.
Jan  1 01:00:21 X60Trisquel kernel: [    0.056003] CPU 1 irqstacks, hard=f50cc000 soft=f50ce000
Jan  1 01:00:21 X60Trisquel kernel: [    0.056003] Booting Node   0, Processors  #1 Ok.
Jan  1 01:00:21 X60Trisquel kernel: [    0.056003] smpboot cpu 1: start_ip = 9b000
Jan  1 01:00:21 X60Trisquel kernel: [    0.008000] Initializing CPU#1
Jan  1 01:00:21 X60Trisquel kernel: [    0.144046] NMI watchdog enabled, takes one hw-pmu counter.
Jan  1 01:00:21 X60Trisquel kernel: [    0.144100] Brought up 2 CPUs
Jan  1 01:00:21 X60Trisquel kernel: [    0.144105] Total of 2 processors activated (7979.94 BogoMIPS).
Jan  1 01:00:21 X60Trisquel kernel: [    0.146309] devtmpfs: initialized
Jan  1 01:00:21 X60Trisquel kernel: [    0.146309] EVM: security.selinux
Jan  1 01:00:21 X60Trisquel kernel: [    0.146309] EVM: security.SMACK64
Jan  1 01:00:21 X60Trisquel kernel: [    0.146309] EVM: security.capability
Jan  1 01:00:21 X60Trisquel kernel: [    0.146309] print_constraints: dummy: 
Jan  1 01:00:21 X60Trisquel kernel: [    0.146309] RTC time:  0:48:49, date: 141/25/41
Jan  1 01:00:21 X60Trisquel kernel: [    0.146309] NET: Registered protocol family 16
Jan  1 01:00:21 X60Trisquel kernel: [    0.148069] Trying to unpack rootfs image as initramfs...
Jan  1 01:00:21 X60Trisquel kernel: [    0.148133] EISA bus registered
Jan  1 01:00:21 X60Trisquel kernel: [    0.148171] ACPI: bus type pci registered
Jan  1 01:00:21 X60Trisquel kernel: [    0.148242] PCI: MMCONFIG for domain 0000 [bus 00-3f] at [mem 0xf0000000-0xf3ffffff] (base 0xf0000000)
Jan  1 01:00:21 X60Trisquel kernel: [    0.148251] PCI: MMCONFIG at [mem 0xf0000000-0xf3ffffff] reserved in E820
Jan  1 01:00:21 X60Trisquel kernel: [    0.148256] PCI: Using MMCONFIG for extended config space
Jan  1 01:00:21 X60Trisquel kernel: [    0.148260] PCI: Using configuration type 1 for base access
Jan  1 01:00:21 X60Trisquel kernel: [    0.149700] bio: create slab <bio-0> at 0
Jan  1 01:00:21 X60Trisquel kernel: [    0.149803] ACPI: Added _OSI(Module Device)
Jan  1 01:00:21 X60Trisquel kernel: [    0.149809] ACPI: Added _OSI(Processor Device)
Jan  1 01:00:21 X60Trisquel kernel: [    0.149814] ACPI: Added _OSI(3.0 _SCP Extensions)
Jan  1 01:00:21 X60Trisquel kernel: [    0.149818] ACPI: Added _OSI(Processor Aggregator Device)
Jan  1 01:00:21 X60Trisquel kernel: [    0.151084] ACPI: EC: Look up EC in DSDT
Jan  1 01:00:21 X60Trisquel kernel: [    0.153408] [Firmware Bug]: ACPI: BIOS _OSI(Linux) query ignored
Jan  1 01:00:21 X60Trisquel kernel: [    0.153818] ACPI: Interpreter enabled
Jan  1 01:00:21 X60Trisquel kernel: [    0.153828] ACPI: (supports S0 S3 S4 S5)
Jan  1 01:00:21 X60Trisquel kernel: [    0.153855] ACPI: Using IOAPIC for interrupt routing
Jan  1 01:00:21 X60Trisquel kernel: [    0.158603] ACPI: EC: GPE = 0x1c, I/O: command/status = 0x66, data = 0x62
Jan  1 01:00:21 X60Trisquel kernel: [    0.160296] ACPI: ACPI Dock Station Driver: 1 docks/bays found
Jan  1 01:00:21 X60Trisquel kernel: [    0.160303] HEST: Table not found.
Jan  1 01:00:21 X60Trisquel kernel: [    0.160309] PCI: Using host bridge windows from ACPI; if necessary, use "pci=nocrs" and report a bug
Jan  1 01:00:21 X60Trisquel kernel: [    0.160419] ACPI: PCI Root Bridge [PCI0] (domain 0000 [bus 00-ff])
Jan  1 01:00:21 X60Trisquel kernel: [    0.160572] pci_root PNP0A08:00: host bridge window [io  0x0000-0x0cf7]
Jan  1 01:00:21 X60Trisquel kernel: [    0.160579] pci_root PNP0A08:00: host bridge window [io  0x0d00-0xffff]
Jan  1 01:00:21 X60Trisquel kernel: [    0.160585] pci_root PNP0A08:00: host bridge window [mem 0x000a0000-0x000bffff]
Jan  1 01:00:21 X60Trisquel kernel: [    0.160591] pci_root PNP0A08:00: host bridge window [mem 0x000c0000-0x000c3fff]
Jan  1 01:00:21 X60Trisquel kernel: [    0.160598] pci_root PNP0A08:00: host bridge window [mem 0x000c4000-0x000c7fff]
Jan  1 01:00:21 X60Trisquel kernel: [    0.160604] pci_root PNP0A08:00: host bridge window [mem 0x000c8000-0x000cbfff]
Jan  1 01:00:21 X60Trisquel kernel: [    0.160610] pci_root PNP0A08:00: host bridge window [mem 0x000cc000-0x000cffff]
Jan  1 01:00:21 X60Trisquel kernel: [    0.160617] pci_root PNP0A08:00: host bridge window [mem 0x000d0000-0x000d3fff]
Jan  1 01:00:21 X60Trisquel kernel: [    0.160623] pci_root PNP0A08:00: host bridge window [mem 0x000d4000-0x000d7fff]
Jan  1 01:00:21 X60Trisquel kernel: [    0.160629] pci_root PNP0A08:00: host bridge window [mem 0x000d8000-0x000dbfff]
Jan  1 01:00:21 X60Trisquel kernel: [    0.160636] pci_root PNP0A08:00: host bridge window [mem 0x000dc000-0x000dffff]
Jan  1 01:00:21 X60Trisquel kernel: [    0.160642] pci_root PNP0A08:00: host bridge window [mem 0x000e0000-0x000e3fff]
Jan  1 01:00:21 X60Trisquel kernel: [    0.160648] pci_root PNP0A08:00: host bridge window [mem 0x000e4000-0x000e7fff]
Jan  1 01:00:21 X60Trisquel kernel: [    0.160655] pci_root PNP0A08:00: host bridge window [mem 0x000e8000-0x000ebfff]
Jan  1 01:00:21 X60Trisquel kernel: [    0.160661] pci_root PNP0A08:00: host bridge window [mem 0x000ec000-0x000effff]
Jan  1 01:00:21 X60Trisquel kernel: [    0.160667] pci_root PNP0A08:00: host bridge window [mem 0x000f0000-0x000fffff]
Jan  1 01:00:21 X60Trisquel kernel: [    0.160674] pci_root PNP0A08:00: host bridge window [mem 0x50000000-0xfebfffff]
Jan  1 01:00:21 X60Trisquel kernel: [    0.160680] pci_root PNP0A08:00: host bridge window [mem 0xfed40000-0xfed44fff]
Jan  1 01:00:21 X60Trisquel kernel: [    0.160704] pci 0000:00:00.0: [8086:27a0] type 0 class 0x000600
Jan  1 01:00:21 X60Trisquel kernel: [    0.160765] pci 0000:00:02.0: [8086:27a2] type 0 class 0x000300
Jan  1 01:00:21 X60Trisquel kernel: [    0.160779] pci 0000:00:02.0: reg 10: [mem 0xe4300000-0xe437ffff]
Jan  1 01:00:21 X60Trisquel kernel: [    0.160787] pci 0000:00:02.0: reg 14: [io  0x50a0-0x50a7]
Jan  1 01:00:21 X60Trisquel kernel: [    0.160794] pci 0000:00:02.0: reg 18: [mem 0xd0000000-0xdfffffff pref]
Jan  1 01:00:21 X60Trisquel kernel: [    0.160802] pci 0000:00:02.0: reg 1c: [mem 0xe4400000-0xe443ffff]
Jan  1 01:00:21 X60Trisquel kernel: [    0.160853] pci 0000:00:02.1: [8086:27a6] type 0 class 0x000380
Jan  1 01:00:21 X60Trisquel kernel: [    0.160864] pci 0000:00:02.1: reg 10: [mem 0xe4380000-0xe43fffff]
Jan  1 01:00:21 X60Trisquel kernel: [    0.160982] pci 0000:00:1b.0: [8086:27d8] type 0 class 0x000403
Jan  1 01:00:21 X60Trisquel kernel: [    0.161007] pci 0000:00:1b.0: reg 10: [mem 0xe4440000-0xe4443fff 64bit]
Jan  1 01:00:21 X60Trisquel kernel: [    0.161120] pci 0000:00:1b.0: PME# supported from D0 D3hot D3cold
Jan  1 01:00:21 X60Trisquel kernel: [    0.161126] pci 0000:00:1b.0: PME# disabled
Jan  1 01:00:21 X60Trisquel kernel: [    0.161157] pci 0000:00:1c.0: [8086:27d0] type 1 class 0x000604
Jan  1 01:00:21 X60Trisquel kernel: [    0.161274] pci 0000:00:1c.0: PME# supported from D0 D3hot D3cold
Jan  1 01:00:21 X60Trisquel kernel: [    0.161280] pci 0000:00:1c.0: PME# disabled
Jan  1 01:00:21 X60Trisquel kernel: [    0.161314] pci 0000:00:1c.1: [8086:27d2] type 1 class 0x000604
Jan  1 01:00:21 X60Trisquel kernel: [    0.161431] pci 0000:00:1c.1: PME# supported from D0 D3hot D3cold
Jan  1 01:00:21 X60Trisquel kernel: [    0.161437] pci 0000:00:1c.1: PME# disabled
Jan  1 01:00:21 X60Trisquel kernel: [    0.161471] pci 0000:00:1c.2: [8086:27d4] type 1 class 0x000604
Jan  1 01:00:21 X60Trisquel kernel: [    0.161586] pci 0000:00:1c.2: PME# supported from D0 D3hot D3cold
Jan  1 01:00:21 X60Trisquel kernel: [    0.161591] pci 0000:00:1c.2: PME# disabled
Jan  1 01:00:21 X60Trisquel kernel: [    0.161625] pci 0000:00:1c.3: [8086:27d6] type 1 class 0x000604
Jan  1 01:00:21 X60Trisquel kernel: [    0.161741] pci 0000:00:1c.3: PME# supported from D0 D3hot D3cold
Jan  1 01:00:21 X60Trisquel kernel: [    0.161747] pci 0000:00:1c.3: PME# disabled
Jan  1 01:00:21 X60Trisquel kernel: [    0.161783] pci 0000:00:1d.0: [8086:27c8] type 0 class 0x000c03
Jan  1 01:00:21 X60Trisquel kernel: [    0.161867] pci 0000:00:1d.0: reg 20: [io  0x5000-0x501f]
Jan  1 01:00:21 X60Trisquel kernel: [    0.161926] pci 0000:00:1d.1: [8086:27c9] type 0 class 0x000c03
Jan  1 01:00:21 X60Trisquel kernel: [    0.162006] pci 0000:00:1d.1: reg 20: [io  0x5020-0x503f]
Jan  1 01:00:21 X60Trisquel kernel: [    0.162053] pci 0000:00:1d.2: [8086:27ca] type 0 class 0x000c03
Jan  1 01:00:21 X60Trisquel kernel: [    0.162113] pci 0000:00:1d.2: reg 20: [io  0x5040-0x505f]
Jan  1 01:00:21 X60Trisquel kernel: [    0.162158] pci 0000:00:1d.3: [8086:27cb] type 0 class 0x000c03
Jan  1 01:00:21 X60Trisquel kernel: [    0.162218] pci 0000:00:1d.3: reg 20: [io  0x5060-0x507f]
Jan  1 01:00:21 X60Trisquel kernel: [    0.162275] pci 0000:00:1d.7: [8086:27cc] type 0 class 0x000c03
Jan  1 01:00:21 X60Trisquel kernel: [    0.162301] pci 0000:00:1d.7: reg 10: [mem 0xe4444000-0xe44443ff]
Jan  1 01:00:21 X60Trisquel kernel: [    0.162416] pci 0000:00:1d.7: PME# supported from D0 D3hot D3cold
Jan  1 01:00:21 X60Trisquel kernel: [    0.162423] pci 0000:00:1d.7: PME# disabled
Jan  1 01:00:21 X60Trisquel kernel: [    0.162448] pci 0000:00:1e.0: [8086:2448] type 1 class 0x000604
Jan  1 01:00:21 X60Trisquel kernel: [    0.162553] pci 0000:00:1f.0: [8086:27b9] type 0 class 0x000601
Jan  1 01:00:21 X60Trisquel kernel: [    0.162677] pci 0000:00:1f.0: ICH7 LPC Generic IO decode 1 PIO at 1600 (mask 007f)
Jan  1 01:00:21 X60Trisquel kernel: [    0.162686] pci 0000:00:1f.0: ICH7 LPC Generic IO decode 2 PIO at 15e0 (mask 000f)
Jan  1 01:00:21 X60Trisquel kernel: [    0.162694] pci 0000:00:1f.0: ICH7 LPC Generic IO decode 3 PIO at 1680 (mask 001f)
Jan  1 01:00:21 X60Trisquel kernel: [    0.162760] pci 0000:00:1f.1: [8086:27df] type 0 class 0x000101
Jan  1 01:00:21 X60Trisquel kernel: [    0.162779] pci 0000:00:1f.1: reg 10: [io  0x50a8-0x50af]
Jan  1 01:00:21 X60Trisquel kernel: [    0.162792] pci 0000:00:1f.1: reg 14: [io  0x50c8-0x50cb]
Jan  1 01:00:21 X60Trisquel kernel: [    0.162805] pci 0000:00:1f.1: reg 18: [io  0x50b0-0x50b7]
Jan  1 01:00:21 X60Trisquel kernel: [    0.162818] pci 0000:00:1f.1: reg 1c: [io  0x50cc-0x50cf]
Jan  1 01:00:21 X60Trisquel kernel: [    0.162832] pci 0000:00:1f.1: reg 20: [io  0x5080-0x508f]
Jan  1 01:00:21 X60Trisquel kernel: [    0.162887] pci 0000:00:1f.2: [8086:27c5] type 0 class 0x000106
Jan  1 01:00:21 X60Trisquel kernel: [    0.162912] pci 0000:00:1f.2: reg 10: [io  0x50b8-0x50bf]
Jan  1 01:00:21 X60Trisquel kernel: [    0.162925] pci 0000:00:1f.2: reg 14: [io  0x50d0-0x50d3]
Jan  1 01:00:21 X60Trisquel kernel: [    0.162939] pci 0000:00:1f.2: reg 18: [io  0x50c0-0x50c7]
Jan  1 01:00:21 X60Trisquel kernel: [    0.162952] pci 0000:00:1f.2: reg 1c: [io  0x50d4-0x50d7]
Jan  1 01:00:21 X60Trisquel kernel: [    0.162965] pci 0000:00:1f.2: reg 20: [io  0x5090-0x509f]
Jan  1 01:00:21 X60Trisquel kernel: [    0.162979] pci 0000:00:1f.2: reg 24: [mem 0xe4444400-0xe44447ff]
Jan  1 01:00:21 X60Trisquel kernel: [    0.163038] pci 0000:00:1f.2: PME# supported from D3hot
Jan  1 01:00:21 X60Trisquel kernel: [    0.163044] pci 0000:00:1f.2: PME# disabled
Jan  1 01:00:21 X60Trisquel kernel: [    0.163066] pci 0000:00:1f.3: [8086:27da] type 0 class 0x000c05
Jan  1 01:00:21 X60Trisquel kernel: [    0.163145] pci 0000:00:1f.3: reg 20: [io  0x0400-0x041f]
Jan  1 01:00:21 X60Trisquel kernel: [    0.163296] pci 0000:01:00.0: [8086:109a] type 0 class 0x000200
Jan  1 01:00:21 X60Trisquel kernel: [    0.163328] pci 0000:01:00.0: reg 10: [mem 0xe4100000-0xe411ffff]
Jan  1 01:00:21 X60Trisquel kernel: [    0.163372] pci 0000:01:00.0: reg 18: [io  0x4000-0x401f]
Jan  1 01:00:21 X60Trisquel kernel: [    0.163563] pci 0000:01:00.0: PME# supported from D0 D3hot D3cold
Jan  1 01:00:21 X60Trisquel kernel: [    0.163572] pci 0000:01:00.0: PME# disabled
Jan  1 01:00:21 X60Trisquel kernel: [    0.163607] pci 0000:01:00.0: disabling ASPM on pre-1.1 PCIe device.  You can enable it with 'pcie_aspm=force'
Jan  1 01:00:21 X60Trisquel kernel: [    0.163633] pci 0000:00:1c.0: PCI bridge to [bus 01-01]
Jan  1 01:00:21 X60Trisquel kernel: [    0.163641] pci 0000:00:1c.0:   bridge window [io  0x4000-0x4fff]
Jan  1 01:00:21 X60Trisquel kernel: [    0.163646] pci 0000:00:1c.0:   bridge window [mem 0xe4100000-0xe41fffff]
Jan  1 01:00:21 X60Trisquel kernel: [    0.163782] pci 0000:02:00.0: [8086:4227] type 0 class 0x000280
Jan  1 01:00:21 X60Trisquel kernel: [    0.163837] pci 0000:02:00.0: reg 10: [mem 0xe4200000-0xe4200fff]
Jan  1 01:00:21 X60Trisquel kernel: [    0.164271] pci 0000:02:00.0: PME# supported from D0 D3hot
Jan  1 01:00:21 X60Trisquel kernel: [    0.164284] pci 0000:02:00.0: PME# disabled
Jan  1 01:00:21 X60Trisquel kernel: [    0.164347] pci 0000:02:00.0: disabling ASPM on pre-1.1 PCIe device.  You can enable it with 'pcie_aspm=force'
Jan  1 01:00:21 X60Trisquel kernel: [    0.164381] pci 0000:00:1c.1: PCI bridge to [bus 02-02]
Jan  1 01:00:21 X60Trisquel kernel: [    0.164391] pci 0000:00:1c.1:   bridge window [mem 0xe4200000-0xe42fffff]
Jan  1 01:00:21 X60Trisquel kernel: [    0.164465] pci 0000:00:1c.2: PCI bridge to [bus 03-03]
Jan  1 01:00:21 X60Trisquel kernel: [    0.164544] pci 0000:00:1c.3: PCI bridge to [bus 04-04]
Jan  1 01:00:21 X60Trisquel kernel: [    0.164607] pci 0000:05:00.0: [104c:ac56] type 2 class 0x000607
Jan  1 01:00:21 X60Trisquel kernel: [    0.164634] pci 0000:05:00.0: reg 10: [mem 0xe2000000-0xe2000fff]
Jan  1 01:00:21 X60Trisquel kernel: [    0.164681] pci 0000:05:00.0: supports D1 D2
Jan  1 01:00:21 X60Trisquel kernel: [    0.164684] pci 0000:05:00.0: PME# supported from D0 D1 D2 D3hot D3cold
Jan  1 01:00:21 X60Trisquel kernel: [    0.164690] pci 0000:05:00.0: PME# disabled
Jan  1 01:00:21 X60Trisquel kernel: [    0.164760] pci 0000:00:1e.0: PCI bridge to [bus 05-05] (subtractive decode)
Jan  1 01:00:21 X60Trisquel kernel: [    0.164769] pci 0000:00:1e.0:   bridge window [io  0x2000-0x3fff]
Jan  1 01:00:21 X60Trisquel kernel: [    0.164774] pci 0000:00:1e.0:   bridge window [mem 0xe0000000-0xe20fffff]
Jan  1 01:00:21 X60Trisquel kernel: [    0.164783] pci 0000:00:1e.0:   bridge window [mem 0xe2100000-0xe40fffff 64bit pref]
Jan  1 01:00:21 X60Trisquel kernel: [    0.164786] pci 0000:00:1e.0:   bridge window [io  0x0000-0x0cf7] (subtractive decode)
Jan  1 01:00:21 X60Trisquel kernel: [    0.164789] pci 0000:00:1e.0:   bridge window [io  0x0d00-0xffff] (subtractive decode)
Jan  1 01:00:21 X60Trisquel kernel: [    0.164792] pci 0000:00:1e.0:   bridge window [mem 0x000a0000-0x000bffff] (subtractive decode)
Jan  1 01:00:21 X60Trisquel kernel: [    0.164795] pci 0000:00:1e.0:   bridge window [mem 0x000c0000-0x000c3fff] (subtractive decode)
Jan  1 01:00:21 X60Trisquel kernel: [    0.164798] pci 0000:00:1e.0:   bridge window [mem 0x000c4000-0x000c7fff] (subtractive decode)
Jan  1 01:00:21 X60Trisquel kernel: [    0.164801] pci 0000:00:1e.0:   bridge window [mem 0x000c8000-0x000cbfff] (subtractive decode)
Jan  1 01:00:21 X60Trisquel kernel: [    0.164804] pci 0000:00:1e.0:   bridge window [mem 0x000cc000-0x000cffff] (subtractive decode)
Jan  1 01:00:21 X60Trisquel kernel: [    0.164807] pci 0000:00:1e.0:   bridge window [mem 0x000d0000-0x000d3fff] (subtractive decode)
Jan  1 01:00:21 X60Trisquel kernel: [    0.164810] pci 0000:00:1e.0:   bridge window [mem 0x000d4000-0x000d7fff] (subtractive decode)
Jan  1 01:00:21 X60Trisquel kernel: [    0.164813] pci 0000:00:1e.0:   bridge window [mem 0x000d8000-0x000dbfff] (subtractive decode)
Jan  1 01:00:21 X60Trisquel kernel: [    0.164816] pci 0000:00:1e.0:   bridge window [mem 0x000dc000-0x000dffff] (subtractive decode)
Jan  1 01:00:21 X60Trisquel kernel: [    0.164819] pci 0000:00:1e.0:   bridge window [mem 0x000e0000-0x000e3fff] (subtractive decode)
Jan  1 01:00:21 X60Trisquel kernel: [    0.164822] pci 0000:00:1e.0:   bridge window [mem 0x000e4000-0x000e7fff] (subtractive decode)
Jan  1 01:00:21 X60Trisquel kernel: [    0.164825] pci 0000:00:1e.0:   bridge window [mem 0x000e8000-0x000ebfff] (subtractive decode)
Jan  1 01:00:21 X60Trisquel kernel: [    0.164828] pci 0000:00:1e.0:   bridge window [mem 0x000ec000-0x000effff] (subtractive decode)
Jan  1 01:00:21 X60Trisquel kernel: [    0.164831] pci 0000:00:1e.0:   bridge window [mem 0x000f0000-0x000fffff] (subtractive decode)
Jan  1 01:00:21 X60Trisquel kernel: [    0.164834] pci 0000:00:1e.0:   bridge window [mem 0x50000000-0xfebfffff] (subtractive decode)
Jan  1 01:00:21 X60Trisquel kernel: [    0.164837] pci 0000:00:1e.0:   bridge window [mem 0xfed40000-0xfed44fff] (subtractive decode)
Jan  1 01:00:21 X60Trisquel kernel: [    0.164841] pci 0000:05:00.0: bridge configuration invalid ([bus 00-00]), reconfiguring
Jan  1 01:00:21 X60Trisquel kernel: [    0.164897] pci_bus 0000:06: [bus 06-09] partially hidden behind transparent bridge 0000:05 [bus 05-05]
Jan  1 01:00:21 X60Trisquel kernel: [    0.164938] pci_bus 0000:00: on NUMA node 0
Jan  1 01:00:21 X60Trisquel kernel: [    0.164943] ACPI: PCI Interrupt Routing Table [\_SB_.PCI0._PRT]
Jan  1 01:00:21 X60Trisquel kernel: [    0.165104] ACPI: PCI Interrupt Routing Table [\_SB_.PCI0.RP01._PRT]
Jan  1 01:00:21 X60Trisquel kernel: [    0.165158] ACPI: PCI Interrupt Routing Table [\_SB_.PCI0.RP02._PRT]
Jan  1 01:00:21 X60Trisquel kernel: [    0.165209] ACPI: PCI Interrupt Routing Table [\_SB_.PCI0.RP03._PRT]
Jan  1 01:00:21 X60Trisquel kernel: [    0.165261] ACPI: PCI Interrupt Routing Table [\_SB_.PCI0.RP04._PRT]
Jan  1 01:00:21 X60Trisquel kernel: [    0.165337] ACPI: PCI Interrupt Routing Table [\_SB_.PCI0.PCIB._PRT]
Jan  1 01:00:21 X60Trisquel kernel: [    0.165496]  pci0000:00: Requesting ACPI _OSC control (0x1d)
Jan  1 01:00:21 X60Trisquel kernel: [    0.165557]  pci0000:00: ACPI _OSC control (0x1d) granted
Jan  1 01:00:21 X60Trisquel kernel: [    0.171939] ACPI: PCI Interrupt Link [LNKA] (IRQs 1 3 4 5 6 7 10 12 14 15) *11
Jan  1 01:00:21 X60Trisquel kernel: [    0.172017] ACPI: PCI Interrupt Link [LNKB] (IRQs 1 3 4 5 6 7 *11 12 14 15)
Jan  1 01:00:21 X60Trisquel kernel: [    0.172082] ACPI: PCI Interrupt Link [LNKC] (IRQs 1 3 4 5 6 7 10 12 14 15) *11
Jan  1 01:00:21 X60Trisquel kernel: [    0.172146] ACPI: PCI Interrupt Link [LNKD] (IRQs 1 3 4 5 6 7 *11 12 14 15)
Jan  1 01:00:21 X60Trisquel kernel: [    0.172208] ACPI: PCI Interrupt Link [LNKE] (IRQs 1 3 4 5 6 7 10 12 14 15) *11
Jan  1 01:00:21 X60Trisquel kernel: [    0.172271] ACPI: PCI Interrupt Link [LNKF] (IRQs 1 3 4 5 6 7 *11 12 14 15)
Jan  1 01:00:21 X60Trisquel kernel: [    0.172334] ACPI: PCI Interrupt Link [LNKG] (IRQs 1 3 4 5 6 7 10 12 14 15) *11
Jan  1 01:00:21 X60Trisquel kernel: [    0.172398] ACPI: PCI Interrupt Link [LNKH] (IRQs 1 3 4 5 6 7 *11 12 14 15)
Jan  1 01:00:21 X60Trisquel kernel: [    0.172528] vgaarb: device added: PCI:0000:00:02.0,decodes=io+mem,owns=io+mem,locks=none
Jan  1 01:00:21 X60Trisquel kernel: [    0.172549] vgaarb: loaded
Jan  1 01:00:21 X60Trisquel kernel: [    0.172552] vgaarb: bridge control possible 0000:00:02.0
Jan  1 01:00:21 X60Trisquel kernel: [    0.172695] i2c-core: driver [aat2870] using legacy suspend method
Jan  1 01:00:21 X60Trisquel kernel: [    0.172700] i2c-core: driver [aat2870] using legacy resume method
Jan  1 01:00:21 X60Trisquel kernel: [    0.172808] SCSI subsystem initialized
Jan  1 01:00:21 X60Trisquel kernel: [    0.176123] libata version 3.00 loaded.
Jan  1 01:00:21 X60Trisquel kernel: [    0.176123] usbcore: registered new interface driver usbfs
Jan  1 01:00:21 X60Trisquel kernel: [    0.176123] usbcore: registered new interface driver hub
Jan  1 01:00:21 X60Trisquel kernel: [    0.176139] usbcore: registered new device driver usb
Jan  1 01:00:21 X60Trisquel kernel: [    0.176258] PCI: Using ACPI for IRQ routing
Jan  1 01:00:21 X60Trisquel kernel: [    0.178840] PCI: pci_cache_line_size set to 64 bytes
Jan  1 01:00:21 X60Trisquel kernel: [    0.178967] reserve RAM buffer: 000000004f6e0000 - 000000004fffffff 
Jan  1 01:00:21 X60Trisquel kernel: [    0.179098] NetLabel: Initializing
Jan  1 01:00:21 X60Trisquel kernel: [    0.179103] NetLabel:  domain hash size = 128
Jan  1 01:00:21 X60Trisquel kernel: [    0.179106] NetLabel:  protocols = UNLABELED CIPSOv4
Jan  1 01:00:21 X60Trisquel kernel: [    0.179121] NetLabel:  unlabeled traffic allowed by default
Jan  1 01:00:21 X60Trisquel kernel: [    0.179198] HPET: 3 timers in total, 0 timers will be used for per-cpu timer
Jan  1 01:00:21 X60Trisquel kernel: [    0.179209] hpet0: at MMIO 0xfed00000, IRQs 2, 8, 0
Jan  1 01:00:21 X60Trisquel kernel: [    0.179218] hpet0: 3 comparators, 64-bit 14.318180 MHz counter
Jan  1 01:00:21 X60Trisquel kernel: [    0.188071] Switching to clocksource hpet
Jan  1 01:00:21 X60Trisquel kernel: [    0.197850] AppArmor: AppArmor Filesystem Enabled
Jan  1 01:00:21 X60Trisquel kernel: [    0.197891] pnp: PnP ACPI init
Jan  1 01:00:21 X60Trisquel kernel: [    0.197915] ACPI: bus type pnp registered
Jan  1 01:00:21 X60Trisquel kernel: [    0.198032] pnp 00:00: [bus 00-ff]
Jan  1 01:00:21 X60Trisquel kernel: [    0.198036] pnp 00:00: [io  0x0000-0x0cf7 window]
Jan  1 01:00:21 X60Trisquel kernel: [    0.198039] pnp 00:00: [io  0x0cf8-0x0cff]
Jan  1 01:00:21 X60Trisquel kernel: [    0.198042] pnp 00:00: [io  0x0d00-0xffff window]
Jan  1 01:00:21 X60Trisquel kernel: [    0.198045] pnp 00:00: [mem 0x000a0000-0x000bffff window]
Jan  1 01:00:21 X60Trisquel kernel: [    0.198047] pnp 00:00: [mem 0x000c0000-0x000c3fff window]
Jan  1 01:00:21 X60Trisquel kernel: [    0.198050] pnp 00:00: [mem 0x000c4000-0x000c7fff window]
Jan  1 01:00:21 X60Trisquel kernel: [    0.198053] pnp 00:00: [mem 0x000c8000-0x000cbfff window]
Jan  1 01:00:21 X60Trisquel kernel: [    0.198056] pnp 00:00: [mem 0x000cc000-0x000cffff window]
Jan  1 01:00:21 X60Trisquel kernel: [    0.198059] pnp 00:00: [mem 0x000d0000-0x000d3fff window]
Jan  1 01:00:21 X60Trisquel kernel: [    0.198061] pnp 00:00: [mem 0x000d4000-0x000d7fff window]
Jan  1 01:00:21 X60Trisquel kernel: [    0.198064] pnp 00:00: [mem 0x000d8000-0x000dbfff window]
Jan  1 01:00:21 X60Trisquel kernel: [    0.198067] pnp 00:00: [mem 0x000dc000-0x000dffff window]
Jan  1 01:00:21 X60Trisquel kernel: [    0.198069] pnp 00:00: [mem 0x000e0000-0x000e3fff window]
Jan  1 01:00:21 X60Trisquel kernel: [    0.198072] pnp 00:00: [mem 0x000e4000-0x000e7fff window]
Jan  1 01:00:21 X60Trisquel kernel: [    0.198075] pnp 00:00: [mem 0x000e8000-0x000ebfff window]
Jan  1 01:00:21 X60Trisquel kernel: [    0.198078] pnp 00:00: [mem 0x000ec000-0x000effff window]
Jan  1 01:00:21 X60Trisquel kernel: [    0.198081] pnp 00:00: [mem 0x000f0000-0x000fffff window]
Jan  1 01:00:21 X60Trisquel kernel: [    0.198083] pnp 00:00: [mem 0x50000000-0xfebfffff window]
Jan  1 01:00:21 X60Trisquel kernel: [    0.198086] pnp 00:00: [mem 0xfed40000-0xfed44fff window]
Jan  1 01:00:21 X60Trisquel kernel: [    0.198171] pnp 00:00: Plug and Play ACPI device, IDs PNP0a08 PNP0a03 (active)
Jan  1 01:00:21 X60Trisquel kernel: [    0.198195] pnp 00:01: [mem 0xfed1c000-0xfed1ffff]
Jan  1 01:00:21 X60Trisquel kernel: [    0.198198] pnp 00:01: [mem 0xfed14000-0xfed17fff]
Jan  1 01:00:21 X60Trisquel kernel: [    0.198200] pnp 00:01: [mem 0xfed18000-0xfed18fff]
Jan  1 01:00:21 X60Trisquel kernel: [    0.198203] pnp 00:01: [mem 0xfed19000-0xfed19fff]
Jan  1 01:00:21 X60Trisquel kernel: [    0.198208] pnp 00:01: [mem 0xf0000000-0xf3ffffff]
Jan  1 01:00:21 X60Trisquel kernel: [    0.198211] pnp 00:01: [mem 0xfed20000-0xfed3ffff]
Jan  1 01:00:21 X60Trisquel kernel: [    0.198213] pnp 00:01: [mem 0xfed40000-0xfed44fff]
Jan  1 01:00:21 X60Trisquel kernel: [    0.198216] pnp 00:01: [mem 0xfed45000-0xfed8ffff]
Jan  1 01:00:21 X60Trisquel kernel: [    0.198285] system 00:01: [mem 0xfed1c000-0xfed1ffff] has been reserved
Jan  1 01:00:21 X60Trisquel kernel: [    0.198292] system 00:01: [mem 0xfed14000-0xfed17fff] has been reserved
Jan  1 01:00:21 X60Trisquel kernel: [    0.198298] system 00:01: [mem 0xfed18000-0xfed18fff] has been reserved
Jan  1 01:00:21 X60Trisquel kernel: [    0.198304] system 00:01: [mem 0xfed19000-0xfed19fff] has been reserved
Jan  1 01:00:21 X60Trisquel kernel: [    0.198310] system 00:01: [mem 0xf0000000-0xf3ffffff] has been reserved
Jan  1 01:00:21 X60Trisquel kernel: [    0.198315] system 00:01: [mem 0xfed20000-0xfed3ffff] has been reserved
Jan  1 01:00:21 X60Trisquel kernel: [    0.198321] system 00:01: [mem 0xfed40000-0xfed44fff] has been reserved
Jan  1 01:00:21 X60Trisquel kernel: [    0.198327] system 00:01: [mem 0xfed45000-0xfed8ffff] has been reserved
Jan  1 01:00:21 X60Trisquel kernel: [    0.198333] system 00:01: Plug and Play ACPI device, IDs PNP0c02 (active)
Jan  1 01:00:21 X60Trisquel kernel: [    0.198775] pnp 00:02: [io  0x0000-0x001f]
Jan  1 01:00:21 X60Trisquel kernel: [    0.198778] pnp 00:02: [io  0x0081-0x0091]
Jan  1 01:00:21 X60Trisquel kernel: [    0.198780] pnp 00:02: [io  0x0093-0x009f]
Jan  1 01:00:21 X60Trisquel kernel: [    0.198782] pnp 00:02: [io  0x00c0-0x00df]
Jan  1 01:00:21 X60Trisquel kernel: [    0.198785] pnp 00:02: [dma 4]
Jan  1 01:00:21 X60Trisquel kernel: [    0.198839] pnp 00:02: Plug and Play ACPI device, IDs PNP0200 (active)
Jan  1 01:00:21 X60Trisquel kernel: [    0.198850] pnp 00:03: [mem 0xff000000-0xffffffff]
Jan  1 01:00:21 X60Trisquel kernel: [    0.198901] pnp 00:03: Plug and Play ACPI device, IDs INT0800 (active)
Jan  1 01:00:21 X60Trisquel kernel: [    0.198984] pnp 00:04: [mem 0xfed00000-0xfed003ff]
Jan  1 01:00:21 X60Trisquel kernel: [    0.199065] system 00:04: [mem 0xfed00000-0xfed003ff] has been reserved
Jan  1 01:00:21 X60Trisquel kernel: [    0.199073] system 00:04: Plug and Play ACPI device, IDs PNP0103 PNP0c01 (active)
Jan  1 01:00:21 X60Trisquel kernel: [    0.199087] pnp 00:05: [io  0x00f0]
Jan  1 01:00:21 X60Trisquel kernel: [    0.199100] pnp 00:05: [irq 13]
Jan  1 01:00:21 X60Trisquel kernel: [    0.199154] pnp 00:05: Plug and Play ACPI device, IDs PNP0c04 (active)
Jan  1 01:00:21 X60Trisquel kernel: [    0.199167] pnp 00:06: [io  0x002e-0x002f]
Jan  1 01:00:21 X60Trisquel kernel: [    0.199169] pnp 00:06: [io  0x004e-0x004f]
Jan  1 01:00:21 X60Trisquel kernel: [    0.199172] pnp 00:06: [io  0x0061]
Jan  1 01:00:21 X60Trisquel kernel: [    0.199174] pnp 00:06: [io  0x0063]
Jan  1 01:00:21 X60Trisquel kernel: [    0.199176] pnp 00:06: [io  0x0065]
Jan  1 01:00:21 X60Trisquel kernel: [    0.199178] pnp 00:06: [io  0x0067]
Jan  1 01:00:21 X60Trisquel kernel: [    0.199180] pnp 00:06: [io  0x0080]
Jan  1 01:00:21 X60Trisquel kernel: [    0.199182] pnp 00:06: [io  0x0092]
Jan  1 01:00:21 X60Trisquel kernel: [    0.199185] pnp 00:06: [io  0x00b2-0x00b3]
Jan  1 01:00:21 X60Trisquel kernel: [    0.199187] pnp 00:06: [io  0x0800-0x080f]
Jan  1 01:00:21 X60Trisquel kernel: [    0.199189] pnp 00:06: [io  0x0500-0x057f]
Jan  1 01:00:21 X60Trisquel kernel: [    0.199192] pnp 00:06: [io  0x0480-0x04bf]
Jan  1 01:00:21 X60Trisquel kernel: [    0.199277] system 00:06: [io  0x0800-0x080f] has been reserved
Jan  1 01:00:21 X60Trisquel kernel: [    0.199284] system 00:06: [io  0x0500-0x057f] has been reserved
Jan  1 01:00:21 X60Trisquel kernel: [    0.199290] system 00:06: [io  0x0480-0x04bf] has been reserved
Jan  1 01:00:21 X60Trisquel kernel: [    0.199296] system 00:06: Plug and Play ACPI device, IDs PNP0c02 (active)
Jan  1 01:00:21 X60Trisquel kernel: [    0.199307] pnp 00:07: [io  0x0070-0x0077]
Jan  1 01:00:21 X60Trisquel kernel: [    0.199361] pnp 00:07: Plug and Play ACPI device, IDs PNP0b00 (active)
Jan  1 01:00:21 X60Trisquel kernel: [    0.199382] pnp 00:08: [io  0x0060]
Jan  1 01:00:21 X60Trisquel kernel: [    0.199384] pnp 00:08: [io  0x0064]
Jan  1 01:00:21 X60Trisquel kernel: [    0.199391] pnp 00:08: [irq 1]
Jan  1 01:00:21 X60Trisquel kernel: [    0.199447] pnp 00:08: Plug and Play ACPI device, IDs PNP0303 PNP030b (active)
Jan  1 01:00:21 X60Trisquel kernel: [    0.199469] pnp 00:09: [irq 12]
Jan  1 01:00:21 X60Trisquel kernel: [    0.199527] pnp 00:09: Plug and Play ACPI device, IDs PNP0f13 (active)
Jan  1 01:00:21 X60Trisquel kernel: [    0.199570] pnp: PnP ACPI: found 10 devices
Jan  1 01:00:21 X60Trisquel kernel: [    0.199575] ACPI: ACPI bus type pnp unregistered
Jan  1 01:00:21 X60Trisquel kernel: [    0.199581] PnPBIOS: Disabled by ACPI PNP
Jan  1 01:00:21 X60Trisquel kernel: [    0.236427] PCI: max bus depth: 2 pci_try_num: 3
Jan  1 01:00:21 X60Trisquel kernel: [    0.236504] pci 0000:00:1c.0: BAR 15: assigned [mem 0x50000000-0x501fffff 64bit pref]
Jan  1 01:00:21 X60Trisquel kernel: [    0.236515] pci 0000:00:1c.0: PCI bridge to [bus 01-01]
Jan  1 01:00:21 X60Trisquel kernel: [    0.236522] pci 0000:00:1c.0:   bridge window [io  0x4000-0x4fff]
Jan  1 01:00:21 X60Trisquel kernel: [    0.236532] pci 0000:00:1c.0:   bridge window [mem 0xe4100000-0xe41fffff]
Jan  1 01:00:21 X60Trisquel kernel: [    0.236541] pci 0000:00:1c.0:   bridge window [mem 0x50000000-0x501fffff 64bit pref]
Jan  1 01:00:21 X60Trisquel kernel: [    0.236553] pci 0000:00:1c.1: PCI bridge to [bus 02-02]
Jan  1 01:00:21 X60Trisquel kernel: [    0.236562] pci 0000:00:1c.1:   bridge window [mem 0xe4200000-0xe42fffff]
Jan  1 01:00:21 X60Trisquel kernel: [    0.236576] pci 0000:00:1c.2: PCI bridge to [bus 03-03]
Jan  1 01:00:21 X60Trisquel kernel: [    0.236594] pci 0000:00:1c.3: PCI bridge to [bus 04-04]
Jan  1 01:00:21 X60Trisquel kernel: [    0.236616] pci 0000:05:00.0: BAR 16: assigned [mem 0x54000000-0x57ffffff]
Jan  1 01:00:21 X60Trisquel kernel: [    0.236625] pci 0000:05:00.0: BAR 15: assigned [mem 0x58000000-0x5bffffff pref]
Jan  1 01:00:21 X60Trisquel kernel: [    0.236632] pci 0000:05:00.0: BAR 14: assigned [io  0x2000-0x20ff]
Jan  1 01:00:21 X60Trisquel kernel: [    0.236637] pci 0000:05:00.0: BAR 13: assigned [io  0x2400-0x24ff]
Jan  1 01:00:21 X60Trisquel kernel: [    0.236643] pci 0000:05:00.0: CardBus bridge to [bus 06-09]
Jan  1 01:00:21 X60Trisquel kernel: [    0.236648] pci 0000:05:00.0:   bridge window [io  0x2400-0x24ff]
Jan  1 01:00:21 X60Trisquel kernel: [    0.236657] pci 0000:05:00.0:   bridge window [io  0x2000-0x20ff]
Jan  1 01:00:21 X60Trisquel kernel: [    0.236665] pci 0000:05:00.0:   bridge window [mem 0x58000000-0x5bffffff pref]
Jan  1 01:00:21 X60Trisquel kernel: [    0.236675] pci 0000:05:00.0:   bridge window [mem 0x54000000-0x57ffffff]
Jan  1 01:00:21 X60Trisquel kernel: [    0.236684] pci 0000:00:1e.0: PCI bridge to [bus 05-05]
Jan  1 01:00:21 X60Trisquel kernel: [    0.236690] pci 0000:00:1e.0:   bridge window [io  0x2000-0x3fff]
Jan  1 01:00:21 X60Trisquel kernel: [    0.236700] pci 0000:00:1e.0:   bridge window [mem 0xe0000000-0xe20fffff]
Jan  1 01:00:21 X60Trisquel kernel: [    0.236708] pci 0000:00:1e.0:   bridge window [mem 0xe2100000-0xe40fffff 64bit pref]
Jan  1 01:00:21 X60Trisquel kernel: [    0.236748] pci 0000:00:1c.0: PCI INT A -> GSI 20 (level, low) -> IRQ 20
Jan  1 01:00:21 X60Trisquel kernel: [    0.236761] pci 0000:00:1c.0: setting latency timer to 64
Jan  1 01:00:21 X60Trisquel kernel: [    0.236774] pci 0000:00:1c.1: PCI INT B -> GSI 21 (level, low) -> IRQ 21
Jan  1 01:00:21 X60Trisquel kernel: [    0.236785] pci 0000:00:1c.1: setting latency timer to 64
Jan  1 01:00:21 X60Trisquel kernel: [    0.236798] pci 0000:00:1c.2: PCI INT C -> GSI 22 (level, low) -> IRQ 22
Jan  1 01:00:21 X60Trisquel kernel: [    0.236809] pci 0000:00:1c.2: setting latency timer to 64
Jan  1 01:00:21 X60Trisquel kernel: [    0.236820] pci 0000:00:1c.3: PCI INT D -> GSI 23 (level, low) -> IRQ 23
Jan  1 01:00:21 X60Trisquel kernel: [    0.236832] pci 0000:00:1c.3: setting latency timer to 64
Jan  1 01:00:21 X60Trisquel kernel: [    0.236838] pci 0000:00:1e.0: enabling device (0104 -> 0107)
Jan  1 01:00:21 X60Trisquel kernel: [    0.236849] pci 0000:00:1e.0: setting latency timer to 64
Jan  1 01:00:21 X60Trisquel kernel: [    0.236863] pci 0000:05:00.0: PCI INT A -> GSI 16 (level, low) -> IRQ 16
Jan  1 01:00:21 X60Trisquel kernel: [    0.236879] pci_bus 0000:00: resource 4 [io  0x0000-0x0cf7]
Jan  1 01:00:21 X60Trisquel kernel: [    0.236882] pci_bus 0000:00: resource 5 [io  0x0d00-0xffff]
Jan  1 01:00:21 X60Trisquel kernel: [    0.236885] pci_bus 0000:00: resource 6 [mem 0x000a0000-0x000bffff]
Jan  1 01:00:21 X60Trisquel kernel: [    0.236888] pci_bus 0000:00: resource 7 [mem 0x000c0000-0x000c3fff]
Jan  1 01:00:21 X60Trisquel kernel: [    0.236890] pci_bus 0000:00: resource 8 [mem 0x000c4000-0x000c7fff]
Jan  1 01:00:21 X60Trisquel kernel: [    0.236893] pci_bus 0000:00: resource 9 [mem 0x000c8000-0x000cbfff]
Jan  1 01:00:21 X60Trisquel kernel: [    0.236896] pci_bus 0000:00: resource 10 [mem 0x000cc000-0x000cffff]
Jan  1 01:00:21 X60Trisquel kernel: [    0.236899] pci_bus 0000:00: resource 11 [mem 0x000d0000-0x000d3fff]
Jan  1 01:00:21 X60Trisquel kernel: [    0.236902] pci_bus 0000:00: resource 12 [mem 0x000d4000-0x000d7fff]
Jan  1 01:00:21 X60Trisquel kernel: [    0.236904] pci_bus 0000:00: resource 13 [mem 0x000d8000-0x000dbfff]
Jan  1 01:00:21 X60Trisquel kernel: [    0.236907] pci_bus 0000:00: resource 14 [mem 0x000dc000-0x000dffff]
Jan  1 01:00:21 X60Trisquel kernel: [    0.236910] pci_bus 0000:00: resource 15 [mem 0x000e0000-0x000e3fff]
Jan  1 01:00:21 X60Trisquel kernel: [    0.236913] pci_bus 0000:00: resource 16 [mem 0x000e4000-0x000e7fff]
Jan  1 01:00:21 X60Trisquel kernel: [    0.236916] pci_bus 0000:00: resource 17 [mem 0x000e8000-0x000ebfff]
Jan  1 01:00:21 X60Trisquel kernel: [    0.236918] pci_bus 0000:00: resource 18 [mem 0x000ec000-0x000effff]
Jan  1 01:00:21 X60Trisquel kernel: [    0.236921] pci_bus 0000:00: resource 19 [mem 0x000f0000-0x000fffff]
Jan  1 01:00:21 X60Trisquel kernel: [    0.236924] pci_bus 0000:00: resource 20 [mem 0x50000000-0xfebfffff]
Jan  1 01:00:21 X60Trisquel kernel: [    0.236927] pci_bus 0000:00: resource 21 [mem 0xfed40000-0xfed44fff]
Jan  1 01:00:21 X60Trisquel kernel: [    0.236930] pci_bus 0000:01: resource 0 [io  0x4000-0x4fff]
Jan  1 01:00:21 X60Trisquel kernel: [    0.236932] pci_bus 0000:01: resource 1 [mem 0xe4100000-0xe41fffff]
Jan  1 01:00:21 X60Trisquel kernel: [    0.236935] pci_bus 0000:01: resource 2 [mem 0x50000000-0x501fffff 64bit pref]
Jan  1 01:00:21 X60Trisquel kernel: [    0.236939] pci_bus 0000:02: resource 1 [mem 0xe4200000-0xe42fffff]
Jan  1 01:00:21 X60Trisquel kernel: [    0.236942] pci_bus 0000:05: resource 0 [io  0x2000-0x3fff]
Jan  1 01:00:21 X60Trisquel kernel: [    0.236944] pci_bus 0000:05: resource 1 [mem 0xe0000000-0xe20fffff]
Jan  1 01:00:21 X60Trisquel kernel: [    0.236947] pci_bus 0000:05: resource 2 [mem 0xe2100000-0xe40fffff 64bit pref]
Jan  1 01:00:21 X60Trisquel kernel: [    0.236950] pci_bus 0000:05: resource 4 [io  0x0000-0x0cf7]
Jan  1 01:00:21 X60Trisquel kernel: [    0.236953] pci_bus 0000:05: resource 5 [io  0x0d00-0xffff]
Jan  1 01:00:21 X60Trisquel kernel: [    0.236955] pci_bus 0000:05: resource 6 [mem 0x000a0000-0x000bffff]
Jan  1 01:00:21 X60Trisquel kernel: [    0.236958] pci_bus 0000:05: resource 7 [mem 0x000c0000-0x000c3fff]
Jan  1 01:00:21 X60Trisquel kernel: [    0.236961] pci_bus 0000:05: resource 8 [mem 0x000c4000-0x000c7fff]
Jan  1 01:00:21 X60Trisquel kernel: [    0.236964] pci_bus 0000:05: resource 9 [mem 0x000c8000-0x000cbfff]
Jan  1 01:00:21 X60Trisquel kernel: [    0.236966] pci_bus 0000:05: resource 10 [mem 0x000cc000-0x000cffff]
Jan  1 01:00:21 X60Trisquel kernel: [    0.236969] pci_bus 0000:05: resource 11 [mem 0x000d0000-0x000d3fff]
Jan  1 01:00:21 X60Trisquel kernel: [    0.236972] pci_bus 0000:05: resource 12 [mem 0x000d4000-0x000d7fff]
Jan  1 01:00:21 X60Trisquel kernel: [    0.236975] pci_bus 0000:05: resource 13 [mem 0x000d8000-0x000dbfff]
Jan  1 01:00:21 X60Trisquel kernel: [    0.236977] pci_bus 0000:05: resource 14 [mem 0x000dc000-0x000dffff]
Jan  1 01:00:21 X60Trisquel kernel: [    0.236980] pci_bus 0000:05: resource 15 [mem 0x000e0000-0x000e3fff]
Jan  1 01:00:21 X60Trisquel kernel: [    0.236983] pci_bus 0000:05: resource 16 [mem 0x000e4000-0x000e7fff]
Jan  1 01:00:21 X60Trisquel kernel: [    0.236986] pci_bus 0000:05: resource 17 [mem 0x000e8000-0x000ebfff]
Jan  1 01:00:21 X60Trisquel kernel: [    0.236988] pci_bus 0000:05: resource 18 [mem 0x000ec000-0x000effff]
Jan  1 01:00:21 X60Trisquel kernel: [    0.236991] pci_bus 0000:05: resource 19 [mem 0x000f0000-0x000fffff]
Jan  1 01:00:21 X60Trisquel kernel: [    0.236994] pci_bus 0000:05: resource 20 [mem 0x50000000-0xfebfffff]
Jan  1 01:00:21 X60Trisquel kernel: [    0.236997] pci_bus 0000:05: resource 21 [mem 0xfed40000-0xfed44fff]
Jan  1 01:00:21 X60Trisquel kernel: [    0.237000] pci_bus 0000:06: resource 0 [io  0x2400-0x24ff]
Jan  1 01:00:21 X60Trisquel kernel: [    0.237002] pci_bus 0000:06: resource 1 [io  0x2000-0x20ff]
Jan  1 01:00:21 X60Trisquel kernel: [    0.237005] pci_bus 0000:06: resource 2 [mem 0x58000000-0x5bffffff pref]
Jan  1 01:00:21 X60Trisquel kernel: [    0.237008] pci_bus 0000:06: resource 3 [mem 0x54000000-0x57ffffff]
Jan  1 01:00:21 X60Trisquel kernel: [    0.237062] NET: Registered protocol family 2
Jan  1 01:00:21 X60Trisquel kernel: [    0.237150] IP route cache hash table entries: 32768 (order: 5, 131072 bytes)
Jan  1 01:00:21 X60Trisquel kernel: [    0.237430] TCP established hash table entries: 131072 (order: 8, 1048576 bytes)
Jan  1 01:00:21 X60Trisquel kernel: [    0.237952] TCP bind hash table entries: 65536 (order: 7, 524288 bytes)
Jan  1 01:00:21 X60Trisquel kernel: [    0.238205] TCP: Hash tables configured (established 131072 bind 65536)
Jan  1 01:00:21 X60Trisquel kernel: [    0.238210] TCP reno registered
Jan  1 01:00:21 X60Trisquel kernel: [    0.238215] UDP hash table entries: 512 (order: 2, 16384 bytes)
Jan  1 01:00:21 X60Trisquel kernel: [    0.238227] UDP-Lite hash table entries: 512 (order: 2, 16384 bytes)
Jan  1 01:00:21 X60Trisquel kernel: [    0.238326] NET: Registered protocol family 1
Jan  1 01:00:21 X60Trisquel kernel: [    0.238349] pci 0000:00:02.0: Boot video device
Jan  1 01:00:21 X60Trisquel kernel: [    0.238379] pci 0000:00:1d.0: PCI INT A -> GSI 16 (level, low) -> IRQ 16
Jan  1 01:00:21 X60Trisquel kernel: [    0.238409] pci 0000:00:1d.0: PCI INT A disabled
Jan  1 01:00:21 X60Trisquel kernel: [    0.238430] pci 0000:00:1d.1: PCI INT B -> GSI 17 (level, low) -> IRQ 17
Jan  1 01:00:21 X60Trisquel kernel: [    0.238458] pci 0000:00:1d.1: PCI INT B disabled
Jan  1 01:00:21 X60Trisquel kernel: [    0.238473] pci 0000:00:1d.2: PCI INT C -> GSI 18 (level, low) -> IRQ 18
Jan  1 01:00:21 X60Trisquel kernel: [    0.238500] pci 0000:00:1d.2: PCI INT C disabled
Jan  1 01:00:21 X60Trisquel kernel: [    0.238515] pci 0000:00:1d.3: PCI INT D -> GSI 19 (level, low) -> IRQ 19
Jan  1 01:00:21 X60Trisquel kernel: [    0.238543] pci 0000:00:1d.3: PCI INT D disabled
Jan  1 01:00:21 X60Trisquel kernel: [    0.238556] pci 0000:00:1d.7: PCI INT D -> GSI 19 (level, low) -> IRQ 19
Jan  1 01:00:21 X60Trisquel kernel: [    0.238595] pci 0000:00:1d.7: PCI INT D disabled
Jan  1 01:00:21 X60Trisquel kernel: [    0.238634] PCI: CLS 64 bytes, default 64
Jan  1 01:00:21 X60Trisquel kernel: [    0.239096] audit: initializing netlink socket (disabled)
Jan  1 01:00:21 X60Trisquel kernel: [    0.239111] type=2000 audit(0.232:1): initialized
Jan  1 01:00:21 X60Trisquel kernel: [    0.262811] highmem bounce pool size: 64 pages
Jan  1 01:00:21 X60Trisquel kernel: [    0.262823] HugeTLB registered 4 MB page size, pre-allocated 0 pages
Jan  1 01:00:21 X60Trisquel kernel: [    0.265206] VFS: Disk quotas dquot_6.5.2
Jan  1 01:00:21 X60Trisquel kernel: [    0.265284] Dquot-cache hash table entries: 1024 (order 0, 4096 bytes)
Jan  1 01:00:21 X60Trisquel kernel: [    0.265965] fuse init (API version 7.17)
Jan  1 01:00:21 X60Trisquel kernel: [    0.266087] msgmni has been set to 1688
Jan  1 01:00:21 X60Trisquel kernel: [    0.266467] Block layer SCSI generic (bsg) driver version 0.4 loaded (major 253)
Jan  1 01:00:21 X60Trisquel kernel: [    0.266502] io scheduler noop registered
Jan  1 01:00:21 X60Trisquel kernel: [    0.266507] io scheduler deadline registered
Jan  1 01:00:21 X60Trisquel kernel: [    0.266517] io scheduler cfq registered (default)
Jan  1 01:00:21 X60Trisquel kernel: [    0.266681] pcieport 0000:00:1c.0: setting latency timer to 64
Jan  1 01:00:21 X60Trisquel kernel: [    0.266747] pcieport 0000:00:1c.0: irq 40 for MSI/MSI-X
Jan  1 01:00:21 X60Trisquel kernel: [    0.266877] pcieport 0000:00:1c.1: setting latency timer to 64
Jan  1 01:00:21 X60Trisquel kernel: [    0.266935] pcieport 0000:00:1c.1: irq 41 for MSI/MSI-X
Jan  1 01:00:21 X60Trisquel kernel: [    0.267051] pcieport 0000:00:1c.2: setting latency timer to 64
Jan  1 01:00:21 X60Trisquel kernel: [    0.267109] pcieport 0000:00:1c.2: irq 42 for MSI/MSI-X
Jan  1 01:00:21 X60Trisquel kernel: [    0.267217] pcieport 0000:00:1c.3: setting latency timer to 64
Jan  1 01:00:21 X60Trisquel kernel: [    0.267275] pcieport 0000:00:1c.3: irq 43 for MSI/MSI-X
Jan  1 01:00:21 X60Trisquel kernel: [    0.267417] pcieport 0000:00:1c.0: Signaling PME through PCIe PME interrupt
Jan  1 01:00:21 X60Trisquel kernel: [    0.267423] pci 0000:01:00.0: Signaling PME through PCIe PME interrupt
Jan  1 01:00:21 X60Trisquel kernel: [    0.267432] pcie_pme 0000:00:1c.0:pcie01: service driver pcie_pme loaded
Jan  1 01:00:21 X60Trisquel kernel: [    0.267458] pcieport 0000:00:1c.1: Signaling PME through PCIe PME interrupt
Jan  1 01:00:21 X60Trisquel kernel: [    0.267463] pci 0000:02:00.0: Signaling PME through PCIe PME interrupt
Jan  1 01:00:21 X60Trisquel kernel: [    0.267472] pcie_pme 0000:00:1c.1:pcie01: service driver pcie_pme loaded
Jan  1 01:00:21 X60Trisquel kernel: [    0.267498] pcieport 0000:00:1c.2: Signaling PME through PCIe PME interrupt
Jan  1 01:00:21 X60Trisquel kernel: [    0.267507] pcie_pme 0000:00:1c.2:pcie01: service driver pcie_pme loaded
Jan  1 01:00:21 X60Trisquel kernel: [    0.267534] pcieport 0000:00:1c.3: Signaling PME through PCIe PME interrupt
Jan  1 01:00:21 X60Trisquel kernel: [    0.267542] pcie_pme 0000:00:1c.3:pcie01: service driver pcie_pme loaded
Jan  1 01:00:21 X60Trisquel kernel: [    0.267565] pci_hotplug: PCI Hot Plug PCI Core version: 0.5
Jan  1 01:00:21 X60Trisquel kernel: [    0.267610] pciehp 0000:00:1c.0:pcie04: HPC vendor_id 8086 device_id 27d0 ss_vid 17aa ss_did 2001
Jan  1 01:00:21 X60Trisquel kernel: [    0.267646] pciehp 0000:00:1c.0:pcie04: service driver pciehp loaded
Jan  1 01:00:21 X60Trisquel kernel: [    0.267656] pciehp: PCI Express Hot Plug Controller Driver version: 0.4
Jan  1 01:00:21 X60Trisquel kernel: [    0.267769] efifb: probing for efifb
Jan  1 01:00:21 X60Trisquel kernel: [    0.268537] efifb: framebuffer at 0xd0000000, mapped to 0xf8080000, using 5824k, total 5824k
Jan  1 01:00:21 X60Trisquel kernel: [    0.268545] efifb: mode is 1408x1050x32, linelength=5632, pages=1
Jan  1 01:00:21 X60Trisquel kernel: [    0.268549] efifb: scrolling: redraw
Jan  1 01:00:21 X60Trisquel kernel: [    0.268554] efifb: Truecolor: size=0:8:8:8, shift=0:16:8:0
Jan  1 01:00:21 X60Trisquel kernel: [    0.274944] Console: switching to colour frame buffer device 176x65
Jan  1 01:00:21 X60Trisquel kernel: [    0.281275] fb0: EFI VGA frame buffer device
Jan  1 01:00:21 X60Trisquel kernel: [    0.281330] intel_idle: MWAIT substates: 0x22220
Jan  1 01:00:21 X60Trisquel kernel: [    0.281333] intel_idle: does not run on family 6 model 15
Jan  1 01:00:21 X60Trisquel kernel: [    0.281498] ACPI: Deprecated procfs I/F for AC is loaded, please retry with CONFIG_ACPI_PROCFS_POWER cleared
Jan  1 01:00:21 X60Trisquel kernel: [    0.281699] ACPI: AC Adapter [AC] (on-line)
Jan  1 01:00:21 X60Trisquel kernel: [    0.281870] input: Sleep Button as /devices/LNXSYSTM:00/LNXSYBUS:00/PNP0A08:00/device:23/PNP0C09:00/PNP0C0E:00/input/input0
Jan  1 01:00:21 X60Trisquel kernel: [    0.281972] ACPI: Sleep Button [SLPB]
Jan  1 01:00:21 X60Trisquel kernel: [    0.282057] input: Lid Switch as /devices/LNXSYSTM:00/LNXSYBUS:00/PNP0A08:00/device:23/PNP0C09:00/PNP0C0D:00/input/input1
Jan  1 01:00:21 X60Trisquel kernel: [    0.282264] ACPI: Lid Switch [LID]
Jan  1 01:00:21 X60Trisquel kernel: [    0.282347] input: Power Button as /devices/LNXSYSTM:00/LNXPWRBN:00/input/input2
Jan  1 01:00:21 X60Trisquel kernel: [    0.282405] ACPI: Power Button [PWRF]
Jan  1 01:00:21 X60Trisquel kernel: [    0.282571] ACPI: processor limited to max C-state 2
Jan  1 01:00:21 X60Trisquel kernel: [    0.283553] Monitor-Mwait will be used to enter C-1 state
Jan  1 01:00:21 X60Trisquel kernel: [    0.283562] Marking TSC unstable due to TSC halts in idle
Jan  1 01:00:21 X60Trisquel kernel: [    0.283613] ACPI: acpi_idle registered with cpuidle
Jan  1 01:00:21 X60Trisquel kernel: [    0.293926] thermal LNXTHERM:00: registered as thermal_zone0
Jan  1 01:00:21 X60Trisquel kernel: [    0.293983] ACPI: Thermal Zone [THM0] (40 C)
Jan  1 01:00:21 X60Trisquel kernel: [    0.294410] thermal LNXTHERM:01: registered as thermal_zone1
Jan  1 01:00:21 X60Trisquel kernel: [    0.294454] ACPI: Thermal Zone [THM1] (28 C)
Jan  1 01:00:21 X60Trisquel kernel: [    0.294523] ACPI: Deprecated procfs I/F for battery is loaded, please retry with CONFIG_ACPI_PROCFS_POWER cleared
Jan  1 01:00:21 X60Trisquel kernel: [    0.294605] ACPI: Battery Slot [BAT0] (battery present)
Jan  1 01:00:21 X60Trisquel kernel: [    0.294651] ACPI: Deprecated procfs I/F for battery is loaded, please retry with CONFIG_ACPI_PROCFS_POWER cleared
Jan  1 01:00:21 X60Trisquel kernel: [    0.294727] ACPI: Battery Slot [BAT1] (battery absent)
Jan  1 01:00:21 X60Trisquel kernel: [    0.294831] ERST: Table is not found!
Jan  1 01:00:21 X60Trisquel kernel: [    0.294861] GHES: HEST is not enabled!
Jan  1 01:00:21 X60Trisquel kernel: [    0.294994] Serial: 8250/16550 driver, 32 ports, IRQ sharing enabled
Jan  1 01:00:21 X60Trisquel kernel: [    0.298487] isapnp: Scanning for PnP cards...
Jan  1 01:00:21 X60Trisquel kernel: [    0.316375] ACPI: Battery Slot [BAT0] (battery present)
Jan  1 01:00:21 X60Trisquel kernel: [    0.391299] ACPI: Battery Slot [BAT1] (battery absent)
Jan  1 01:00:21 X60Trisquel kernel: [    0.606404] Freeing initrd memory: 18360k freed
Jan  1 01:00:21 X60Trisquel kernel: [    0.653171] isapnp: No Plug & Play device found
Jan  1 01:00:21 X60Trisquel kernel: [    0.724574] Linux agpgart interface v0.103
Jan  1 01:00:21 X60Trisquel kernel: [    0.724714] agpgart-intel 0000:00:00.0: Intel 945GM Chipset
Jan  1 01:00:21 X60Trisquel kernel: [    0.724835] agpgart-intel 0000:00:00.0: detected gtt size: 262144K total, 262144K mappable
Jan  1 01:00:21 X60Trisquel kernel: [    0.726674] agpgart-intel 0000:00:00.0: detected 8192K stolen memory
Jan  1 01:00:21 X60Trisquel kernel: [    0.726880] agpgart-intel 0000:00:00.0: AGP aperture is 256M @ 0xd0000000
Jan  1 01:00:21 X60Trisquel kernel: [    0.728923] brd: module loaded
Jan  1 01:00:21 X60Trisquel kernel: [    0.729972] loop: module loaded
Jan  1 01:00:21 X60Trisquel kernel: [    0.730140] ahci 0000:00:1f.2: version 3.0
Jan  1 01:00:21 X60Trisquel kernel: [    0.730155] ahci 0000:00:1f.2: PCI INT B -> GSI 16 (level, low) -> IRQ 16
Jan  1 01:00:21 X60Trisquel kernel: [    0.730261] ahci 0000:00:1f.2: irq 44 for MSI/MSI-X
Jan  1 01:00:21 X60Trisquel kernel: [    0.730299] ahci: SSS flag set, parallel bus scan disabled
Jan  1 01:00:21 X60Trisquel kernel: [    0.730368] ahci 0000:00:1f.2: AHCI 0001.0100 32 slots 4 ports 1.5 Gbps 0x1 impl SATA mode
Jan  1 01:00:21 X60Trisquel kernel: [    0.730431] ahci 0000:00:1f.2: flags: 64bit ncq ilck stag pm led clo pmp pio slum part 
Jan  1 01:00:21 X60Trisquel kernel: [    0.730491] ahci 0000:00:1f.2: setting latency timer to 64
Jan  1 01:00:21 X60Trisquel kernel: [    0.731030] scsi0 : ahci
Jan  1 01:00:21 X60Trisquel kernel: [    0.731178] scsi1 : ahci
Jan  1 01:00:21 X60Trisquel kernel: [    0.733794] scsi2 : ahci
Jan  1 01:00:21 X60Trisquel kernel: [    0.736368] scsi3 : ahci
Jan  1 01:00:21 X60Trisquel kernel: [    0.738931] ata1: SATA max UDMA/133 abar m1024@0xe4444400 port 0xe4444500 irq 44
Jan  1 01:00:21 X60Trisquel kernel: [    0.741432] ata2: DUMMY
Jan  1 01:00:21 X60Trisquel kernel: [    0.743878] ata3: DUMMY
Jan  1 01:00:21 X60Trisquel kernel: [    0.746311] ata4: DUMMY
Jan  1 01:00:21 X60Trisquel kernel: [    0.748803] ata_piix 0000:00:1f.1: version 2.13
Jan  1 01:00:21 X60Trisquel kernel: [    0.748813] ata_piix 0000:00:1f.1: PCI INT C -> GSI 16 (level, low) -> IRQ 16
Jan  1 01:00:21 X60Trisquel kernel: [    0.751329] ata_piix 0000:00:1f.1: setting latency timer to 64
Jan  1 01:00:21 X60Trisquel kernel: [    0.751710] scsi4 : ata_piix
Jan  1 01:00:21 X60Trisquel kernel: [    0.754256] scsi5 : ata_piix
Jan  1 01:00:21 X60Trisquel kernel: [    0.756851] ata5: PATA max UDMA/100 cmd 0x1f0 ctl 0x3f6 bmdma 0x5080 irq 14
Jan  1 01:00:21 X60Trisquel kernel: [    0.759309] ata6: PATA max UDMA/100 cmd 0x170 ctl 0x376 bmdma 0x5088 irq 15
Jan  1 01:00:21 X60Trisquel kernel: [    0.761937] ata6: port disabled--ignoring
Jan  1 01:00:21 X60Trisquel kernel: [    0.762348] Fixed MDIO Bus: probed
Jan  1 01:00:21 X60Trisquel kernel: [    0.764801] tun: Universal TUN/TAP device driver, 1.6
Jan  1 01:00:21 X60Trisquel kernel: [    0.767248] tun: (C) 1999-2004 Max Krasnyansky <maxk@qualcomm.com>
Jan  1 01:00:21 X60Trisquel kernel: [    0.769775] PPP generic driver version 2.4.2
Jan  1 01:00:21 X60Trisquel kernel: [    0.772354] ehci_hcd: USB 2.0 'Enhanced' Host Controller (EHCI) Driver
Jan  1 01:00:21 X60Trisquel kernel: [    0.774809] ehci_hcd 0000:00:1d.7: PCI INT D -> GSI 19 (level, low) -> IRQ 19
Jan  1 01:00:21 X60Trisquel kernel: [    0.777270] ehci_hcd 0000:00:1d.7: setting latency timer to 64
Jan  1 01:00:21 X60Trisquel kernel: [    0.777274] ehci_hcd 0000:00:1d.7: EHCI Host Controller
Jan  1 01:00:21 X60Trisquel kernel: [    0.779744] ehci_hcd 0000:00:1d.7: new USB bus registered, assigned bus number 1
Jan  1 01:00:21 X60Trisquel kernel: [    0.782180] ehci_hcd 0000:00:1d.7: using broken periodic workaround
Jan  1 01:00:21 X60Trisquel kernel: [    0.784592] ehci_hcd 0000:00:1d.7: debug port 1
Jan  1 01:00:21 X60Trisquel kernel: [    0.790845] ehci_hcd 0000:00:1d.7: cache line size of 64 is not supported
Jan  1 01:00:21 X60Trisquel kernel: [    0.790863] ehci_hcd 0000:00:1d.7: irq 19, io mem 0xe4444000
Jan  1 01:00:21 X60Trisquel kernel: [    0.808020] ehci_hcd 0000:00:1d.7: USB 2.0 started, EHCI 1.00
Jan  1 01:00:21 X60Trisquel kernel: [    0.810576] hub 1-0:1.0: USB hub found
Jan  1 01:00:21 X60Trisquel kernel: [    0.812934] hub 1-0:1.0: 8 ports detected
Jan  1 01:00:21 X60Trisquel kernel: [    0.815373] ohci_hcd: USB 1.1 'Open' Host Controller (OHCI) Driver
Jan  1 01:00:21 X60Trisquel kernel: [    0.817708] uhci_hcd: USB Universal Host Controller Interface driver
Jan  1 01:00:21 X60Trisquel kernel: [    0.820027] uhci_hcd 0000:00:1d.0: PCI INT A -> GSI 16 (level, low) -> IRQ 16
Jan  1 01:00:21 X60Trisquel kernel: [    0.822306] uhci_hcd 0000:00:1d.0: setting latency timer to 64
Jan  1 01:00:21 X60Trisquel kernel: [    0.822310] uhci_hcd 0000:00:1d.0: UHCI Host Controller
Jan  1 01:00:21 X60Trisquel kernel: [    0.824585] uhci_hcd 0000:00:1d.0: new USB bus registered, assigned bus number 2
Jan  1 01:00:21 X60Trisquel kernel: [    0.826815] uhci_hcd 0000:00:1d.0: irq 16, io base 0x00005000
Jan  1 01:00:21 X60Trisquel kernel: [    0.829148] hub 2-0:1.0: USB hub found
Jan  1 01:00:21 X60Trisquel kernel: [    0.831291] hub 2-0:1.0: 2 ports detected
Jan  1 01:00:21 X60Trisquel kernel: [    0.833488] uhci_hcd 0000:00:1d.1: PCI INT B -> GSI 17 (level, low) -> IRQ 17
Jan  1 01:00:21 X60Trisquel kernel: [    0.835645] uhci_hcd 0000:00:1d.1: setting latency timer to 64
Jan  1 01:00:21 X60Trisquel kernel: [    0.835649] uhci_hcd 0000:00:1d.1: UHCI Host Controller
Jan  1 01:00:21 X60Trisquel kernel: [    0.837841] uhci_hcd 0000:00:1d.1: new USB bus registered, assigned bus number 3
Jan  1 01:00:21 X60Trisquel kernel: [    0.840032] uhci_hcd 0000:00:1d.1: irq 17, io base 0x00005020
Jan  1 01:00:21 X60Trisquel kernel: [    0.842322] hub 3-0:1.0: USB hub found
Jan  1 01:00:21 X60Trisquel kernel: [    0.844458] hub 3-0:1.0: 2 ports detected
Jan  1 01:00:21 X60Trisquel kernel: [    0.846642] uhci_hcd 0000:00:1d.2: PCI INT C -> GSI 18 (level, low) -> IRQ 18
Jan  1 01:00:21 X60Trisquel kernel: [    0.848776] uhci_hcd 0000:00:1d.2: setting latency timer to 64
Jan  1 01:00:21 X60Trisquel kernel: [    0.848780] uhci_hcd 0000:00:1d.2: UHCI Host Controller
Jan  1 01:00:21 X60Trisquel kernel: [    0.850902] uhci_hcd 0000:00:1d.2: new USB bus registered, assigned bus number 4
Jan  1 01:00:21 X60Trisquel kernel: [    0.853002] uhci_hcd 0000:00:1d.2: irq 18, io base 0x00005040
Jan  1 01:00:21 X60Trisquel kernel: [    0.855177] hub 4-0:1.0: USB hub found
Jan  1 01:00:21 X60Trisquel kernel: [    0.857208] hub 4-0:1.0: 2 ports detected
Jan  1 01:00:21 X60Trisquel kernel: [    0.859296] uhci_hcd 0000:00:1d.3: PCI INT D -> GSI 19 (level, low) -> IRQ 19
Jan  1 01:00:21 X60Trisquel kernel: [    0.861357] uhci_hcd 0000:00:1d.3: setting latency timer to 64
Jan  1 01:00:21 X60Trisquel kernel: [    0.861362] uhci_hcd 0000:00:1d.3: UHCI Host Controller
Jan  1 01:00:21 X60Trisquel kernel: [    0.863426] uhci_hcd 0000:00:1d.3: new USB bus registered, assigned bus number 5
Jan  1 01:00:21 X60Trisquel kernel: [    0.865486] uhci_hcd 0000:00:1d.3: irq 19, io base 0x00005060
Jan  1 01:00:21 X60Trisquel kernel: [    0.867693] hub 5-0:1.0: USB hub found
Jan  1 01:00:21 X60Trisquel kernel: [    0.869747] hub 5-0:1.0: 2 ports detected
Jan  1 01:00:21 X60Trisquel kernel: [    0.871905] usbcore: registered new interface driver libusual
Jan  1 01:00:21 X60Trisquel kernel: [    0.874020] i8042: PNP: PS/2 Controller [PNP0303:PS2K,PNP0f13:PS2M] at 0x60,0x64 irq 1,12
Jan  1 01:00:21 X60Trisquel kernel: [    0.887190] serio: i8042 KBD port at 0x60,0x64 irq 1
Jan  1 01:00:21 X60Trisquel kernel: [    0.889281] serio: i8042 AUX port at 0x60,0x64 irq 12
Jan  1 01:00:21 X60Trisquel kernel: [    0.891506] mousedev: PS/2 mouse device common for all mice
Jan  1 01:00:21 X60Trisquel kernel: [    0.893793] rtc_cmos 00:07: RTC can wake from S4
Jan  1 01:00:21 X60Trisquel kernel: [    0.895987] rtc_cmos 00:07: rtc core: registered rtc_cmos as rtc0
Jan  1 01:00:21 X60Trisquel kernel: [    0.898139] rtc0: alarms up to one month, y3k, 242 bytes nvram, hpet irqs
Jan  1 01:00:21 X60Trisquel kernel: [    0.900318] device-mapper: uevent: version 1.0.3
Jan  1 01:00:21 X60Trisquel kernel: [    0.902496] device-mapper: ioctl: 4.22.0-ioctl (2011-10-19) initialised: dm-devel@redhat.com
Jan  1 01:00:21 X60Trisquel kernel: [    0.904621] EISA: Probing bus 0 at eisa.0
Jan  1 01:00:21 X60Trisquel kernel: [    0.906698] EISA: Cannot allocate resource for mainboard
Jan  1 01:00:21 X60Trisquel kernel: [    0.908766] Cannot allocate resource for EISA slot 1
Jan  1 01:00:21 X60Trisquel kernel: [    0.910917] input: AT Translated Set 2 keyboard as /devices/platform/i8042/serio0/input/input3
Jan  1 01:00:21 X60Trisquel kernel: [    0.913092] Cannot allocate resource for EISA slot 2
Jan  1 01:00:21 X60Trisquel kernel: [    0.915644] Cannot allocate resource for EISA slot 3
Jan  1 01:00:21 X60Trisquel kernel: [    0.917781] Cannot allocate resource for EISA slot 4
Jan  1 01:00:21 X60Trisquel kernel: [    0.919882] Cannot allocate resource for EISA slot 5
Jan  1 01:00:21 X60Trisquel kernel: [    0.922780] Cannot allocate resource for EISA slot 6
Jan  1 01:00:21 X60Trisquel kernel: [    0.924878] Cannot allocate resource for EISA slot 7
Jan  1 01:00:21 X60Trisquel kernel: [    0.926922] Cannot allocate resource for EISA slot 8
Jan  1 01:00:21 X60Trisquel kernel: [    0.928944] EISA: Detected 0 cards.
Jan  1 01:00:21 X60Trisquel kernel: [    0.930972] cpufreq-nforce2: No nForce2 chipset.
Jan  1 01:00:21 X60Trisquel kernel: [    0.933066] cpuidle: using governor ladder
Jan  1 01:00:21 X60Trisquel kernel: [    0.935184] cpuidle: using governor menu
Jan  1 01:00:21 X60Trisquel kernel: [    0.937182] EFI Variables Facility v0.08 2004-May-17
Jan  1 01:00:21 X60Trisquel kernel: [    0.939481] TCP cubic registered
Jan  1 01:00:21 X60Trisquel kernel: [    0.940394] ata5.00: ATAPI: HL-DT-ST DVDRAM GSA-4083N, 1.08, max UDMA/33
Jan  1 01:00:21 X60Trisquel kernel: [    0.943623] NET: Registered protocol family 10
Jan  1 01:00:21 X60Trisquel kernel: [    0.946335] NET: Registered protocol family 17
Jan  1 01:00:21 X60Trisquel kernel: [    0.948310] Registering the dns_resolver key type
Jan  1 01:00:21 X60Trisquel kernel: [    0.950288] Using IPI No-Shortcut mode
Jan  1 01:00:21 X60Trisquel kernel: [    0.952401] PM: Hibernation image not present or could not be loaded.
Jan  1 01:00:21 X60Trisquel kernel: [    0.952414] registered taskstats version 1
Jan  1 01:00:21 X60Trisquel kernel: [    0.956293] ata5.00: configured for UDMA/33
Jan  1 01:00:21 X60Trisquel kernel: [    0.963685]   Magic number: 9:510:811
Jan  1 01:00:21 X60Trisquel kernel: [    0.965744] rtc_cmos 00:07: hctosys: invalid date/time
Jan  1 01:00:21 X60Trisquel kernel: [    0.968437] BIOS EDD facility v0.16 2004-Jun-25, 0 devices found
Jan  1 01:00:21 X60Trisquel kernel: [    0.970411] EDD information not available.
Jan  1 01:00:21 X60Trisquel kernel: [    1.244058] ata1: SATA link up 1.5 Gbps (SStatus 113 SControl 300)
Jan  1 01:00:21 X60Trisquel kernel: [    1.286258] ata1.00: ATA-8: WDC WD2500BEVT-08A23T1, 02.01A02, max UDMA/133
Jan  1 01:00:21 X60Trisquel kernel: [    1.288362] ata1.00: 488397168 sectors, multi 0: LBA48 NCQ (depth 31/32), AA
Jan  1 01:00:21 X60Trisquel kernel: [    1.291943] ata1.00: configured for UDMA/133
Jan  1 01:00:21 X60Trisquel kernel: [    1.294116] scsi 0:0:0:0: Direct-Access     ATA      WDC WD2500BEVT-0 02.0 PQ: 0 ANSI: 5
Jan  1 01:00:21 X60Trisquel kernel: [    1.296317] sd 0:0:0:0: [sda] 488397168 512-byte logical blocks: (250 GB/232 GiB)
Jan  1 01:00:21 X60Trisquel kernel: [    1.296350] sd 0:0:0:0: Attached scsi generic sg0 type 0
Jan  1 01:00:21 X60Trisquel kernel: [    1.300527] sd 0:0:0:0: [sda] Write Protect is off
Jan  1 01:00:21 X60Trisquel kernel: [    1.302606] sd 0:0:0:0: [sda] Mode Sense: 00 3a 00 00
Jan  1 01:00:21 X60Trisquel kernel: [    1.302631] sd 0:0:0:0: [sda] Write cache: enabled, read cache: enabled, doesn't support DPO or FUA
Jan  1 01:00:21 X60Trisquel kernel: [    1.306560] scsi 4:0:0:0: CD-ROM            HL-DT-ST DVDRAM GSA-4083N 1.08 PQ: 0 ANSI: 5
Jan  1 01:00:21 X60Trisquel kernel: [    1.347158]  sda: sda1 sda2 < sda5 >
Jan  1 01:00:21 X60Trisquel kernel: [    1.349797] sd 0:0:0:0: [sda] Attached SCSI disk
Jan  1 01:00:21 X60Trisquel kernel: [    1.422601] sr0: scsi3-mmc drive: 24x/24x writer dvd-ram cd/rw xa/form2 cdda tray
Jan  1 01:00:21 X60Trisquel kernel: [    1.424845] cdrom: Uniform CD-ROM driver Revision: 3.20
Jan  1 01:00:21 X60Trisquel kernel: [    1.427113] sr 4:0:0:0: Attached scsi CD-ROM sr0
Jan  1 01:00:21 X60Trisquel kernel: [    1.427295] sr 4:0:0:0: Attached scsi generic sg1 type 5
Jan  1 01:00:21 X60Trisquel kernel: [    1.429551] Freeing unused kernel memory: 716k freed
Jan  1 01:00:21 X60Trisquel kernel: [    1.431913] Write protecting the kernel text: 5648k
Jan  1 01:00:21 X60Trisquel kernel: [    1.434083] Write protecting the kernel read-only data: 2256k
Jan  1 01:00:21 X60Trisquel kernel: [    1.530584] e1000e: Intel(R) PRO/1000 Network Driver - 1.5.1-k
Jan  1 01:00:21 X60Trisquel kernel: [    1.532749] e1000e: Copyright(c) 1999 - 2011 Intel Corporation.
Jan  1 01:00:21 X60Trisquel kernel: [    1.537194] input: Video Bus as /devices/LNXSYSTM:00/LNXSYBUS:00/PNP0A08:00/LNXVIDEO:00/input/input4
Jan  1 01:00:21 X60Trisquel kernel: [    1.545766] ACPI: Video Device [GFX0] (multi-head: yes  rom: no  post: no)
Jan  1 01:00:21 X60Trisquel kernel: [    1.549902] e1000e 0000:01:00.0: Disabling ASPM L0s L1
Jan  1 01:00:21 X60Trisquel kernel: [    1.566940] e1000e 0000:01:00.0: PCI INT A -> GSI 16 (level, low) -> IRQ 16
Jan  1 01:00:21 X60Trisquel kernel: [    1.571903] e1000e 0000:01:00.0: setting latency timer to 64
Jan  1 01:00:21 X60Trisquel kernel: [    1.572139] e1000e 0000:01:00.0: irq 45 for MSI/MSI-X
Jan  1 01:00:21 X60Trisquel kernel: [    1.580288] [drm] Initialized drm 1.1.0 20060810
Jan  1 01:00:21 X60Trisquel kernel: [    1.588073] usb 3-1: new full-speed USB device number 2 using uhci_hcd
Jan  1 01:00:21 X60Trisquel kernel: [    1.598435] i915 0000:00:02.0: PCI INT A -> GSI 16 (level, low) -> IRQ 16
Jan  1 01:00:21 X60Trisquel kernel: [    1.600603] i915 0000:00:02.0: setting latency timer to 64
Jan  1 01:00:21 X60Trisquel kernel: [    1.601011] checking generic (d0000000 5b0000) vs hw (d0000000 10000000)
Jan  1 01:00:21 X60Trisquel kernel: [    1.601014] fb: conflicting fb hw usage inteldrmfb vs EFI VGA - removing generic driver
Jan  1 01:00:21 X60Trisquel kernel: [    1.603192] Console: switching to colour dummy device 80x25
Jan  1 01:00:21 X60Trisquel kernel: [    1.626656] [drm] Supports vblank timestamp caching Rev 1 (10.10.2010).
Jan  1 01:00:21 X60Trisquel kernel: [    1.626664] [drm] Driver supports precise vblank timestamp query.
Jan  1 01:00:21 X60Trisquel kernel: [    1.626676] i915 0000:00:02.0: Invalid ROM contents
Jan  1 01:00:21 X60Trisquel kernel: [    1.626681] [drm:intel_parse_bios] *ERROR* VBT signature missing
Jan  1 01:00:21 X60Trisquel kernel: [    1.626685] [drm] failed to find VBIOS tables
Jan  1 01:00:21 X60Trisquel kernel: [    1.626721] vgaarb: device changed decodes: PCI:0000:00:02.0,olddecodes=io+mem,decodes=io+mem:owns=io+mem
Jan  1 01:00:21 X60Trisquel kernel: [    1.696892] e1000e 0000:01:00.0: eth0: (PCI Express:2.5GT/s:Width x1) 00:16:41:12:8b:29
Jan  1 01:00:21 X60Trisquel kernel: [    1.696902] e1000e 0000:01:00.0: eth0: Intel(R) PRO/1000 Network Connection
Jan  1 01:00:21 X60Trisquel kernel: [    1.696982] e1000e 0000:01:00.0: eth0: MAC: 2, PHY: 2, PBA No: 005301-003
Jan  1 01:00:21 X60Trisquel kernel: [    1.875525] [drm] initialized overlay support
Jan  1 01:00:21 X60Trisquel kernel: [    1.875556] [drm] capturing error event; look for more information in /debug/dri/0/i915_error_state
Jan  1 01:00:21 X60Trisquel kernel: [    1.876336] render error detected, EIR: 0x00000010
Jan  1 01:00:21 X60Trisquel kernel: [    1.876341] page table error
Jan  1 01:00:21 X60Trisquel kernel: [    1.876344]   PGTBL_ER: 0x00000012
Jan  1 01:00:21 X60Trisquel kernel: [    1.876350] [drm:i915_report_and_clear_eir] *ERROR* EIR stuck: 0x00000010, masking
Jan  1 01:00:21 X60Trisquel kernel: [    1.876361] render error detected, EIR: 0x00000010
Jan  1 01:00:21 X60Trisquel kernel: [    1.876365] page table error
Jan  1 01:00:21 X60Trisquel kernel: [    1.876368]   PGTBL_ER: 0x00000012
Jan  1 01:00:21 X60Trisquel kernel: [    2.004061] usb 5-1: new full-speed USB device number 2 using uhci_hcd
Jan  1 01:00:21 X60Trisquel kernel: [    2.097438] fbcon: inteldrmfb (fb0) is primary device
Jan  1 01:00:21 X60Trisquel kernel: [    2.175114] Console: switching to colour frame buffer device 175x65
Jan  1 01:00:21 X60Trisquel kernel: [    2.181718] fb0: inteldrmfb frame buffer device
Jan  1 01:00:21 X60Trisquel kernel: [    2.181752] drm: registered panic notifier
Jan  1 01:00:21 X60Trisquel kernel: [    2.182937] [drm] Initialized i915 1.6.0 20080730 for 0000:00:02.0 on minor 0
Jan  1 01:00:21 X60Trisquel kernel: [    2.420039] usb 5-2: new full-speed USB device number 3 using uhci_hcd
Jan  1 01:00:21 X60Trisquel kernel: [    2.774369] Btrfs loaded
Jan  1 01:00:21 X60Trisquel kernel: [    2.780814] xor: automatically using best checksumming function: pIII_sse
Jan  1 01:00:21 X60Trisquel kernel: [    2.800017]    pIII_sse  :  7305.000 MB/sec
Jan  1 01:00:21 X60Trisquel kernel: [    2.800047] xor: using function: pIII_sse (7305.000 MB/sec)
Jan  1 01:00:21 X60Trisquel kernel: [    2.800767] device-mapper: dm-raid45: initialized v0.2594b
Jan  1 01:00:21 X60Trisquel kernel: [    2.802567] md: linear personality registered for level -1
Jan  1 01:00:21 X60Trisquel kernel: [    2.804406] md: multipath personality registered for level -4
Jan  1 01:00:21 X60Trisquel kernel: [    2.806182] md: raid0 personality registered for level 0
Jan  1 01:00:21 X60Trisquel kernel: [    2.808268] md: raid1 personality registered for level 1
Jan  1 01:00:21 X60Trisquel kernel: [    2.810069] async_tx: api initialized (async)
Jan  1 01:00:21 X60Trisquel kernel: [    2.876067] raid6: int32x1    750 MB/s
Jan  1 01:00:21 X60Trisquel kernel: [    2.944104] raid6: int32x2    641 MB/s
Jan  1 01:00:21 X60Trisquel kernel: [    3.012084] raid6: int32x4    589 MB/s
Jan  1 01:00:21 X60Trisquel kernel: [    3.080099] raid6: int32x8    670 MB/s
Jan  1 01:00:21 X60Trisquel kernel: [    3.148037] raid6: mmxx1     2613 MB/s
Jan  1 01:00:21 X60Trisquel kernel: [    3.216018] raid6: mmxx2     2855 MB/s
Jan  1 01:00:21 X60Trisquel kernel: [    3.284033] raid6: sse1x1    1574 MB/s
Jan  1 01:00:21 X60Trisquel kernel: [    3.352020] raid6: sse1x2    2166 MB/s
Jan  1 01:00:21 X60Trisquel kernel: [    3.420024] raid6: sse2x1    2869 MB/s
Jan  1 01:00:21 X60Trisquel kernel: [    3.488018] raid6: sse2x2    3812 MB/s
Jan  1 01:00:21 X60Trisquel kernel: [    3.488045] raid6: using algorithm sse2x2 (3812 MB/s)
Jan  1 01:00:21 X60Trisquel kernel: [    3.489021] md: raid6 personality registered for level 6
Jan  1 01:00:21 X60Trisquel kernel: [    3.489061] md: raid5 personality registered for level 5
Jan  1 01:00:21 X60Trisquel kernel: [    3.489098] md: raid4 personality registered for level 4
Jan  1 01:00:21 X60Trisquel kernel: [    3.494894] md: raid10 personality registered for level 10
Jan  1 01:00:21 X60Trisquel kernel: [    9.071462] EXT4-fs (sda1): INFO: recovery required on readonly filesystem
Jan  1 01:00:21 X60Trisquel kernel: [    9.071514] EXT4-fs (sda1): write access will be enabled during recovery
Jan  1 01:00:21 X60Trisquel kernel: [    9.397275] EXT4-fs (sda1): recovery complete
Jan  1 01:00:21 X60Trisquel kernel: [    9.397872] EXT4-fs (sda1): mounted filesystem with ordered data mode. Opts: (null)
Jan  1 01:00:21 X60Trisquel kernel: [   20.812492] EXT4-fs (sda1): re-mounted. Opts: errors=remount-ro
Jan  1 01:00:21 X60Trisquel kernel: [   21.723158] ADDRCONF(NETDEV_UP): eth0: link is not ready
Jan  1 01:00:22 X60Trisquel kernel: [   22.217119] Bluetooth: Core ver 2.16
Jan  1 01:00:22 X60Trisquel kernel: [   22.217143] NET: Registered protocol family 31
Jan  1 01:00:22 X60Trisquel kernel: [   22.217145] Bluetooth: HCI device and connection manager initialized
Jan  1 01:00:22 X60Trisquel kernel: [   22.217148] Bluetooth: HCI socket layer initialized
Jan  1 01:00:22 X60Trisquel kernel: [   22.217150] Bluetooth: L2CAP socket layer initialized
Jan  1 01:00:22 X60Trisquel kernel: [   22.217157] Bluetooth: SCO socket layer initialized
Jan  1 01:00:22 X60Trisquel kernel: [   22.218911] lp: driver loaded but no devices found
Jan  1 01:00:22 X60Trisquel kernel: [   22.270375] ppdev: user-space parallel port driver
Jan  1 01:00:22 X60Trisquel kernel: [   22.285697] Bluetooth: BNEP (Ethernet Emulation) ver 1.3
Jan  1 01:00:22 X60Trisquel kernel: [   22.285701] Bluetooth: BNEP filters: protocol multicast
Jan  1 01:00:22 X60Trisquel kernel: [   22.309953] Bluetooth: RFCOMM TTY layer initialized
Jan  1 01:00:22 X60Trisquel kernel: [   22.309959] Bluetooth: RFCOMM socket layer initialized
Jan  1 01:00:22 X60Trisquel kernel: [   22.309961] Bluetooth: RFCOMM ver 1.11
Jan  1 01:00:22 X60Trisquel kernel: [   22.355490] Bluetooth: Generic Bluetooth USB driver ver 0.6
Jan  1 01:00:22 X60Trisquel kernel: [   22.358365] usbcore: registered new interface driver btusb
Jan  1 01:00:22 X60Trisquel kernel: [   22.410130] Non-volatile memory driver v1.3
Jan  1 01:00:22 X60Trisquel kernel: [   22.504396] intel_rng: FWH not detected
Jan  1 01:00:22 X60Trisquel kernel: [   22.509262] device-mapper: multipath: version 1.3.2 loaded
Jan  1 01:00:22 X60Trisquel kernel: [   22.707977] usbcore: registered new interface driver usbserial
Jan  1 01:00:22 X60Trisquel kernel: [   22.707993] USB Serial support registered for generic
Jan  1 01:00:22 X60Trisquel kernel: [   22.708203] usbcore: registered new interface driver usbserial_generic
Jan  1 01:00:22 X60Trisquel kernel: [   22.708206] usbserial: USB Serial Driver core
Jan  1 01:00:22 X60Trisquel kernel: [   22.712918] USB Serial support registered for Sierra USB modem
Jan  1 01:00:22 X60Trisquel kernel: [   22.712941] sierra 3-1:1.0: Sierra USB modem converter detected
Jan  1 01:00:22 X60Trisquel kernel: [   22.714669] usb 3-1: Sierra USB modem converter now attached to ttyUSB0
Jan  1 01:00:22 X60Trisquel kernel: [   22.714737] usb 3-1: Sierra USB modem converter now attached to ttyUSB1
Jan  1 01:00:22 X60Trisquel kernel: [   22.714799] usb 3-1: Sierra USB modem converter now attached to ttyUSB2
Jan  1 01:00:22 X60Trisquel kernel: [   22.714827] usbcore: registered new interface driver sierra
Jan  1 01:00:22 X60Trisquel kernel: [   22.714830] sierra: v.1.7.16:USB Driver for Sierra Wireless USB modems
Jan  1 01:00:22 X60Trisquel kernel: [   22.715635] leds_ss4200: no LED devices found
Jan  1 01:00:22 X60Trisquel kernel: [   22.756344] cfg80211: Calling CRDA to update world regulatory domain
Jan  1 01:00:22 X60Trisquel kernel: [   22.782934] yenta_cardbus 0000:05:00.0: CardBus bridge found [0000:0000]
Jan  1 01:00:22 X60Trisquel kernel: [   22.782959] yenta_cardbus 0000:05:00.0: Using CSCINT to route CSC interrupts to PCI
Jan  1 01:00:22 X60Trisquel kernel: [   22.782962] yenta_cardbus 0000:05:00.0: Routing CardBus interrupts to PCI
Jan  1 01:00:22 X60Trisquel kernel: [   22.782969] yenta_cardbus 0000:05:00.0: TI: mfunc 0x01d01002, devctl 0x66
Jan  1 01:00:22 X60Trisquel kernel: [   22.904848] cfg80211: World regulatory domain updated:
Jan  1 01:00:22 X60Trisquel kernel: [   22.904852] cfg80211:     (start_freq - end_freq @ bandwidth), (max_antenna_gain, max_eirp)
Jan  1 01:00:22 X60Trisquel kernel: [   22.904855] cfg80211:     (2402000 KHz - 2472000 KHz @ 40000 KHz), (300 mBi, 2000 mBm)
Jan  1 01:00:22 X60Trisquel kernel: [   22.904858] cfg80211:     (2457000 KHz - 2482000 KHz @ 20000 KHz), (300 mBi, 2000 mBm)
Jan  1 01:00:22 X60Trisquel kernel: [   22.904862] cfg80211:     (2474000 KHz - 2494000 KHz @ 20000 KHz), (300 mBi, 2000 mBm)
Jan  1 01:00:22 X60Trisquel kernel: [   22.904864] cfg80211:     (5170000 KHz - 5250000 KHz @ 40000 KHz), (300 mBi, 2000 mBm)
Jan  1 01:00:22 X60Trisquel kernel: [   22.904867] cfg80211:     (5735000 KHz - 5835000 KHz @ 40000 KHz), (300 mBi, 2000 mBm)
Jan  1 01:00:22 X60Trisquel kernel: [   22.926292] iwl3945: Intel(R) PRO/Wireless 3945ABG/BG Network Connection driver for Linux, in-tree:s
Jan  1 01:00:22 X60Trisquel kernel: [   22.926296] iwl3945: Copyright(c) 2003-2011 Intel Corporation
Jan  1 01:00:22 X60Trisquel kernel: [   22.926364] iwl3945 0000:02:00.0: PCI INT A -> GSI 17 (level, low) -> IRQ 17
Jan  1 01:00:22 X60Trisquel kernel: [   22.926396] iwl3945 0000:02:00.0: setting latency timer to 64
Jan  1 01:00:23 X60Trisquel kernel: [   22.993993] iwl3945 0000:02:00.0: Tunable channels: 11 802.11bg, 13 802.11a channels
Jan  1 01:00:23 X60Trisquel kernel: [   22.993998] iwl3945 0000:02:00.0: Detected Intel Wireless WiFi Link 3945ABG
Jan  1 01:00:23 X60Trisquel kernel: [   22.994151] iwl3945 0000:02:00.0: irq 46 for MSI/MSI-X
Jan  1 01:00:23 X60Trisquel kernel: [   23.004162] Registered led device: phy0-led
Jan  1 01:00:23 X60Trisquel kernel: [   23.004232] cfg80211: Ignoring regulatory request Set by core since the driver uses its own custom regulatory domain
Jan  1 01:00:23 X60Trisquel kernel: [   23.016844] yenta_cardbus 0000:05:00.0: ISA IRQ mask 0x0cf8, PCI irq 16
Jan  1 01:00:23 X60Trisquel kernel: [   23.016849] yenta_cardbus 0000:05:00.0: Socket status: 30000007
Jan  1 01:00:23 X60Trisquel kernel: [   23.016854] pci_bus 0000:05: Raising subordinate bus# of parent bus (#05) from #05 to #09
Jan  1 01:00:23 X60Trisquel kernel: [   23.016864] yenta_cardbus 0000:05:00.0: pcmcia: parent PCI bridge window: [io  0x2000-0x3fff]
Jan  1 01:00:23 X60Trisquel kernel: [   23.016868] pcmcia_socket pcmcia_socket0: cs: IO port probe 0x2000-0x3fff: excluding 0x2000-0x20ff 0x2400-0x24ff
Jan  1 01:00:23 X60Trisquel kernel: [   23.045522] yenta_cardbus 0000:05:00.0: pcmcia: parent PCI bridge window: [mem 0xe0000000-0xe20fffff]
Jan  1 01:00:23 X60Trisquel kernel: [   23.045527] pcmcia_socket pcmcia_socket0: cs: memory probe 0xe0000000-0xe20fffff: excluding 0xe1ef0000-0xe20fffff
Jan  1 01:00:23 X60Trisquel kernel: [   23.045542] yenta_cardbus 0000:05:00.0: pcmcia: parent PCI bridge window: [mem 0xe2100000-0xe40fffff 64bit pref]
Jan  1 01:00:23 X60Trisquel kernel: [   23.045546] pcmcia_socket pcmcia_socket0: cs: memory probe 0xe2100000-0xe40fffff: excluding 0xe2100000-0xe40fffff
Jan  1 01:00:23 X60Trisquel kernel: [   23.177380] ieee80211 phy0: Selected rate control algorithm 'iwl-3945-rs'
Jan  1 01:00:23 X60Trisquel kernel: [   23.217008] pcmcia_socket pcmcia_socket0: cs: IO port probe 0x100-0x3af: excluding 0x170-0x177 0x1f0-0x1f7 0x370-0x377
Jan  1 01:00:23 X60Trisquel kernel: [   23.219015] pcmcia_socket pcmcia_socket0: cs: IO port probe 0x3e0-0x4ff: excluding 0x3f0-0x3f7 0x400-0x41f 0x480-0x4bf 0x4d0-0x4d7
Jan  1 01:00:23 X60Trisquel kernel: [   23.219577] pcmcia_socket pcmcia_socket0: cs: IO port probe 0x820-0x8ff: clean.
Jan  1 01:00:23 X60Trisquel kernel: [   23.224420] pcmcia_socket pcmcia_socket0: cs: IO port probe 0xc00-0xcf7: clean.
Jan  1 01:00:23 X60Trisquel kernel: [   23.225172] pcmcia_socket pcmcia_socket0: cs: memory probe 0x0c0000-0x0fffff: excluding 0xf0000-0xfffff
Jan  1 01:00:23 X60Trisquel kernel: [   23.225213] pcmcia_socket pcmcia_socket0: cs: memory probe 0xa0000000-0xa0ffffff: clean.
Jan  1 01:00:23 X60Trisquel kernel: [   23.225259] pcmcia_socket pcmcia_socket0: cs: memory probe 0x60000000-0x60ffffff: clean.
Jan  1 01:00:23 X60Trisquel kernel: [   23.225305] pcmcia_socket pcmcia_socket0: cs: IO port probe 0xa00-0xaff: clean.
Jan  1 01:00:23 X60Trisquel kernel: [   23.281257] type=1400 audit(23.277:2): apparmor="STATUS" operation="profile_load" name="/sbin/dhclient" pid=665 comm="apparmor_parser"
Jan  1 01:00:23 X60Trisquel kernel: [   23.281406] type=1400 audit(23.277:3): apparmor="STATUS" operation="profile_load" name="/usr/lib/NetworkManager/nm-dhcp-client.action" pid=665 comm="apparmor_parser"
Jan  1 01:00:23 X60Trisquel kernel: [   23.281499] type=1400 audit(23.277:4): apparmor="STATUS" operation="profile_load" name="/usr/lib/connman/scripts/dhclient-script" pid=665 comm="apparmor_parser"
Jan  1 01:00:23 X60Trisquel kernel: [   23.395423] type=1400 audit(23.389:5): apparmor="STATUS" operation="profile_replace" name="/sbin/dhclient" pid=746 comm="apparmor_parser"
Jan  1 01:00:23 X60Trisquel kernel: [   23.395575] type=1400 audit(23.389:6): apparmor="STATUS" operation="profile_replace" name="/usr/lib/NetworkManager/nm-dhcp-client.action" pid=746 comm="apparmor_parser"
Jan  1 01:00:23 X60Trisquel kernel: [   23.395673] type=1400 audit(23.389:7): apparmor="STATUS" operation="profile_replace" name="/usr/lib/connman/scripts/dhclient-script" pid=746 comm="apparmor_parser"
Jan  1 01:00:23 X60Trisquel kernel: [   23.456805] psmouse serio1: synaptics: Touchpad model: 1, fw: 6.2, id: 0x81a0b1, caps: 0xa04793/0x300000/0x0
Jan  1 01:00:23 X60Trisquel kernel: [   23.456812] psmouse serio1: synaptics: serio: Synaptics pass-through port at isa0060/serio1/input0
Jan  1 01:00:23 X60Trisquel kernel: [   23.502122] input: SynPS/2 Synaptics TouchPad as /devices/platform/i8042/serio1/input/input5
Jan  1 01:00:23 X60Trisquel kernel: [   23.561248] init: failsafe main process (842) killed by TERM signal
Jan  1 01:00:23 X60Trisquel kernel: [   23.643895] type=1400 audit(23.637:8): apparmor="STATUS" operation="profile_load" name="/usr/lib/cups/backend/cups-pdf" pid=656 comm="apparmor_parser"
Jan  1 01:00:23 X60Trisquel kernel: [   23.644862] type=1400 audit(23.641:9): apparmor="STATUS" operation="profile_load" name="/usr/sbin/cupsd" pid=656 comm="apparmor_parser"
Jan  1 01:00:23 X60Trisquel kernel: [   23.752331] e1000e 0000:01:00.0: irq 45 for MSI/MSI-X
Jan  1 01:00:23 X60Trisquel kernel: [   23.808134] e1000e 0000:01:00.0: irq 45 for MSI/MSI-X
Jan  1 01:00:23 X60Trisquel kernel: [   23.808714] ADDRCONF(NETDEV_UP): eth3: link is not ready
Jan  1 01:00:23 X60Trisquel kernel: [   23.809120] ADDRCONF(NETDEV_UP): eth3: link is not ready
Jan  1 01:00:23 X60Trisquel kernel: [   23.811292] 0000:02:00.0: Missing Free firmware
Jan  1 01:00:23 X60Trisquel kernel: [   23.826370] snd_hda_intel 0000:00:1b.0: PCI INT B -> GSI 17 (level, low) -> IRQ 17
Jan  1 01:00:23 X60Trisquel kernel: [   23.826378] hda_intel: probe_mask set to 0x1 for device 17aa:2010
Jan  1 01:00:23 X60Trisquel kernel: [   23.826446] snd_hda_intel 0000:00:1b.0: irq 47 for MSI/MSI-X
Jan  1 01:00:23 X60Trisquel kernel: [   23.826483] snd_hda_intel 0000:00:1b.0: setting latency timer to 64
Jan  1 01:00:23 X60Trisquel kernel: [   23.829518] iwl3945 0000:02:00.0: /*(DEBLOBBED)*/ firmware file req failed: -22
Jan  1 01:00:23 X60Trisquel kernel: [   23.829575] iwl3945 0000:02:00.0: Could not read microcode: -22
Jan  1 01:00:23 X60Trisquel kernel: [   23.829722] ADDRCONF(NETDEV_UP): wlan8: link is not ready
Jan  1 01:00:23 X60Trisquel kernel: [   23.846753] 0000:02:00.0: Missing Free firmware
Jan  1 01:00:23 X60Trisquel kernel: [   23.848824] iwl3945 0000:02:00.0: /*(DEBLOBBED)*/ firmware file req failed: -22
Jan  1 01:00:23 X60Trisquel kernel: [   23.848879] iwl3945 0000:02:00.0: Could not read microcode: -22
Jan  1 01:00:23 X60Trisquel kernel: [   23.851120] 0000:02:00.0: Missing Free firmware
Jan  1 01:00:23 X60Trisquel kernel: [   23.854519] iwl3945 0000:02:00.0: /*(DEBLOBBED)*/ firmware file req failed: -22
Jan  1 01:00:23 X60Trisquel kernel: [   23.856360] iwl3945 0000:02:00.0: Could not read microcode: -22
Jan  1 01:00:24 X60Trisquel kernel: [   24.022103] type=1400 audit(24.017:10): apparmor="STATUS" operation="profile_replace" name="/sbin/dhclient" pid=826 comm="apparmor_parser"
Jan  1 01:00:24 X60Trisquel kernel: [   24.022254] type=1400 audit(24.017:11): apparmor="STATUS" operation="profile_replace" name="/usr/lib/NetworkManager/nm-dhcp-client.action" pid=826 comm="apparmor_parser"
Jan  1 01:00:24 X60Trisquel kernel: [   24.987006] init: alsa-restore main process (1021) terminated with status 99
Jan  1 01:00:25 X60Trisquel kernel: [   25.154008] [drm:i915_gem_execbuffer2] *ERROR* copy 1 exec entries failed 56
Jan  1 01:00:26 X60Trisquel kernel: [   26.329969] init: plymouth-stop pre-start process (1321) terminated with status 1
Jan  1 01:00:26 X60Trisquel kernel: [   26.528749] psmouse serio2: hgpk: ID: 10 00 64
Jan  1 01:00:30 X60Trisquel kernel: [   30.040699] IBM TrackPoint firmware: 0x0e, buttons: 3/3
Jan  1 01:00:30 X60Trisquel kernel: [   30.275522] input: TPPS/2 IBM TrackPoint as /devices/platform/i8042/serio1/serio2/input/input6
Jan  1 01:00:34 X60Trisquel kernel: [   34.753313] BUG: unable to handle kernel paging request at 30000008
Jan  1 01:00:34 X60Trisquel kernel: [   34.756010] IP: [<c1109503>] handle_pte_fault+0xa3/0x220
Jan  1 01:00:34 X60Trisquel kernel: [   34.756010] *pde = 00000000 
Jan  1 01:00:34 X60Trisquel kernel: [   34.756010] Oops: 0000 [#1] SMP 
Jan  1 01:00:34 X60Trisquel kernel: [   34.756010] Modules linked in: kvm_intel dm_crypt kvm snd_hda_codec_analog snd_hda_intel snd_hda_codec snd_hwdep joydev snd_pcm snd_seq_midi snd_rawmidi snd_seq_midi_event snd_seq pcmcia arc4 snd_timer snd_seq_device iwl3945 iwl_legacy mac80211 snd yenta_socket psmouse cfg80211 pcmcia_rsrc serio_raw pcmcia_core sierra usbserial soundcore mac_hid snd_page_alloc dm_multipath nvram btusb rfcomm bnep parport_pc ppdev bluetooth lp parport raid10 raid456 async_raid6_recov async_pq raid6_pq async_xor async_memcpy async_tx raid1 raid0 multipath linear dm_raid45 xor dm_mirror dm_region_hash dm_log btrfs zlib_deflate libcrc32c i915 drm_kms_helper drm i2c_algo_bit video e1000e
Jan  1 01:00:34 X60Trisquel kernel: [   34.756010] 
Jan  1 01:00:34 X60Trisquel kernel: [   34.756010] Pid: 1345, comm: udevd Not tainted 3.2.0-64-generic #1trisquel1 LENOVO 195143U
Jan  1 01:00:34 X60Trisquel kernel: [   34.756010] EIP: 0060:[<c1109503>] EFLAGS: 00010206 CPU: 0
Jan  1 01:00:34 X60Trisquel kernel: [   34.756010] EIP is at handle_pte_fault+0xa3/0x220
Jan  1 01:00:34 X60Trisquel kernel: [   34.756010] EAX: 30000000 EBX: f2b483c8 ECX: 00ed82f8 EDX: f2b483c8
Jan  1 01:00:34 X60Trisquel kernel: [   34.756010] ESI: 00000000 EDI: 00ed82f8 EBP: f212dde8 ESP: f212ddc4
Jan  1 01:00:34 X60Trisquel kernel: [   34.756010]  DS: 007b ES: 007b FS: 00d8 GS: 00e0 SS: 0068
Jan  1 01:00:34 X60Trisquel kernel: [   34.756010] Process udevd (pid: 1345, ti=f212c000 task=f2bd58d0 task.ti=f212c000)
Jan  1 01:00:34 X60Trisquel kernel: [   34.756010] Stack:
Jan  1 01:00:34 X60Trisquel kernel: [   34.756010]  eaa9eadb f212dde0 c102cf3e fffff000 f257400c f4b8a400 f257400c f4b8a400
Jan  1 01:00:34 X60Trisquel kernel: [   34.756010]  f2b483c8 f212de18 c11097d7 fffbab60 f257400c 00000028 360f3674 00000000
Jan  1 01:00:34 X60Trisquel kernel: [   34.756010]  00ed82f8 0000000c f2b483c8 f212de9c c157ef30 f212de94 c157f088 00000028
Jan  1 01:00:34 X60Trisquel kernel: [   34.756010] Call Trace:
Jan  1 01:00:34 X60Trisquel kernel: [   34.756010]  [<c102cf3e>] ? kmap_atomic_prot+0xde/0x100
Jan  1 01:00:34 X60Trisquel kernel: [   34.756010]  [<c11097d7>] handle_mm_fault+0x157/0x210
Jan  1 01:00:34 X60Trisquel kernel: [   34.756010]  [<c157ef30>] ? vmalloc_fault+0xf4/0xf4
Jan  1 01:00:34 X60Trisquel kernel: [   34.756010]  [<c157f088>] do_page_fault+0x158/0x4b0
Jan  1 01:00:34 X60Trisquel kernel: [   34.756010]  [<c157ef30>] ? vmalloc_fault+0xf4/0xf4
Jan  1 01:00:34 X60Trisquel kernel: [   34.756010]  [<c157c417>] error_code+0x67/0x6c
Jan  1 01:00:34 X60Trisquel kernel: [   34.756010]  [<c157ef30>] ? vmalloc_fault+0xf4/0xf4
Jan  1 01:00:34 X60Trisquel kernel: [   34.756010]  [<c110b7e7>] ? find_vma+0x37/0x60
Jan  1 01:00:34 X60Trisquel kernel: [   34.756010]  [<c157f04b>] do_page_fault+0x11b/0x4b0
Jan  1 01:00:34 X60Trisquel kernel: [   34.756010]  [<c157ef30>] ? vmalloc_fault+0xf4/0xf4
Jan  1 01:00:34 X60Trisquel kernel: [   34.756010]  [<c157c417>] error_code+0x67/0x6c
Jan  1 01:00:34 X60Trisquel kernel: [   34.756010]  [<c10300d8>] ? xo1_sci_intr+0xc8/0x100
Jan  1 01:00:34 X60Trisquel kernel: [   34.756010]  [<c12a8f45>] ? __put_user_4+0x11/0x18
Jan  1 01:00:34 X60Trisquel kernel: [   34.756010]  [<c1045776>] ? schedule_tail+0x56/0xa0
Jan  1 01:00:34 X60Trisquel kernel: [   34.756010]  [<c1582cc6>] ret_from_fork+0x6/0x1c
Jan  1 01:00:34 X60Trisquel kernel: [   34.756010]  [<c1580000>] ? kprobe_optimizer+0xc0/0xd0
Jan  1 01:00:34 X60Trisquel kernel: [   34.756010] Code: 01 f0 89 44 24 04 8b 45 f0 89 14 24 89 da e8 d5 c8 ff ff 8b 5d f4 8b 75 f8 8b 7d fc 89 ec 5d c3 8b 42 44 85 c0 0f 84 35 01 00 00 <8b> 48 08 85 c9 0f 84 2a 01 00 00 8b 45 08 89 fe 81 e6 00 f0 ff 
